Archive member included because of file (symbol)

lib/libstm32.a(stm32f10x_flash.o)
                              main.o (FLASH_SetLatency)
lib/libstm32.a(stm32f10x_iwdg.o)
                              main.o (IWDG_WriteAccessCmd)
lib/libstm32.a(stm32f10x_gpio.o)
                              main.o (GPIO_Init)
lib/libstm32.a(stm32f10x_nvic.o)
                              main.o (NVIC_PriorityGroupConfig)
lib/libstm32.a(stm32f10x_rcc.o)
                              main.o (RCC_DeInit)
lib/libstm32.a(stm32f10x_tim.o)
                              main.o (TIM_TimeBaseInit)
lib/libstm32.a(stm32f10x_systick.o)
                              main.o (SysTick_SetReload)
lib/libstm32.a(stm32f10x_usart.o)
                              main.o (USART_DeInit)
lib/libstm32.a(cortexm3_macro.o)
                              lib/libstm32.a(stm32f10x_nvic.o) (__DSB)
lib/libstm32.a(stm32f10x_vector.o)
                              (Reset_Handler)
lib/libstm32.a(usb_init.o)    main.o (USB_Init)
lib/libstm32.a(usb_core.o)    usb_prop.o (Standard_GetDescriptorData)
lib/libstm32.a(usb_mem.o)     USBInit.o (UserToPMABufferCopy)
lib/libstm32.a(usb_regs.o)    usb_prop.o (SetBTABLE)
lib/libstm32.a(usb_sil.o)     usb_prop.o (USB_SIL_Init)
lib/libstm32.a(usb_int.o)     usb_istr.o (CTR_LP)
/Users/Baram/gcc-arm-none-eabi/bin/../lib/gcc/arm-none-eabi/4.9.3/../../../../arm-none-eabi/lib/libc.a(lib_a-exit.o)
                              /Users/Baram/gcc-arm-none-eabi/bin/../lib/gcc/arm-none-eabi/4.9.3/../../../../arm-none-eabi/lib/crt0.o (exit)
/Users/Baram/gcc-arm-none-eabi/bin/../lib/gcc/arm-none-eabi/4.9.3/../../../../arm-none-eabi/lib/libc.a(lib_a-impure.o)
                              /Users/Baram/gcc-arm-none-eabi/bin/../lib/gcc/arm-none-eabi/4.9.3/../../../../arm-none-eabi/lib/libc.a(lib_a-exit.o) (_global_impure_ptr)
/Users/Baram/gcc-arm-none-eabi/bin/../lib/gcc/arm-none-eabi/4.9.3/../../../../arm-none-eabi/lib/libc.a(lib_a-init.o)
                              /Users/Baram/gcc-arm-none-eabi/bin/../lib/gcc/arm-none-eabi/4.9.3/../../../../arm-none-eabi/lib/crt0.o (__libc_init_array)
/Users/Baram/gcc-arm-none-eabi/bin/../lib/gcc/arm-none-eabi/4.9.3/../../../../arm-none-eabi/lib/libc.a(lib_a-memset.o)
                              /Users/Baram/gcc-arm-none-eabi/bin/../lib/gcc/arm-none-eabi/4.9.3/../../../../arm-none-eabi/lib/crt0.o (memset)
/Users/Baram/gcc-arm-none-eabi/bin/../lib/gcc/arm-none-eabi/4.9.3/../../../../arm-none-eabi/lib/libc.a(lib_a-__call_atexit.o)
                              /Users/Baram/gcc-arm-none-eabi/bin/../lib/gcc/arm-none-eabi/4.9.3/../../../../arm-none-eabi/lib/libc.a(lib_a-exit.o) (__call_exitprocs)
/Users/Baram/gcc-arm-none-eabi/bin/../lib/gcc/arm-none-eabi/4.9.3/../../../../arm-none-eabi/lib/libc.a(lib_a-atexit.o)
                              /Users/Baram/gcc-arm-none-eabi/bin/../lib/gcc/arm-none-eabi/4.9.3/../../../../arm-none-eabi/lib/libc.a(lib_a-__call_atexit.o) (atexit)
/Users/Baram/gcc-arm-none-eabi/bin/../lib/gcc/arm-none-eabi/4.9.3/../../../../arm-none-eabi/lib/libc.a(lib_a-fini.o)
                              /Users/Baram/gcc-arm-none-eabi/bin/../lib/gcc/arm-none-eabi/4.9.3/../../../../arm-none-eabi/lib/libc.a(lib_a-__call_atexit.o) (__libc_fini_array)
/Users/Baram/gcc-arm-none-eabi/bin/../lib/gcc/arm-none-eabi/4.9.3/../../../../arm-none-eabi/lib/libc.a(lib_a-__atexit.o)
                              /Users/Baram/gcc-arm-none-eabi/bin/../lib/gcc/arm-none-eabi/4.9.3/../../../../arm-none-eabi/lib/libc.a(lib_a-atexit.o) (__register_exitproc)

Allocating common symbols
Common symbol       size              file

SaveRState          0x2               lib/libstm32.a(usb_int.o)
HSEStartUpStatus    0x1               main.o
gbDXLReadPointer    0x1               main.o
SaveState           0x2               lib/libstm32.a(usb_init.o)
wIstr               0x2               usb_istr.o
pProperty           0x4               lib/libstm32.a(usb_init.o)
EPindex             0x1               lib/libstm32.a(usb_init.o)
TimingDelay         0x4               main.o
SaveTState          0x2               lib/libstm32.a(usb_int.o)
Device_Info         0x1c              lib/libstm32.a(usb_init.o)
pUser_Standard_Requests
                    0x4               lib/libstm32.a(usb_init.o)
gwUSARTWritePtr     0x2               main.o
USB_Rx_Buffer       0x40              usb_endp.o
StatusInfo          0x2               lib/libstm32.a(usb_core.o)
pInformation        0x4               lib/libstm32.a(usb_init.o)
gbpRxBuffer         0x51              main.o
gwUSARTReadPtr      0x2               main.o
USART_InitStructure
                    0x10              main.o
gwpUSARTBuffer      0x400             main.o
gbpDXLDataBuffer    0x100             main.o
gbDXLWritePointer   0x1               main.o
wInterrupt_Mask     0x2               lib/libstm32.a(usb_init.o)

Discarded input sections

 .text          0x0000000000000000        0x0 /Users/Baram/gcc-arm-none-eabi/bin/../lib/gcc/arm-none-eabi/4.9.3/crti.o
[...]
Memory Configuration

Name             Origin             Length             Attributes
RAM              0x0000000020000000 0x0000000000005000 xrw
FLASH            0x0000000008000000 0x0000000000010000 xr
FLASHB1          0x0000000000000000 0x0000000000000000 xr
EXTMEMB0         0x0000000000000000 0x0000000000000000 xr
EXTMEMB1         0x0000000000000000 0x0000000000000000 xr
EXTMEMB2         0x0000000000000000 0x0000000000000000 xr
EXTMEMB3         0x0000000000000000 0x0000000000000000 xr
*default*        0x0000000000000000 0xffffffffffffffff

Linker script and memory map

LOAD /Users/Baram/gcc-arm-none-eabi/bin/../lib/gcc/arm-none-eabi/4.9.3/crti.o
LOAD /Users/Baram/gcc-arm-none-eabi/bin/../lib/gcc/arm-none-eabi/4.9.3/crtbegin.o
LOAD /Users/Baram/gcc-arm-none-eabi/bin/../lib/gcc/arm-none-eabi/4.9.3/../../../../arm-none-eabi/lib/crt0.o
LOAD main.o
LOAD stm32f10x_it.o
LOAD usb_desc.o
LOAD usb_endp.o
LOAD usb_istr.o
LOAD usb_prop.o
LOAD USBInit.o
LOAD lib/libstm32.a
START GROUP
LOAD /Users/Baram/gcc-arm-none-eabi/bin/../lib/gcc/arm-none-eabi/4.9.3/libgcc.a
LOAD /Users/Baram/gcc-arm-none-eabi/bin/../lib/gcc/arm-none-eabi/4.9.3/../../../../arm-none-eabi/lib/libc.a
END GROUP
LOAD /Users/Baram/gcc-arm-none-eabi/bin/../lib/gcc/arm-none-eabi/4.9.3/crtend.o
LOAD /Users/Baram/gcc-arm-none-eabi/bin/../lib/gcc/arm-none-eabi/4.9.3/crtn.o
                0x0000000000000400                __Stack_Size = 0x400
                0x0000000000000400                PROVIDE (_Stack_Size, __Stack_Size)
                0x0000000020004c00                __Stack_Init = (_estack - __Stack_Size)
                0x0000000020004c00                PROVIDE (_Stack_Init, __Stack_Init)
                0x0000000000000100                _Minimum_Stack_Size = 0x100
                0x0000000000000000                PROVIDE (Undefined_Handler, 0x0)
                0x0000000000000000                PROVIDE (SWI_Handler, 0x0)
                0x0000000000000000                PROVIDE (IRQ_Handler, 0x0)
                0x0000000000000000                PROVIDE (Prefetch_Handler, 0x0)
                0x0000000000000000                PROVIDE (Abort_Handler, 0x0)
                0x0000000000000000                PROVIDE (FIQ_Handler, 0x0)
                0x0000000000000000                PROVIDE (NMIException, 0x0)
                0x0000000000000000                PROVIDE (HardFaultException, 0x0)
                0x0000000000000000                PROVIDE (MemManageException, 0x0)
                0x0000000000000000                PROVIDE (BusFaultException, 0x0)
                0x0000000000000000                PROVIDE (UsageFaultException, 0x0)
                0x0000000000000000                PROVIDE (SVCHandler, 0x0)
                0x0000000000000000                PROVIDE (DebugMonitor, 0x0)
                0x0000000000000000                PROVIDE (PendSVC, 0x0)
                0x0000000000000000                PROVIDE (SysTickHandler, 0x0)
                0x0000000000000000                PROVIDE (WWDG_IRQHandler, 0x0)
                0x0000000000000000                PROVIDE (PVD_IRQHandler, 0x0)
                0x0000000000000000                PROVIDE (TAMPER_IRQHandler, 0x0)
                0x0000000000000000                PROVIDE (RTC_IRQHandler, 0x0)
                0x0000000000000000                PROVIDE (FLASH_IRQHandler, 0x0)
                0x0000000000000000                PROVIDE (RCC_IRQHandler, 0x0)
                0x0000000000000000                PROVIDE (EXTI0_IRQHandler, 0x0)
                0x0000000000000000                PROVIDE (EXTI1_IRQHandler, 0x0)
                0x0000000000000000                PROVIDE (EXTI2_IRQHandler, 0x0)
                0x0000000000000000                PROVIDE (EXTI3_IRQHandler, 0x0)
                0x0000000000000000                PROVIDE (EXTI4_IRQHandler, 0x0)
                0x0000000000000000                PROVIDE (DMAChannel1_IRQHandler, 0x0)
                0x0000000000000000                PROVIDE (DMAChannel2_IRQHandler, 0x0)
                0x0000000000000000                PROVIDE (DMAChannel3_IRQHandler, 0x0)
                0x0000000000000000                PROVIDE (DMAChannel4_IRQHandler, 0x0)
                0x0000000000000000                PROVIDE (DMAChannel5_IRQHandler, 0x0)
                0x0000000000000000                PROVIDE (DMAChannel6_IRQHandler, 0x0)
                0x0000000000000000                PROVIDE (DMAChannel7_IRQHandler, 0x0)
                0x0000000000000000                PROVIDE (ADC_IRQHandler, 0x0)
                0x0000000000000000                PROVIDE (USB_HP_CAN_TX_IRQHandler, 0x0)
                0x0000000000000000                PROVIDE (USB_LP_CAN_RX0_IRQHandler, 0x0)
                0x0000000000000000                PROVIDE (CAN_RX1_IRQHandler, 0x0)
                0x0000000000000000                PROVIDE (CAN_SCE_IRQHandler, 0x0)
                0x0000000000000000                PROVIDE (EXTI9_5_IRQHandler, 0x0)
                0x0000000000000000                PROVIDE (TIM1_BRK_IRQHandler, 0x0)
                0x0000000000000000                PROVIDE (TIM1_UP_IRQHandler, 0x0)
                0x0000000000000000                PROVIDE (TIM1_TRG_COM_IRQHandler, 0x0)
                0x0000000000000000                PROVIDE (TIM1_CC_IRQHandler, 0x0)
                0x0000000000000000                PROVIDE (TIM2_IRQHandler, 0x0)
                0x0000000000000000                PROVIDE (TIM3_IRQHandler, 0x0)
                0x0000000000000000                PROVIDE (TIM4_IRQHandler, 0x0)
                0x0000000000000000                PROVIDE (I2C1_EV_IRQHandler, 0x0)
                0x0000000000000000                PROVIDE (I2C1_ER_IRQHandler, 0x0)
                0x0000000000000000                PROVIDE (I2C2_EV_IRQHandler, 0x0)
                0x0000000000000000                PROVIDE (I2C2_ER_IRQHandler, 0x0)
                0x0000000000000000                PROVIDE (SPI1_IRQHandler, 0x0)
                0x0000000000000000                PROVIDE (SPI2_IRQHandler, 0x0)
                0x0000000000000000                PROVIDE (USART1_IRQHandler, 0x0)
                0x0000000000000000                PROVIDE (USART2_IRQHandler, 0x0)
                0x0000000000000000                PROVIDE (USART3_IRQHandler, 0x0)
                0x0000000000000000                PROVIDE (EXTI15_10_IRQHandler, 0x0)
                0x0000000000000000                PROVIDE (RTCAlarm_IRQHandler, 0x0)
                0x0000000000000000                PROVIDE (USBWakeUp_IRQHandler, 0x0)
                0x0000000042000000                PERIPH_BB_BASE = 0x42000000
                0x0000000022000000                SRAM_BB_BASE = 0x22000000
                0x0000000020000000                SRAM_BASE = 0x20000000
                0x0000000040000000                PERIPH_BASE = 0x40000000
                0x0000000040022000                PROVIDE (FLASH_BASE, 0x40022000)
                0x000000001ffff800                PROVIDE (OB_BASE, 0x1ffff800)
                0x0000000040000000                APB1PERIPH_BASE = PERIPH_BASE
                0x0000000040010000                APB2PERIPH_BASE = (PERIPH_BASE + 0x10000)
                0x0000000040020000                AHBPERIPH_BASE = (PERIPH_BASE + 0x20000)
                0x0000000040000000                PROVIDE (TIM2, (APB1PERIPH_BASE + 0x0))
                0x0000000040000400                PROVIDE (TIM3, (APB1PERIPH_BASE + 0x400))
                0x0000000040000800                PROVIDE (TIM4, (APB1PERIPH_BASE + 0x800))
                0x0000000040002800                PROVIDE (RTC, (APB1PERIPH_BASE + 0x2800))
                0x0000000040002c00                PROVIDE (WWDG, (APB1PERIPH_BASE + 0x2c00))
                0x0000000040003000                PROVIDE (IWDG, (APB1PERIPH_BASE + 0x3000))
                0x0000000040003800                PROVIDE (SPI2, (APB1PERIPH_BASE + 0x3800))
                0x0000000040004400                PROVIDE (USART2, (APB1PERIPH_BASE + 0x4400))
                0x0000000040004800                PROVIDE (USART3, (APB1PERIPH_BASE + 0x4800))
                0x0000000040005400                PROVIDE (I2C1, (APB1PERIPH_BASE + 0x5400))
                0x0000000040005800                PROVIDE (I2C2, (APB1PERIPH_BASE + 0x5800))
                0x0000000040006400                PROVIDE (CAN, (APB1PERIPH_BASE + 0x6400))
                0x0000000040006c00                PROVIDE (BKP, (APB1PERIPH_BASE + 0x6c00))
                0x0000000040007000                PROVIDE (PWR, (APB1PERIPH_BASE + 0x7000))
                0x0000000040010000                PROVIDE (AFIO, (APB2PERIPH_BASE + 0x0))
                0x0000000040010400                PROVIDE (EXTI, (APB2PERIPH_BASE + 0x400))
                0x0000000040010800                PROVIDE (GPIOA, (APB2PERIPH_BASE + 0x800))
                0x0000000040010c00                PROVIDE (GPIOB, (APB2PERIPH_BASE + 0xc00))
                0x0000000040011000                PROVIDE (GPIOC, (APB2PERIPH_BASE + 0x1000))
                0x0000000040011400                PROVIDE (GPIOD, (APB2PERIPH_BASE + 0x1400))
                0x0000000040011800                PROVIDE (GPIOE, (APB2PERIPH_BASE + 0x1800))
                0x0000000040012400                PROVIDE (ADC1, (APB2PERIPH_BASE + 0x2400))
                0x0000000040012800                PROVIDE (ADC2, (APB2PERIPH_BASE + 0x2800))
                0x0000000040012c00                PROVIDE (TIM1, (APB2PERIPH_BASE + 0x2c00))
                0x0000000040013000                PROVIDE (SPI1, (APB2PERIPH_BASE + 0x3000))
                0x0000000040013800                PROVIDE (USART1, (APB2PERIPH_BASE + 0x3800))
                0x0000000040020000                PROVIDE (DMA, (AHBPERIPH_BASE + 0x0))
                0x0000000040020008                PROVIDE (DMA_Channel1, (AHBPERIPH_BASE + 0x8))
                0x000000004002001c                PROVIDE (DMA_Channel2, (AHBPERIPH_BASE + 0x1c))
                0x0000000040020030                PROVIDE (DMA_Channel3, (AHBPERIPH_BASE + 0x30))
                0x0000000040020044                PROVIDE (DMA_Channel4, (AHBPERIPH_BASE + 0x44))
                0x0000000040020058                PROVIDE (DMA_Channel5, (AHBPERIPH_BASE + 0x58))
                0x000000004002006c                PROVIDE (DMA_Channel6, (AHBPERIPH_BASE + 0x6c))
                0x0000000040020080                PROVIDE (DMA_Channel7, (AHBPERIPH_BASE + 0x80))
                0x0000000040021000                PROVIDE (RCC, (AHBPERIPH_BASE + 0x1000))
                0x00000000e000e000                SCS_BASE = 0xe000e000
                0x00000000e000e010                PROVIDE (SysTick, (SCS_BASE + 0x10))
                0x00000000e000e100                PROVIDE (NVIC, (SCS_BASE + 0x100))
                0x00000000e000ed00                PROVIDE (SCB, (SCS_BASE + 0xd00))
                0x0000000020005000                _estack = 0x20005000

.isr_vector     0x0000000008000000      0x134
                0x0000000008000000                . = ALIGN (0x4)
 *(.isr_vector)
 .isr_vector    0x0000000008000000      0x134 lib/libstm32.a(stm32f10x_vector.o)
                0x0000000008000000                g_pfnVectors
                0x0000000008000134                . = ALIGN (0x4)

.flashtext      0x0000000008000134        0x0
                0x0000000008000134                . = ALIGN (0x4)
 *(.flashtext)
                0x0000000008000134                . = ALIGN (0x4)

.text           0x0000000008000134     0x26ac
                0x0000000008000134                . = ALIGN (0x4)
 *(.text)
 .text          0x0000000008000134       0x6e lib/libstm32.a(cortexm3_macro.o)
                0x0000000008000134                __WFI
                0x0000000008000138                __WFE
                0x000000000800013c                __SEV
                0x0000000008000140                __ISB
                0x0000000008000146                __DSB
                0x000000000800014c                __DMB
                0x0000000008000152                __SVC
                0x0000000008000156                __MRS_CONTROL
                0x000000000800015c                __MSR_CONTROL
                0x0000000008000166                __MRS_PSP
                0x000000000800016c                __MSR_PSP
                0x0000000008000172                __MRS_MSP
                0x0000000008000178                __MSR_MSP
                0x000000000800017e                __SETPRIMASK
                0x0000000008000182                __RESETPRIMASK
                0x0000000008000186                __SETFAULTMASK
                0x000000000800018a                __RESETFAULTMASK
                0x000000000800018e                __BASEPRICONFIG
                0x0000000008000194                __GetBASEPRI
                0x000000000800019a                __REV_HalfWord
                0x000000000800019e                __REV_Word
 *(.text.*)
 *fill*         0x00000000080001a2        0x2 
 .text.ClearTimeOutBuffer
                0x00000000080001a4        0xc main.o
                0x00000000080001a4                ClearTimeOutBuffer
 .text.CheckTimeOut
                0x00000000080001b0       0x14 main.o
                0x00000000080001b0                CheckTimeOut
 .text.Interrupt1ms
                0x00000000080001c4       0x14 main.o
                0x00000000080001c4                Interrupt1ms
 .text.Timer_Configuration
                0x00000000080001d8       0x4e main.o
                0x00000000080001d8                Timer_Configuration
 *fill*         0x0000000008000226        0x2 
 .text.TxDByte  0x0000000008000228       0x28 main.o
                0x0000000008000228                TxDByte
 .text.TxDString
                0x0000000008000250       0x12 main.o
                0x0000000008000250                TxDString
 .text.TxDHex8  0x0000000008000262       0x34 main.o
                0x0000000008000262                TxDHex8
 .text.TxDHex16
                0x0000000008000296       0x14 main.o
                0x0000000008000296                TxDHex16
 .text.TxDHex32
                0x00000000080002aa       0x14 main.o
                0x00000000080002aa                TxDHex32
 .text.USB_TxDString
                0x00000000080002be       0x12 main.o
                0x00000000080002be                USB_TxDString
 .text.Delay    0x00000000080002d0       0x2c main.o
                0x00000000080002d0                Delay
 .text.StringCompare
                0x00000000080002fc       0x2e main.o
                0x00000000080002fc                StringCompare
 .text.StringCopy
                0x000000000800032a       0x24 main.o
                0x000000000800032a                StringCopy
 *fill*         0x000000000800034e        0x2 
 .text.USART_Configuration
                0x0000000008000350       0xb8 main.o
                0x0000000008000350                USART_Configuration
 .text.SerialMonitor
                0x0000000008000408      0x3f4 main.o
                0x0000000008000408                SerialMonitor
 .text.RCC_Configuration
                0x00000000080007fc       0x8c main.o
                0x00000000080007fc                RCC_Configuration
 .text.GPIO_Configuration
                0x0000000008000888      0x124 main.o
                0x0000000008000888                GPIO_Configuration
 .text.NVIC_Configuration
                0x00000000080009ac       0x7c main.o
                0x00000000080009ac                NVIC_Configuration
 .text.startup.main
                0x0000000008000a28       0xb4 main.o
                0x0000000008000a28                main
 .text.NMIException
                0x0000000008000adc        0x2 stm32f10x_it.o
                0x0000000008000adc                NMIException
 .text.HardFaultException
                0x0000000008000ade        0x2 stm32f10x_it.o
                0x0000000008000ade                HardFaultException
 .text.MemManageException
                0x0000000008000ae0        0x2 stm32f10x_it.o
                0x0000000008000ae0                MemManageException
 .text.BusFaultException
                0x0000000008000ae2        0x2 stm32f10x_it.o
                0x0000000008000ae2                BusFaultException
 .text.UsageFaultException
                0x0000000008000ae4        0x2 stm32f10x_it.o
                0x0000000008000ae4                UsageFaultException
 .text.DebugMonitor
                0x0000000008000ae6        0x2 stm32f10x_it.o
                0x0000000008000ae6                DebugMonitor
 .text.SVCHandler
                0x0000000008000ae8        0x2 stm32f10x_it.o
                0x0000000008000ae8                SVCHandler
 .text.PendSVC  0x0000000008000aea        0x2 stm32f10x_it.o
                0x0000000008000aea                PendSVC
 .text.SysTickHandler
                0x0000000008000aec       0x14 stm32f10x_it.o
                0x0000000008000aec                SysTickHandler
 .text.WWDG_IRQHandler
                0x0000000008000b00        0x2 stm32f10x_it.o
                0x0000000008000b00                WWDG_IRQHandler
 .text.PVD_IRQHandler
                0x0000000008000b02        0x2 stm32f10x_it.o
                0x0000000008000b02                PVD_IRQHandler
 .text.TAMPER_IRQHandler
                0x0000000008000b04        0x2 stm32f10x_it.o
                0x0000000008000b04                TAMPER_IRQHandler
 .text.RTC_IRQHandler
                0x0000000008000b06        0x2 stm32f10x_it.o
                0x0000000008000b06                RTC_IRQHandler
 .text.FLASH_IRQHandler
                0x0000000008000b08        0x2 stm32f10x_it.o
                0x0000000008000b08                FLASH_IRQHandler
 .text.RCC_IRQHandler
                0x0000000008000b0a        0x2 stm32f10x_it.o
                0x0000000008000b0a                RCC_IRQHandler
 .text.EXTI0_IRQHandler
                0x0000000008000b0c        0x2 stm32f10x_it.o
                0x0000000008000b0c                EXTI0_IRQHandler
 .text.EXTI1_IRQHandler
                0x0000000008000b0e        0x2 stm32f10x_it.o
                0x0000000008000b0e                EXTI1_IRQHandler
 .text.EXTI2_IRQHandler
                0x0000000008000b10        0x2 stm32f10x_it.o
                0x0000000008000b10                EXTI2_IRQHandler
 .text.EXTI3_IRQHandler
                0x0000000008000b12        0x2 stm32f10x_it.o
                0x0000000008000b12                EXTI3_IRQHandler
 .text.EXTI4_IRQHandler
                0x0000000008000b14        0x2 stm32f10x_it.o
                0x0000000008000b14                EXTI4_IRQHandler
 .text.ADC1_2_IRQHandler
                0x0000000008000b16        0x2 stm32f10x_it.o
                0x0000000008000b16                ADC1_2_IRQHandler
 .text.USB_HP_CAN_TX_IRQHandler
                0x0000000008000b18        0x2 stm32f10x_it.o
                0x0000000008000b18                USB_HP_CAN_TX_IRQHandler
 .text.USB_LP_CAN_RX0_IRQHandler
                0x0000000008000b1a        0x4 stm32f10x_it.o
                0x0000000008000b1a                USB_LP_CAN_RX0_IRQHandler
 .text.CAN_RX1_IRQHandler
                0x0000000008000b1e        0x2 stm32f10x_it.o
                0x0000000008000b1e                CAN_RX1_IRQHandler
 .text.CAN_SCE_IRQHandler
                0x0000000008000b20        0x2 stm32f10x_it.o
                0x0000000008000b20                CAN_SCE_IRQHandler
 .text.EXTI9_5_IRQHandler
                0x0000000008000b22        0x2 stm32f10x_it.o
                0x0000000008000b22                EXTI9_5_IRQHandler
 .text.TIM1_BRK_IRQHandler
                0x0000000008000b24        0x2 stm32f10x_it.o
                0x0000000008000b24                TIM1_BRK_IRQHandler
 .text.TIM1_UP_IRQHandler
                0x0000000008000b26        0x2 stm32f10x_it.o
                0x0000000008000b26                TIM1_UP_IRQHandler
 .text.TIM1_TRG_COM_IRQHandler
                0x0000000008000b28        0x2 stm32f10x_it.o
                0x0000000008000b28                TIM1_TRG_COM_IRQHandler
 .text.TIM1_CC_IRQHandler
                0x0000000008000b2a        0x2 stm32f10x_it.o
                0x0000000008000b2a                TIM1_CC_IRQHandler
 .text.TIM2_IRQHandler
                0x0000000008000b2c       0x14 stm32f10x_it.o
                0x0000000008000b2c                TIM2_IRQHandler
 .text.TIM3_IRQHandler
                0x0000000008000b40        0x2 stm32f10x_it.o
                0x0000000008000b40                TIM3_IRQHandler
 .text.TIM4_IRQHandler
                0x0000000008000b42        0x2 stm32f10x_it.o
                0x0000000008000b42                TIM4_IRQHandler
 .text.I2C1_EV_IRQHandler
                0x0000000008000b44        0x2 stm32f10x_it.o
                0x0000000008000b44                I2C1_EV_IRQHandler
 .text.I2C1_ER_IRQHandler
                0x0000000008000b46        0x2 stm32f10x_it.o
                0x0000000008000b46                I2C1_ER_IRQHandler
 .text.I2C2_EV_IRQHandler
                0x0000000008000b48        0x2 stm32f10x_it.o
                0x0000000008000b48                I2C2_EV_IRQHandler
 .text.I2C2_ER_IRQHandler
                0x0000000008000b4a        0x2 stm32f10x_it.o
                0x0000000008000b4a                I2C2_ER_IRQHandler
 .text.SPI1_IRQHandler
                0x0000000008000b4c        0x2 stm32f10x_it.o
                0x0000000008000b4c                SPI1_IRQHandler
 .text.SPI2_IRQHandler
                0x0000000008000b4e        0x2 stm32f10x_it.o
                0x0000000008000b4e                SPI2_IRQHandler
 .text.USART1_IRQHandler
                0x0000000008000b50       0x34 stm32f10x_it.o
                0x0000000008000b50                USART1_IRQHandler
 .text.USART2_IRQHandler
                0x0000000008000b84       0x3c stm32f10x_it.o
                0x0000000008000b84                USART2_IRQHandler
 .text.USART3_IRQHandler
                0x0000000008000bc0        0x2 stm32f10x_it.o
                0x0000000008000bc0                USART3_IRQHandler
 .text.EXTI15_10_IRQHandler
                0x0000000008000bc2        0x2 stm32f10x_it.o
                0x0000000008000bc2                EXTI15_10_IRQHandler
 .text.RTCAlarm_IRQHandler
                0x0000000008000bc4        0x2 stm32f10x_it.o
                0x0000000008000bc4                RTCAlarm_IRQHandler
 .text.USBWakeUp_IRQHandler
                0x0000000008000bc6        0x2 stm32f10x_it.o
                0x0000000008000bc6                USBWakeUp_IRQHandler
 .text.TIM8_BRK_IRQHandler
                0x0000000008000bc8        0x2 stm32f10x_it.o
                0x0000000008000bc8                TIM8_BRK_IRQHandler
 .text.TIM8_UP_IRQHandler
                0x0000000008000bca        0x2 stm32f10x_it.o
                0x0000000008000bca                TIM8_UP_IRQHandler
 .text.TIM8_TRG_COM_IRQHandler
                0x0000000008000bcc        0x2 stm32f10x_it.o
                0x0000000008000bcc                TIM8_TRG_COM_IRQHandler
 .text.TIM8_CC_IRQHandler
                0x0000000008000bce        0x2 stm32f10x_it.o
                0x0000000008000bce                TIM8_CC_IRQHandler
 .text.ADC3_IRQHandler
                0x0000000008000bd0        0x2 stm32f10x_it.o
                0x0000000008000bd0                ADC3_IRQHandler
 .text.FSMC_IRQHandler
                0x0000000008000bd2        0x2 stm32f10x_it.o
                0x0000000008000bd2                FSMC_IRQHandler
 .text.SDIO_IRQHandler
                0x0000000008000bd4        0x2 stm32f10x_it.o
                0x0000000008000bd4                SDIO_IRQHandler
 .text.TIM5_IRQHandler
                0x0000000008000bd6        0x2 stm32f10x_it.o
                0x0000000008000bd6                TIM5_IRQHandler
 .text.SPI3_IRQHandler
                0x0000000008000bd8        0x2 stm32f10x_it.o
                0x0000000008000bd8                SPI3_IRQHandler
 .text.UART4_IRQHandler
                0x0000000008000bda        0x2 stm32f10x_it.o
                0x0000000008000bda                UART4_IRQHandler
 .text.UART5_IRQHandler
                0x0000000008000bdc        0x2 stm32f10x_it.o
                0x0000000008000bdc                UART5_IRQHandler
 .text.TIM6_IRQHandler
                0x0000000008000bde        0x2 stm32f10x_it.o
                0x0000000008000bde                TIM6_IRQHandler
 .text.TIM7_IRQHandler
                0x0000000008000be0        0x2 stm32f10x_it.o
                0x0000000008000be0                TIM7_IRQHandler
 .text.DMA2_Channel1_IRQHandler
                0x0000000008000be2        0x2 stm32f10x_it.o
                0x0000000008000be2                DMA2_Channel1_IRQHandler
 .text.DMA2_Channel2_IRQHandler
                0x0000000008000be4        0x2 stm32f10x_it.o
                0x0000000008000be4                DMA2_Channel2_IRQHandler
 .text.DMA2_Channel3_IRQHandler
                0x0000000008000be6        0x2 stm32f10x_it.o
                0x0000000008000be6                DMA2_Channel3_IRQHandler
 .text.DMA2_Channel4_5_IRQHandler
                0x0000000008000be8        0x2 stm32f10x_it.o
                0x0000000008000be8                DMA2_Channel4_5_IRQHandler
 *fill*         0x0000000008000bea        0x2 
 .text.EP1_IN_Callback
                0x0000000008000bec        0xc usb_endp.o
                0x0000000008000bec                EP1_IN_Callback
 .text.WriteFlash64
                0x0000000008000bf8      0x104 usb_endp.o
                0x0000000008000bf8                WriteFlash64
 .text.EP3_OUT_Callback
                0x0000000008000cfc       0x5c usb_endp.o
                0x0000000008000cfc                EP3_OUT_Callback
 .text.__USBCDC_ISR
                0x0000000008000d58       0x6c usb_istr.o
                0x0000000008000d58                __USBCDC_ISR
 .text.Virtual_Com_Port_SetConfiguration
                0x0000000008000dc4       0x18 usb_prop.o
                0x0000000008000dc4                Virtual_Com_Port_SetConfiguration
 .text.Virtual_Com_Port_SetDeviceAddress
                0x0000000008000ddc        0xc usb_prop.o
                0x0000000008000ddc                Virtual_Com_Port_SetDeviceAddress
 .text.Virtual_Com_Port_Status_In
                0x0000000008000de8       0x14 usb_prop.o
                0x0000000008000de8                Virtual_Com_Port_Status_In
 .text.Virtual_Com_Port_Status_Out
                0x0000000008000dfc        0x2 usb_prop.o
                0x0000000008000dfc                Virtual_Com_Port_Status_Out
 *fill*         0x0000000008000dfe        0x2 
 .text.Virtual_Com_Port_Data_Setup
                0x0000000008000e00       0x5c usb_prop.o
                0x0000000008000e00                Virtual_Com_Port_Data_Setup
 .text.Virtual_Com_Port_NoData_Setup
                0x0000000008000e5c       0x24 usb_prop.o
                0x0000000008000e5c                Virtual_Com_Port_NoData_Setup
 .text.Virtual_Com_Port_Get_Interface_Setting
                0x0000000008000e80       0x10 usb_prop.o
                0x0000000008000e80                Virtual_Com_Port_Get_Interface_Setting
 .text.Virtual_Com_Port_GetLineCoding
                0x0000000008000e90       0x18 usb_prop.o
                0x0000000008000e90                Virtual_Com_Port_GetLineCoding
 .text.Virtual_Com_Port_SetLineCoding
                0x0000000008000ea8       0x2c usb_prop.o
                0x0000000008000ea8                Virtual_Com_Port_SetLineCoding
 .text.Virtual_Com_Port_init
                0x0000000008000ed4       0x24 usb_prop.o
                0x0000000008000ed4                Virtual_Com_Port_init
 .text.Virtual_Com_Port_Reset
                0x0000000008000ef8       0xe0 usb_prop.o
                0x0000000008000ef8                Virtual_Com_Port_Reset
 .text.Virtual_Com_Port_GetDeviceDescriptor
                0x0000000008000fd8        0xc usb_prop.o
                0x0000000008000fd8                Virtual_Com_Port_GetDeviceDescriptor
 .text.Virtual_Com_Port_GetConfigDescriptor
                0x0000000008000fe4        0xc usb_prop.o
                0x0000000008000fe4                Virtual_Com_Port_GetConfigDescriptor
 .text.Virtual_Com_Port_GetStringDescriptor
                0x0000000008000ff0       0x20 usb_prop.o
                0x0000000008000ff0                Virtual_Com_Port_GetStringDescriptor
 .text.IntToUnicode
                0x0000000008001010       0x28 USBInit.o
 .text.PowerOn  0x0000000008001038       0x38 USBInit.o
                0x0000000008001038                PowerOn
 .text.USB_Cable_Config
                0x0000000008001070       0x1c USBInit.o
                0x0000000008001070                USB_Cable_Config
 .text.PowerOff
                0x000000000800108c       0x24 USBInit.o
                0x000000000800108c                PowerOff
 .text.UsbVcpDisconnect
                0x00000000080010b0        0x4 USBInit.o
                0x00000000080010b0                UsbVcpDisconnect
 .text.Get_SerialNum
                0x00000000080010b4       0x34 USBInit.o
                0x00000000080010b4                Get_SerialNum
 .text.USB_TxDByte
                0x00000000080010e8       0x2a USBInit.o
                0x00000000080010e8                USB_TxDByte
 *fill*         0x0000000008001112        0x2 
 .text.FLASH_SetLatency
                0x0000000008001114       0x18 lib/libstm32.a(stm32f10x_flash.o)
                0x0000000008001114                FLASH_SetLatency
 .text.FLASH_PrefetchBufferCmd
                0x000000000800112c       0x18 lib/libstm32.a(stm32f10x_flash.o)
                0x000000000800112c                FLASH_PrefetchBufferCmd
 .text.FLASH_Unlock
                0x0000000008001144       0x18 lib/libstm32.a(stm32f10x_flash.o)
                0x0000000008001144                FLASH_Unlock
 .text.FLASH_Lock
                0x000000000800115c       0x10 lib/libstm32.a(stm32f10x_flash.o)
                0x000000000800115c                FLASH_Lock
 .text.FLASH_ClearFlag
                0x000000000800116c        0xc lib/libstm32.a(stm32f10x_flash.o)
                0x000000000800116c                FLASH_ClearFlag
 .text.FLASH_GetStatus
                0x0000000008001178       0x28 lib/libstm32.a(stm32f10x_flash.o)
                0x0000000008001178                FLASH_GetStatus
 .text.FLASH_WaitForLastOperation
                0x00000000080011a0       0x36 lib/libstm32.a(stm32f10x_flash.o)
                0x00000000080011a0                FLASH_WaitForLastOperation
 *fill*         0x00000000080011d6        0x2 
 .text.FLASH_ErasePage
                0x00000000080011d8       0x40 lib/libstm32.a(stm32f10x_flash.o)
                0x00000000080011d8                FLASH_ErasePage
 .text.FLASH_ProgramWord
                0x0000000008001218       0x48 lib/libstm32.a(stm32f10x_flash.o)
                0x0000000008001218                FLASH_ProgramWord
 .text.IWDG_WriteAccessCmd
                0x0000000008001260        0xc lib/libstm32.a(stm32f10x_iwdg.o)
                0x0000000008001260                IWDG_WriteAccessCmd
 .text.IWDG_SetPrescaler
                0x000000000800126c        0xc lib/libstm32.a(stm32f10x_iwdg.o)
                0x000000000800126c                IWDG_SetPrescaler
 .text.IWDG_SetReload
                0x0000000008001278        0xc lib/libstm32.a(stm32f10x_iwdg.o)
                0x0000000008001278                IWDG_SetReload
 .text.GPIO_Init
                0x0000000008001284       0x9c lib/libstm32.a(stm32f10x_gpio.o)
                0x0000000008001284                GPIO_Init
 .text.GPIO_ReadInputDataBit
                0x0000000008001320        0xc lib/libstm32.a(stm32f10x_gpio.o)
                0x0000000008001320                GPIO_ReadInputDataBit
 .text.GPIO_SetBits
                0x000000000800132c        0x4 lib/libstm32.a(stm32f10x_gpio.o)
                0x000000000800132c                GPIO_SetBits
 .text.GPIO_ResetBits
                0x0000000008001330        0x4 lib/libstm32.a(stm32f10x_gpio.o)
                0x0000000008001330                GPIO_ResetBits
 .text.GPIO_PinRemapConfig
                0x0000000008001334       0x54 lib/libstm32.a(stm32f10x_gpio.o)
                0x0000000008001334                GPIO_PinRemapConfig
 .text.NVIC_PriorityGroupConfig
                0x0000000008001388       0x14 lib/libstm32.a(stm32f10x_nvic.o)
                0x0000000008001388                NVIC_PriorityGroupConfig
 .text.NVIC_Init
                0x000000000800139c       0x84 lib/libstm32.a(stm32f10x_nvic.o)
                0x000000000800139c                NVIC_Init
 .text.NVIC_SetVectorTable
                0x0000000008001420       0x14 lib/libstm32.a(stm32f10x_nvic.o)
                0x0000000008001420                NVIC_SetVectorTable
 .text.NVIC_GenerateSystemReset
                0x0000000008001434       0x18 lib/libstm32.a(stm32f10x_nvic.o)
                0x0000000008001434                NVIC_GenerateSystemReset
 .text.RCC_DeInit
                0x000000000800144c       0x3c lib/libstm32.a(stm32f10x_rcc.o)
                0x000000000800144c                RCC_DeInit
 .text.RCC_HSEConfig
                0x0000000008001488       0x38 lib/libstm32.a(stm32f10x_rcc.o)
                0x0000000008001488                RCC_HSEConfig
 .text.RCC_PLLConfig
                0x00000000080014c0       0x14 lib/libstm32.a(stm32f10x_rcc.o)
                0x00000000080014c0                RCC_PLLConfig
 .text.RCC_PLLCmd
                0x00000000080014d4        0xc lib/libstm32.a(stm32f10x_rcc.o)
                0x00000000080014d4                RCC_PLLCmd
 .text.RCC_SYSCLKConfig
                0x00000000080014e0       0x14 lib/libstm32.a(stm32f10x_rcc.o)
                0x00000000080014e0                RCC_SYSCLKConfig
 .text.RCC_GetSYSCLKSource
                0x00000000080014f4       0x10 lib/libstm32.a(stm32f10x_rcc.o)
                0x00000000080014f4                RCC_GetSYSCLKSource
 .text.RCC_HCLKConfig
                0x0000000008001504       0x14 lib/libstm32.a(stm32f10x_rcc.o)
                0x0000000008001504                RCC_HCLKConfig
 .text.RCC_PCLK1Config
                0x0000000008001518       0x14 lib/libstm32.a(stm32f10x_rcc.o)
                0x0000000008001518                RCC_PCLK1Config
 .text.RCC_PCLK2Config
                0x000000000800152c       0x14 lib/libstm32.a(stm32f10x_rcc.o)
                0x000000000800152c                RCC_PCLK2Config
 .text.RCC_USBCLKConfig
                0x0000000008001540        0xc lib/libstm32.a(stm32f10x_rcc.o)
                0x0000000008001540                RCC_USBCLKConfig
 .text.RCC_GetClocksFreq
                0x000000000800154c       0x84 lib/libstm32.a(stm32f10x_rcc.o)
                0x000000000800154c                RCC_GetClocksFreq
 .text.RCC_APB2PeriphClockCmd
                0x00000000080015d0       0x18 lib/libstm32.a(stm32f10x_rcc.o)
                0x00000000080015d0                RCC_APB2PeriphClockCmd
 .text.RCC_APB1PeriphClockCmd
                0x00000000080015e8       0x18 lib/libstm32.a(stm32f10x_rcc.o)
                0x00000000080015e8                RCC_APB1PeriphClockCmd
 .text.RCC_APB2PeriphResetCmd
                0x0000000008001600       0x18 lib/libstm32.a(stm32f10x_rcc.o)
                0x0000000008001600                RCC_APB2PeriphResetCmd
 .text.RCC_APB1PeriphResetCmd
                0x0000000008001618       0x18 lib/libstm32.a(stm32f10x_rcc.o)
                0x0000000008001618                RCC_APB1PeriphResetCmd
 .text.RCC_GetFlagStatus
                0x0000000008001630       0x28 lib/libstm32.a(stm32f10x_rcc.o)
                0x0000000008001630                RCC_GetFlagStatus
 .text.RCC_WaitForHSEStartUp
                0x0000000008001658       0x2e lib/libstm32.a(stm32f10x_rcc.o)
                0x0000000008001658                RCC_WaitForHSEStartUp
 *fill*         0x0000000008001686        0x2 
 .text.RCC_ClearFlag
                0x0000000008001688       0x10 lib/libstm32.a(stm32f10x_rcc.o)
                0x0000000008001688                RCC_ClearFlag
 .text.TIM_TimeBaseInit
                0x0000000008001698       0x3c lib/libstm32.a(stm32f10x_tim.o)
                0x0000000008001698                TIM_TimeBaseInit
 .text.TIM_Cmd  0x00000000080016d4       0x18 lib/libstm32.a(stm32f10x_tim.o)
                0x00000000080016d4                TIM_Cmd
 .text.TIM_ITConfig
                0x00000000080016ec       0x12 lib/libstm32.a(stm32f10x_tim.o)
                0x00000000080016ec                TIM_ITConfig
 .text.TIM_PrescalerConfig
                0x00000000080016fe        0x6 lib/libstm32.a(stm32f10x_tim.o)
                0x00000000080016fe                TIM_PrescalerConfig
 .text.TIM_ClearFlag
                0x0000000008001704        0x8 lib/libstm32.a(stm32f10x_tim.o)
                0x0000000008001704                TIM_ClearFlag
 .text.TIM_ClearITPendingBit
                0x000000000800170c        0x8 lib/libstm32.a(stm32f10x_tim.o)
                0x000000000800170c                TIM_ClearITPendingBit
 .text.SysTick_SetReload
                0x0000000008001714        0xc lib/libstm32.a(stm32f10x_systick.o)
                0x0000000008001714                SysTick_SetReload
 .text.SysTick_CounterCmd
                0x0000000008001720       0x28 lib/libstm32.a(stm32f10x_systick.o)
                0x0000000008001720                SysTick_CounterCmd
 .text.SysTick_ITConfig
                0x0000000008001748       0x18 lib/libstm32.a(stm32f10x_systick.o)
                0x0000000008001748                SysTick_ITConfig
 .text.USART_DeInit
                0x0000000008001760       0x94 lib/libstm32.a(stm32f10x_usart.o)
                0x0000000008001760                USART_DeInit
 .text.USART_Init
                0x00000000080017f4       0x88 lib/libstm32.a(stm32f10x_usart.o)
                0x00000000080017f4                USART_Init
 .text.USART_StructInit
                0x000000000800187c       0x16 lib/libstm32.a(stm32f10x_usart.o)
                0x000000000800187c                USART_StructInit
 .text.USART_Cmd
                0x0000000008001892       0x18 lib/libstm32.a(stm32f10x_usart.o)
                0x0000000008001892                USART_Cmd
 .text.USART_ITConfig
                0x00000000080018aa       0x32 lib/libstm32.a(stm32f10x_usart.o)
                0x00000000080018aa                USART_ITConfig
 .text.USART_SendData
                0x00000000080018dc        0x8 lib/libstm32.a(stm32f10x_usart.o)
                0x00000000080018dc                USART_SendData
 .text.USART_ReceiveData
                0x00000000080018e4        0x8 lib/libstm32.a(stm32f10x_usart.o)
                0x00000000080018e4                USART_ReceiveData
 .text.USART_GetFlagStatus
                0x00000000080018ec        0xc lib/libstm32.a(stm32f10x_usart.o)
                0x00000000080018ec                USART_GetFlagStatus
 .text.USART_ClearFlag
                0x00000000080018f8        0x8 lib/libstm32.a(stm32f10x_usart.o)
                0x00000000080018f8                USART_ClearFlag
 .text.USART_GetITStatus
                0x0000000008001900       0x3e lib/libstm32.a(stm32f10x_usart.o)
                0x0000000008001900                USART_GetITStatus
 *fill*         0x000000000800193e        0x2 
 .text.Reset_Handler
                0x0000000008001940       0x50 lib/libstm32.a(stm32f10x_vector.o)
                0x0000000008001940                Reset_Handler
 .text.USB_Init
                0x0000000008001990       0x34 lib/libstm32.a(usb_init.o)
                0x0000000008001990                USB_Init
 .text.Standard_GetConfiguration
                0x00000000080019c4       0x24 lib/libstm32.a(usb_core.o)
                0x00000000080019c4                Standard_GetConfiguration
 .text.Standard_GetInterface
                0x00000000080019e8       0x24 lib/libstm32.a(usb_core.o)
                0x00000000080019e8                Standard_GetInterface
 .text.Standard_GetStatus
                0x0000000008001a0c       0x90 lib/libstm32.a(usb_core.o)
                0x0000000008001a0c                Standard_GetStatus
 .text.DataStageIn
                0x0000000008001a9c       0xac lib/libstm32.a(usb_core.o)
 .text.Standard_SetConfiguration
                0x0000000008001b48       0x38 lib/libstm32.a(usb_core.o)
                0x0000000008001b48                Standard_SetConfiguration
 .text.Standard_SetInterface
                0x0000000008001b80       0x48 lib/libstm32.a(usb_core.o)
                0x0000000008001b80                Standard_SetInterface
 .text.Standard_ClearFeature
                0x0000000008001bc8       0xd8 lib/libstm32.a(usb_core.o)
                0x0000000008001bc8                Standard_ClearFeature
 .text.Standard_SetEndPointFeature
                0x0000000008001ca0       0x8c lib/libstm32.a(usb_core.o)
                0x0000000008001ca0                Standard_SetEndPointFeature
 .text.Standard_SetDeviceFeature
                0x0000000008001d2c       0x24 lib/libstm32.a(usb_core.o)
                0x0000000008001d2c                Standard_SetDeviceFeature
 .text.Standard_GetDescriptorData
                0x0000000008001d50       0x1c lib/libstm32.a(usb_core.o)
                0x0000000008001d50                Standard_GetDescriptorData
 .text.Post0_Process
                0x0000000008001d6c       0x44 lib/libstm32.a(usb_core.o)
                0x0000000008001d6c                Post0_Process
 .text.Setup0_Process
                0x0000000008001db0      0x2dc lib/libstm32.a(usb_core.o)
                0x0000000008001db0                Setup0_Process
 .text.Out0_Process
                0x000000000800208c       0xcc lib/libstm32.a(usb_core.o)
                0x000000000800208c                Out0_Process
 .text.SetDeviceAddress
                0x0000000008002158       0x40 lib/libstm32.a(usb_core.o)
                0x0000000008002158                SetDeviceAddress
 .text.In0_Process
                0x0000000008002198       0x5c lib/libstm32.a(usb_core.o)
                0x0000000008002198                In0_Process
 .text.NOP_Process
                0x00000000080021f4        0x2 lib/libstm32.a(usb_core.o)
                0x00000000080021f4                NOP_Process
 .text.UserToPMABufferCopy
                0x00000000080021f6       0x30 lib/libstm32.a(usb_mem.o)
                0x00000000080021f6                UserToPMABufferCopy
 .text.PMAToUserBufferCopy
                0x0000000008002226       0x24 lib/libstm32.a(usb_mem.o)
                0x0000000008002226                PMAToUserBufferCopy
 *fill*         0x000000000800224a        0x2 
 .text.SetBTABLE
                0x000000000800224c       0x10 lib/libstm32.a(usb_regs.o)
                0x000000000800224c                SetBTABLE
 .text.SetEPType
                0x000000000800225c       0x1c lib/libstm32.a(usb_regs.o)
                0x000000000800225c                SetEPType
 .text.SetEPTxStatus
                0x0000000008002278       0x32 lib/libstm32.a(usb_regs.o)
                0x0000000008002278                SetEPTxStatus
 .text.SetEPRxStatus
                0x00000000080022aa       0x32 lib/libstm32.a(usb_regs.o)
                0x00000000080022aa                SetEPRxStatus
 .text.SetEPTxValid
                0x00000000080022dc       0x26 lib/libstm32.a(usb_regs.o)
                0x00000000080022dc                SetEPTxValid
 .text.SetEPRxValid
                0x0000000008002302       0x26 lib/libstm32.a(usb_regs.o)
                0x0000000008002302                SetEPRxValid
 .text.Clear_Status_Out
                0x0000000008002328       0x20 lib/libstm32.a(usb_regs.o)
                0x0000000008002328                Clear_Status_Out
 .text.ClearDTOG_RX
                0x0000000008002348       0x26 lib/libstm32.a(usb_regs.o)
                0x0000000008002348                ClearDTOG_RX
 .text.ClearDTOG_TX
                0x000000000800236e       0x26 lib/libstm32.a(usb_regs.o)
                0x000000000800236e                ClearDTOG_TX
 .text.SetEPTxAddr
                0x0000000008002394       0x20 lib/libstm32.a(usb_regs.o)
                0x0000000008002394                SetEPTxAddr
 .text.SetEPRxAddr
                0x00000000080023b4       0x20 lib/libstm32.a(usb_regs.o)
                0x00000000080023b4                SetEPRxAddr
 .text.GetEPTxAddr
                0x00000000080023d4       0x20 lib/libstm32.a(usb_regs.o)
                0x00000000080023d4                GetEPTxAddr
 .text.GetEPRxAddr
                0x00000000080023f4       0x20 lib/libstm32.a(usb_regs.o)
                0x00000000080023f4                GetEPRxAddr
 .text.SetEPTxCount
                0x0000000008002414       0x1c lib/libstm32.a(usb_regs.o)
                0x0000000008002414                SetEPTxCount
 .text.SetEPRxCount
                0x0000000008002430       0x40 lib/libstm32.a(usb_regs.o)
                0x0000000008002430                SetEPRxCount
 .text.GetEPRxCount
                0x0000000008002470       0x20 lib/libstm32.a(usb_regs.o)
                0x0000000008002470                GetEPRxCount
 .text.ByteSwap
                0x0000000008002490        0xa lib/libstm32.a(usb_regs.o)
                0x0000000008002490                ByteSwap
 *fill*         0x000000000800249a        0x2 
 .text.USB_SIL_Init
                0x000000000800249c       0x20 lib/libstm32.a(usb_sil.o)
                0x000000000800249c                USB_SIL_Init
 .text.USB_SIL_Read
                0x00000000080024bc       0x24 lib/libstm32.a(usb_sil.o)
                0x00000000080024bc                USB_SIL_Read
 .text.CTR_LP   0x00000000080024e0      0x16c lib/libstm32.a(usb_int.o)
                0x00000000080024e0                CTR_LP
 *(.rodata)
 .rodata        0x000000000800264c       0x24 main.o
 .rodata        0x0000000008002670       0x9d usb_desc.o
                0x0000000008002670                Virtual_Com_Port_StringProduct
                0x00000000080026a2                Virtual_Com_Port_StringVendor
                0x00000000080026b4                Virtual_Com_Port_StringLangID
                0x00000000080026b8                Virtual_Com_Port_ConfigDescriptor
                0x00000000080026fb                Virtual_Com_Port_DeviceDescriptor
 .rodata        0x000000000800270d       0x14 lib/libstm32.a(stm32f10x_rcc.o)
 *(.rodata*)
 .rodata.str1.1
                0x0000000008002721       0x7b main.o
 .rodata.str1.1
                0x000000000800279c       0x42 usb_endp.o
 *(.glue_7)
 .glue_7        0x0000000000000000        0x0 linker stubs
 *(.glue_7t)
 .glue_7t       0x0000000000000000        0x0 linker stubs
                0x00000000080027e0                . = ALIGN (0x4)
 *fill*         0x00000000080027de        0x2 
                0x00000000080027e0                _etext = .
                0x00000000080027e0                _sidata = _etext

.vfp11_veneer   0x00000000080027e0        0x0
 .vfp11_veneer  0x0000000000000000        0x0 linker stubs

.v4_bx          0x00000000080027e0        0x0
 .v4_bx         0x0000000000000000        0x0 linker stubs

.iplt           0x00000000080027e0        0x0
 .iplt          0x0000000000000000        0x0 /Users/Baram/gcc-arm-none-eabi/bin/../lib/gcc/arm-none-eabi/4.9.3/crtbegin.o

.rel.dyn        0x00000000080027e0        0x0
 .rel.iplt      0x0000000000000000        0x0 /Users/Baram/gcc-arm-none-eabi/bin/../lib/gcc/arm-none-eabi/4.9.3/crtbegin.o

.data           0x0000000020000000       0xe4 load address 0x00000000080027e0
                0x0000000020000000                . = ALIGN (0x4)
                0x0000000020000000                _sdata = .
 *(.data)
 .data          0x0000000020000000        0x1 main.o
                0x0000000020000000                gbIsFlashLock
 .data          0x0000000020000001       0x1a usb_desc.o
                0x0000000020000001                Virtual_Com_Port_StringSerial
 *fill*         0x000000002000001b        0x1 
 .data          0x000000002000001c       0x38 usb_istr.o
                0x000000002000001c                pEpInt_OUT
                0x0000000020000038                pEpInt_IN
 .data          0x0000000020000054       0x90 usb_prop.o
                0x0000000020000054                linecoding
                0x000000002000005c                Device_Property
                0x000000002000008c                Device_Descriptor
                0x0000000020000094                Config_Descriptor
                0x000000002000009c                String_Descriptor
                0x00000000200000bc                User_Standard_Requests
                0x00000000200000e0                Device_Table
 *(.data.*)
                0x00000000200000e4                . = ALIGN (0x4)
                0x00000000200000e4                _edata = .

.igot.plt       0x00000000200000e4        0x0 load address 0x00000000080028c4
 .igot.plt      0x0000000000000000        0x0 /Users/Baram/gcc-arm-none-eabi/bin/../lib/gcc/arm-none-eabi/4.9.3/crtbegin.o

.bss            0x00000000200000e4      0x63c load address 0x00000000080028c4
                0x00000000200000e4                . = ALIGN (0x4)
                0x00000000200000e4                _sbss = .
 *(.bss)
 .bss           0x00000000200000e4       0x28 main.o
                0x00000000200000e4                gu32TimingCounter1ms
                0x00000000200000e8                gu32TimingCounter1ms_Txd
                0x00000000200000ec                gbCount
                0x00000000200000f0                gwAddressPointer
                0x00000000200000f4                gwEndAddressPointer
                0x00000000200000f8                gwCalculatedCheckSum
                0x00000000200000fc                gwRxTotalCount
                0x0000000020000100                gbFlashDownloadStart
                0x0000000020000104                gwReceivedCheckSumFromHost
                0x0000000020000108                gwWriteProtectedPages
 .bss           0x000000002000010c        0x4 stm32f10x_it.o
 .bss           0x0000000020000110        0x8 usb_endp.o
                0x0000000020000110                FinishToSend
                0x0000000020000112                USB_Rx_Cnt
 .bss           0x0000000020000118        0x1 usb_istr.o
                0x0000000020000118                bIntPackSOF
 *fill*         0x0000000020000119        0x3 
 .bss           0x000000002000011c        0x8 usb_prop.o
                0x000000002000011c                Request
                0x0000000020000120                comstatetemp
 .bss           0x0000000020000124        0xc USBInit.o
                0x0000000020000124                bDeviceState
                0x0000000020000128                USB_Tx_State
                0x000000002000012c                USART_Rx_length
 .bss           0x0000000020000130        0x1 lib/libstm32.a(usb_core.o)
                0x0000000020000130                Data_Mul_MaxPacketSize
 *(COMMON)
 *fill*         0x0000000020000131        0x3 
 COMMON         0x0000000020000134      0x571 main.o
                0x0000000020000134                HSEStartUpStatus
                0x0000000020000135                gbDXLReadPointer
                0x0000000020000138                TimingDelay
                0x000000002000013c                gwUSARTWritePtr
                0x000000002000013e                gbpRxBuffer
                0x0000000020000190                gwUSARTReadPtr
                0x0000000020000194                USART_InitStructure
                0x00000000200001a4                gwpUSARTBuffer
                0x00000000200005a4                gbpDXLDataBuffer
                0x00000000200006a4                gbDXLWritePointer
 COMMON         0x00000000200006a5       0x40 usb_endp.o
                0x00000000200006a5                USB_Rx_Buffer
 *fill*         0x00000000200006e5        0x1 
 COMMON         0x00000000200006e6        0x2 usb_istr.o
                0x00000000200006e6                wIstr
 COMMON         0x00000000200006e8       0x32 lib/libstm32.a(usb_init.o)
                0x00000000200006e8                SaveState
                0x00000000200006ec                pProperty
                0x00000000200006f0                EPindex
                0x00000000200006f4                Device_Info
                0x0000000020000710                pUser_Standard_Requests
                0x0000000020000714                pInformation
                0x0000000020000718                wInterrupt_Mask
 COMMON         0x000000002000071a        0x2 lib/libstm32.a(usb_core.o)
                0x000000002000071a                StatusInfo
 COMMON         0x000000002000071c        0x4 lib/libstm32.a(usb_int.o)
                0x000000002000071c                SaveRState
                0x000000002000071e                SaveTState
                0x0000000020000720                . = ALIGN (0x4)
                0x0000000020000720                _ebss = .
                0x0000000020000720                PROVIDE (end, _ebss)
                0x0000000020000720                PROVIDE (_end, _ebss)

._usrstack      0x0000000020000720      0x100 load address 0x0000000008002f00
                0x0000000020000720                . = ALIGN (0x4)
                0x0000000020000720                _susrstack = .
                0x0000000020000820                . = (. + _Minimum_Stack_Size)
 *fill*         0x0000000020000720      0x100 
                0x0000000020000820                . = ALIGN (0x4)
                0x0000000020000820                _eusrstack = .

.b1text
 *(.b1text)
 *(.b1rodata)
 *(.b1rodata*)

.eb0text
 *(.eb0text)
 *(.eb0rodata)
 *(.eb0rodata*)

.eb1text
 *(.eb1text)
 *(.eb1rodata)
 *(.eb1rodata*)

.eb2text
 *(.eb2text)
 *(.eb2rodata)
 *(.eb2rodata*)

.eb3text
 *(.eb3text)
 *(.eb3rodata)
 *(.eb3rodata*)
                0x0000000020000820                __exidx_start = .
                0x0000000020000820                __exidx_end = .

/DISCARD/
 libc.a(*)
 libm.a(*)
 libgcc.a(*)

.stab
 *(.stab)

.stabstr
 *(.stabstr)

.stab.excl
 *(.stab.excl)

.stab.exclstr
 *(.stab.exclstr)

.stab.index
 *(.stab.index)

.stab.indexstr
 *(.stab.indexstr)

.comment        0x0000000000000000       0x70
 *(.comment)
 .comment       0x0000000000000000       0x70 main.o
                                         0x71 (size before relaxing)
 .comment       0x0000000000000000       0x71 stm32f10x_it.o
 .comment       0x0000000000000000       0x71 usb_desc.o
 .comment       0x0000000000000000       0x71 usb_endp.o
 .comment       0x0000000000000000       0x71 usb_istr.o
 .comment       0x0000000000000000       0x71 usb_prop.o
 .comment       0x0000000000000000       0x71 USBInit.o
 .comment       0x0000000000000000       0x71 lib/libstm32.a(stm32f10x_flash.o)
 .comment       0x0000000000000000       0x71 lib/libstm32.a(stm32f10x_iwdg.o)
 .comment       0x0000000000000000       0x71 lib/libstm32.a(stm32f10x_gpio.o)
 .comment       0x0000000000000000       0x71 lib/libstm32.a(stm32f10x_nvic.o)
 .comment       0x0000000000000000       0x71 lib/libstm32.a(stm32f10x_rcc.o)
 .comment       0x0000000000000000       0x71 lib/libstm32.a(stm32f10x_tim.o)
 .comment       0x0000000000000000       0x71 lib/libstm32.a(stm32f10x_systick.o)
 .comment       0x0000000000000000       0x71 lib/libstm32.a(stm32f10x_usart.o)
 .comment       0x0000000000000000       0x71 lib/libstm32.a(stm32f10x_vector.o)
 .comment       0x0000000000000000       0x71 lib/libstm32.a(usb_init.o)
 .comment       0x0000000000000000       0x71 lib/libstm32.a(usb_core.o)
 .comment       0x0000000000000000       0x71 lib/libstm32.a(usb_mem.o)
 .comment       0x0000000000000000       0x71 lib/libstm32.a(usb_regs.o)
 .comment       0x0000000000000000       0x71 lib/libstm32.a(usb_sil.o)
 .comment       0x0000000000000000       0x71 lib/libstm32.a(usb_int.o)

.ARM.attributes
                0x0000000000000000       0x31
 .ARM.attributes
                0x0000000000000000       0x33 main.o
 .ARM.attributes
                0x0000000000000033       0x33 stm32f10x_it.o
 .ARM.attributes
                0x0000000000000066       0x33 usb_desc.o
 .ARM.attributes
                0x0000000000000099       0x33 usb_endp.o
 .ARM.attributes
                0x00000000000000cc       0x33 usb_istr.o
 .ARM.attributes
                0x00000000000000ff       0x33 usb_prop.o
 .ARM.attributes
                0x0000000000000132       0x33 USBInit.o
 .ARM.attributes
                0x0000000000000165       0x33 lib/libstm32.a(stm32f10x_flash.o)
 .ARM.attributes
                0x0000000000000198       0x33 lib/libstm32.a(stm32f10x_iwdg.o)
 .ARM.attributes
                0x00000000000001cb       0x33 lib/libstm32.a(stm32f10x_gpio.o)
 .ARM.attributes
                0x00000000000001fe       0x33 lib/libstm32.a(stm32f10x_nvic.o)
 .ARM.attributes
                0x0000000000000231       0x33 lib/libstm32.a(stm32f10x_rcc.o)
 .ARM.attributes
                0x0000000000000264       0x33 lib/libstm32.a(stm32f10x_tim.o)
 .ARM.attributes
                0x0000000000000297       0x33 lib/libstm32.a(stm32f10x_systick.o)
 .ARM.attributes
                0x00000000000002ca       0x33 lib/libstm32.a(stm32f10x_usart.o)
 .ARM.attributes
                0x00000000000002fd       0x21 lib/libstm32.a(cortexm3_macro.o)
 .ARM.attributes
                0x000000000000031e       0x33 lib/libstm32.a(stm32f10x_vector.o)
 .ARM.attributes
                0x0000000000000351       0x33 lib/libstm32.a(usb_init.o)
 .ARM.attributes
                0x0000000000000384       0x33 lib/libstm32.a(usb_core.o)
 .ARM.attributes
                0x00000000000003b7       0x33 lib/libstm32.a(usb_mem.o)
 .ARM.attributes
                0x00000000000003ea       0x33 lib/libstm32.a(usb_regs.o)
 .ARM.attributes
                0x000000000000041d       0x33 lib/libstm32.a(usb_sil.o)
 .ARM.attributes
                0x0000000000000450       0x33 lib/libstm32.a(usb_int.o)

.debug
 *(.debug)

.line
 *(.line)

.debug_srcinfo
 *(.debug_srcinfo)

.debug_sfnames
 *(.debug_sfnames)

.debug_aranges  0x0000000000000000      0xfd0
 *(.debug_aranges)
 .debug_aranges
                0x0000000000000000       0xf0 main.o
 .debug_aranges
                0x00000000000000f0      0x240 stm32f10x_it.o
 .debug_aranges
                0x0000000000000330       0x18 usb_desc.o
 .debug_aranges
                0x0000000000000348       0x38 usb_endp.o
 .debug_aranges
                0x0000000000000380       0x20 usb_istr.o
 .debug_aranges
                0x00000000000003a0       0x88 usb_prop.o
 .debug_aranges
                0x0000000000000428       0x58 USBInit.o
 .debug_aranges
                0x0000000000000480       0xd0 lib/libstm32.a(stm32f10x_flash.o)
 .debug_aranges
                0x0000000000000550       0x48 lib/libstm32.a(stm32f10x_iwdg.o)
 .debug_aranges
                0x0000000000000598       0xa0 lib/libstm32.a(stm32f10x_gpio.o)
 .debug_aranges
                0x0000000000000638      0x108 lib/libstm32.a(stm32f10x_nvic.o)
 .debug_aranges
                0x0000000000000740      0x118 lib/libstm32.a(stm32f10x_rcc.o)
 .debug_aranges
                0x0000000000000858      0x2e0 lib/libstm32.a(stm32f10x_tim.o)
 .debug_aranges
                0x0000000000000b38       0x48 lib/libstm32.a(stm32f10x_systick.o)
 .debug_aranges
                0x0000000000000b80       0xf0 lib/libstm32.a(stm32f10x_usart.o)
 .debug_aranges
                0x0000000000000c70       0x20 lib/libstm32.a(cortexm3_macro.o)
 .debug_aranges
                0x0000000000000c90       0x20 lib/libstm32.a(stm32f10x_vector.o)
 .debug_aranges
                0x0000000000000cb0       0x20 lib/libstm32.a(usb_init.o)
 .debug_aranges
                0x0000000000000cd0       0x98 lib/libstm32.a(usb_core.o)
 .debug_aranges
                0x0000000000000d68       0x28 lib/libstm32.a(usb_mem.o)
 .debug_aranges
                0x0000000000000d90      0x1f0 lib/libstm32.a(usb_regs.o)
 .debug_aranges
                0x0000000000000f80       0x28 lib/libstm32.a(usb_sil.o)
 .debug_aranges
                0x0000000000000fa8       0x28 lib/libstm32.a(usb_int.o)

.debug_pubnames
 *(.debug_pubnames)

.debug_info     0x0000000000000000     0xb192
 *(.debug_info .gnu.linkonce.wi.*)
 .debug_info    0x0000000000000000     0x1cf4 main.o
 .debug_info    0x0000000000001cf4      0x9c5 stm32f10x_it.o
 .debug_info    0x00000000000026b9      0x128 usb_desc.o
 .debug_info    0x00000000000027e1      0x38a usb_endp.o
 .debug_info    0x0000000000002b6b      0x226 usb_istr.o
 .debug_info    0x0000000000002d91      0xb59 usb_prop.o
 .debug_info    0x00000000000038ea      0x504 USBInit.o
 .debug_info    0x0000000000003dee      0x8bb lib/libstm32.a(stm32f10x_flash.o)
 .debug_info    0x00000000000046a9      0x1ad lib/libstm32.a(stm32f10x_iwdg.o)
 .debug_info    0x0000000000004856      0x747 lib/libstm32.a(stm32f10x_gpio.o)
 .debug_info    0x0000000000004f9d      0x97d lib/libstm32.a(stm32f10x_nvic.o)
 .debug_info    0x000000000000591a      0x871 lib/libstm32.a(stm32f10x_rcc.o)
 .debug_info    0x000000000000618b     0x1f42 lib/libstm32.a(stm32f10x_tim.o)
 .debug_info    0x00000000000080cd      0x20b lib/libstm32.a(stm32f10x_systick.o)
 .debug_info    0x00000000000082d8      0xa2c lib/libstm32.a(stm32f10x_usart.o)
 .debug_info    0x0000000000008d04       0x63 lib/libstm32.a(cortexm3_macro.o)
 .debug_info    0x0000000000008d67       0xf0 lib/libstm32.a(stm32f10x_vector.o)
 .debug_info    0x0000000000008e57      0x3fa lib/libstm32.a(usb_init.o)
 .debug_info    0x0000000000009251      0xe29 lib/libstm32.a(usb_core.o)
 .debug_info    0x000000000000a07a      0x17b lib/libstm32.a(usb_mem.o)
 .debug_info    0x000000000000a1f5      0xc97 lib/libstm32.a(usb_regs.o)
 .debug_info    0x000000000000ae8c      0x165 lib/libstm32.a(usb_sil.o)
 .debug_info    0x000000000000aff1      0x1a1 lib/libstm32.a(usb_int.o)

.debug_abbrev   0x0000000000000000     0x27f0
 *(.debug_abbrev)
 .debug_abbrev  0x0000000000000000      0x3f1 main.o
 .debug_abbrev  0x00000000000003f1      0x1cc stm32f10x_it.o
 .debug_abbrev  0x00000000000005bd       0x52 usb_desc.o
 .debug_abbrev  0x000000000000060f      0x1d4 usb_endp.o
 .debug_abbrev  0x00000000000007e3      0x109 usb_istr.o
 .debug_abbrev  0x00000000000008ec      0x274 usb_prop.o
 .debug_abbrev  0x0000000000000b60      0x29d USBInit.o
 .debug_abbrev  0x0000000000000dfd      0x24e lib/libstm32.a(stm32f10x_flash.o)
 .debug_abbrev  0x000000000000104b      0x101 lib/libstm32.a(stm32f10x_iwdg.o)
 .debug_abbrev  0x000000000000114c      0x1e8 lib/libstm32.a(stm32f10x_gpio.o)
 .debug_abbrev  0x0000000000001334      0x278 lib/libstm32.a(stm32f10x_nvic.o)
 .debug_abbrev  0x00000000000015ac      0x227 lib/libstm32.a(stm32f10x_rcc.o)
 .debug_abbrev  0x00000000000017d3      0x2be lib/libstm32.a(stm32f10x_tim.o)
 .debug_abbrev  0x0000000000001a91      0x128 lib/libstm32.a(stm32f10x_systick.o)
 .debug_abbrev  0x0000000000001bb9      0x1ed lib/libstm32.a(stm32f10x_usart.o)
 .debug_abbrev  0x0000000000001da6       0x14 lib/libstm32.a(cortexm3_macro.o)
 .debug_abbrev  0x0000000000001dba       0xd8 lib/libstm32.a(stm32f10x_vector.o)
 .debug_abbrev  0x0000000000001e92      0x107 lib/libstm32.a(usb_init.o)
 .debug_abbrev  0x0000000000001f99      0x403 lib/libstm32.a(usb_core.o)
 .debug_abbrev  0x000000000000239c       0x8b lib/libstm32.a(usb_mem.o)
 .debug_abbrev  0x0000000000002427      0x1f5 lib/libstm32.a(usb_regs.o)
 .debug_abbrev  0x000000000000261c       0xeb lib/libstm32.a(usb_sil.o)
 .debug_abbrev  0x0000000000002707       0xe9 lib/libstm32.a(usb_int.o)

.debug_line     0x0000000000000000     0x367f
 *(.debug_line)
 .debug_line    0x0000000000000000      0x598 main.o
 .debug_line    0x0000000000000598      0x4e4 stm32f10x_it.o
 .debug_line    0x0000000000000a7c       0x47 usb_desc.o
 .debug_line    0x0000000000000ac3      0x165 usb_endp.o
 .debug_line    0x0000000000000c28       0x92 usb_istr.o
 .debug_line    0x0000000000000cba      0x213 usb_prop.o
 .debug_line    0x0000000000000ecd      0x187 USBInit.o
 .debug_line    0x0000000000001054      0x312 lib/libstm32.a(stm32f10x_flash.o)
 .debug_line    0x0000000000001366       0xd0 lib/libstm32.a(stm32f10x_iwdg.o)
 .debug_line    0x0000000000001436      0x23e lib/libstm32.a(stm32f10x_gpio.o)
 .debug_line    0x0000000000001674      0x33c lib/libstm32.a(stm32f10x_nvic.o)
 .debug_line    0x00000000000019b0      0x31d lib/libstm32.a(stm32f10x_rcc.o)
 .debug_line    0x0000000000001ccd      0x935 lib/libstm32.a(stm32f10x_tim.o)
 .debug_line    0x0000000000002602       0xe2 lib/libstm32.a(stm32f10x_systick.o)
 .debug_line    0x00000000000026e4      0x318 lib/libstm32.a(stm32f10x_usart.o)
 .debug_line    0x00000000000029fc       0x9a lib/libstm32.a(cortexm3_macro.o)
 .debug_line    0x0000000000002a96       0x59 lib/libstm32.a(stm32f10x_vector.o)
 .debug_line    0x0000000000002aef       0x8f lib/libstm32.a(usb_init.o)
 .debug_line    0x0000000000002b7e      0x394 lib/libstm32.a(usb_core.o)
 .debug_line    0x0000000000002f12       0xa9 lib/libstm32.a(usb_mem.o)
 .debug_line    0x0000000000002fbb      0x51a lib/libstm32.a(usb_regs.o)
 .debug_line    0x00000000000034d5       0xc1 lib/libstm32.a(usb_sil.o)
 .debug_line    0x0000000000003596       0xe9 lib/libstm32.a(usb_int.o)

.debug_frame    0x0000000000000000     0x2198
 *(.debug_frame)
 .debug_frame   0x0000000000000000      0x2e0 main.o
 .debug_frame   0x00000000000002e0      0x480 stm32f10x_it.o
 .debug_frame   0x0000000000000760       0x80 usb_endp.o
 .debug_frame   0x00000000000007e0       0x2c usb_istr.o
 .debug_frame   0x000000000000080c      0x108 usb_prop.o
 .debug_frame   0x0000000000000914       0xcc USBInit.o
 .debug_frame   0x00000000000009e0      0x1f0 lib/libstm32.a(stm32f10x_flash.o)
 .debug_frame   0x0000000000000bd0       0x70 lib/libstm32.a(stm32f10x_iwdg.o)
 .debug_frame   0x0000000000000c40      0x160 lib/libstm32.a(stm32f10x_gpio.o)
 .debug_frame   0x0000000000000da0      0x20c lib/libstm32.a(stm32f10x_nvic.o)
 .debug_frame   0x0000000000000fac      0x220 lib/libstm32.a(stm32f10x_rcc.o)
 .debug_frame   0x00000000000011cc      0x6a8 lib/libstm32.a(stm32f10x_tim.o)
 .debug_frame   0x0000000000001874       0x70 lib/libstm32.a(stm32f10x_systick.o)
 .debug_frame   0x00000000000018e4      0x200 lib/libstm32.a(stm32f10x_usart.o)
 .debug_frame   0x0000000000001ae4       0x30 lib/libstm32.a(stm32f10x_vector.o)
 .debug_frame   0x0000000000001b14       0x20 lib/libstm32.a(usb_init.o)
 .debug_frame   0x0000000000001b34      0x1cc lib/libstm32.a(usb_core.o)
 .debug_frame   0x0000000000001d00       0x44 lib/libstm32.a(usb_mem.o)
 .debug_frame   0x0000000000001d44      0x3d0 lib/libstm32.a(usb_regs.o)
 .debug_frame   0x0000000000002114       0x3c lib/libstm32.a(usb_sil.o)
 .debug_frame   0x0000000000002150       0x48 lib/libstm32.a(usb_int.o)

.debug_str      0x0000000000000000     0x3d91
 *(.debug_str)
 .debug_str     0x0000000000000000      0xcce main.o
                                        0xd5d (size before relaxing)
 .debug_str     0x0000000000000cce      0x56c stm32f10x_it.o
                                        0x803 (size before relaxing)
 .debug_str     0x000000000000123a       0xc8 usb_desc.o
                                        0x1c1 (size before relaxing)
 .debug_str     0x0000000000001302       0xa4 usb_endp.o
                                        0x335 (size before relaxing)
 .debug_str     0x00000000000013a6      0x101 usb_istr.o
                                        0x26f (size before relaxing)
 .debug_str     0x00000000000014a7      0x595 usb_prop.o
                                        0x98e (size before relaxing)
 .debug_str     0x0000000000001a3c       0xe6 USBInit.o
                                        0x335 (size before relaxing)
 .debug_str     0x0000000000001b22      0x2d4 lib/libstm32.a(stm32f10x_flash.o)
                                        0x4f0 (size before relaxing)
 .debug_str     0x0000000000001df6       0x82 lib/libstm32.a(stm32f10x_iwdg.o)
                                        0x1d7 (size before relaxing)
 .debug_str     0x0000000000001e78      0x1c8 lib/libstm32.a(stm32f10x_gpio.o)
                                        0x465 (size before relaxing)
 .debug_str     0x0000000000002040      0x476 lib/libstm32.a(stm32f10x_nvic.o)
                                        0x6c5 (size before relaxing)
 .debug_str     0x00000000000024b6      0x2fd lib/libstm32.a(stm32f10x_rcc.o)
                                        0x595 (size before relaxing)
 .debug_str     0x00000000000027b3      0x9d8 lib/libstm32.a(stm32f10x_tim.o)
                                        0xd86 (size before relaxing)
 .debug_str     0x000000000000318b       0xac lib/libstm32.a(stm32f10x_systick.o)
                                        0x23a (size before relaxing)
 .debug_str     0x0000000000003237      0x2ba lib/libstm32.a(stm32f10x_usart.o)
                                        0x630 (size before relaxing)
 .debug_str     0x00000000000034f1       0x6f lib/libstm32.a(stm32f10x_vector.o)
                                        0x12d (size before relaxing)
 .debug_str     0x0000000000003560       0x4f lib/libstm32.a(usb_init.o)
                                        0x4b5 (size before relaxing)
 .debug_str     0x00000000000035af      0x425 lib/libstm32.a(usb_core.o)
                                        0xa58 (size before relaxing)
 .debug_str     0x00000000000039d4       0x4a lib/libstm32.a(usb_mem.o)
                                        0x16b (size before relaxing)
 .debug_str     0x0000000000003a1e      0x30f lib/libstm32.a(usb_regs.o)
                                        0x4f3 (size before relaxing)
 .debug_str     0x0000000000003d2d       0x3c lib/libstm32.a(usb_sil.o)
                                        0x18c (size before relaxing)
 .debug_str     0x0000000000003d69       0x28 lib/libstm32.a(usb_int.o)
                                        0x192 (size before relaxing)

.debug_loc      0x0000000000000000     0x60cb
 *(.debug_loc)
 .debug_loc     0x0000000000000000      0x71f main.o
 .debug_loc     0x000000000000071f       0xb5 usb_endp.o
 .debug_loc     0x00000000000007d4      0x1cc usb_prop.o
 .debug_loc     0x00000000000009a0      0x141 USBInit.o
 .debug_loc     0x0000000000000ae1      0x6ad lib/libstm32.a(stm32f10x_flash.o)
 .debug_loc     0x000000000000118e       0x62 lib/libstm32.a(stm32f10x_iwdg.o)
 .debug_loc     0x00000000000011f0      0x527 lib/libstm32.a(stm32f10x_gpio.o)
 .debug_loc     0x0000000000001717      0x91a lib/libstm32.a(stm32f10x_nvic.o)
 .debug_loc     0x0000000000002031      0x69d lib/libstm32.a(stm32f10x_rcc.o)
 .debug_loc     0x00000000000026ce     0x1962 lib/libstm32.a(stm32f10x_tim.o)
 .debug_loc     0x0000000000004030       0xe7 lib/libstm32.a(stm32f10x_systick.o)
 .debug_loc     0x0000000000004117      0x85c lib/libstm32.a(stm32f10x_usart.o)
 .debug_loc     0x0000000000004973       0x43 lib/libstm32.a(stm32f10x_vector.o)
 .debug_loc     0x00000000000049b6      0x79e lib/libstm32.a(usb_core.o)
 .debug_loc     0x0000000000005154      0x28f lib/libstm32.a(usb_mem.o)
 .debug_loc     0x00000000000053e3      0xbe9 lib/libstm32.a(usb_regs.o)
 .debug_loc     0x0000000000005fcc       0x64 lib/libstm32.a(usb_sil.o)
 .debug_loc     0x0000000000006030       0x9b lib/libstm32.a(usb_int.o)

.debug_macinfo
 *(.debug_macinfo)

.debug_weaknames
 *(.debug_weaknames)

.debug_funcnames
 *(.debug_funcnames)

.debug_typenames
 *(.debug_typenames)

.debug_varnames
 *(.debug_varnames)
OUTPUT(OpenCM9.04_Baram_Boot.elf elf32-littlearm)

.debug_ranges   0x0000000000000000      0xfd8
 .debug_ranges  0x0000000000000000       0xf8 main.o
 .debug_ranges  0x00000000000000f8      0x230 stm32f10x_it.o
 .debug_ranges  0x0000000000000328       0x48 usb_endp.o
 .debug_ranges  0x0000000000000370       0x10 usb_istr.o
 .debug_ranges  0x0000000000000380       0x78 usb_prop.o
 .debug_ranges  0x00000000000003f8       0x48 USBInit.o
 .debug_ranges  0x0000000000000440       0xc0 lib/libstm32.a(stm32f10x_flash.o)
 .debug_ranges  0x0000000000000500       0x38 lib/libstm32.a(stm32f10x_iwdg.o)
 .debug_ranges  0x0000000000000538       0x90 lib/libstm32.a(stm32f10x_gpio.o)
 .debug_ranges  0x00000000000005c8       0xf8 lib/libstm32.a(stm32f10x_nvic.o)
 .debug_ranges  0x00000000000006c0      0x108 lib/libstm32.a(stm32f10x_rcc.o)
 .debug_ranges  0x00000000000007c8      0x308 lib/libstm32.a(stm32f10x_tim.o)
 .debug_ranges  0x0000000000000ad0       0x38 lib/libstm32.a(stm32f10x_systick.o)
 .debug_ranges  0x0000000000000b08       0xe0 lib/libstm32.a(stm32f10x_usart.o)
 .debug_ranges  0x0000000000000be8       0x10 lib/libstm32.a(stm32f10x_vector.o)
 .debug_ranges  0x0000000000000bf8       0x10 lib/libstm32.a(usb_init.o)
 .debug_ranges  0x0000000000000c08       0xf8 lib/libstm32.a(usb_core.o)
 .debug_ranges  0x0000000000000d00       0x18 lib/libstm32.a(usb_mem.o)
 .debug_ranges  0x0000000000000d18      0x290 lib/libstm32.a(usb_regs.o)
 .debug_ranges  0x0000000000000fa8       0x18 lib/libstm32.a(usb_sil.o)
 .debug_ranges  0x0000000000000fc0       0x18 lib/libstm32.a(usb_int.o)

Cross Reference Table

Symbol                                            File
ADC1_2_IRQHandler                                 stm32f10x_it.o
                                                  lib/libstm32.a(stm32f10x_vector.o)
ADC3_IRQHandler                                   stm32f10x_it.o
                                                  lib/libstm32.a(stm32f10x_vector.o)
BusFaultException                                 stm32f10x_it.o
                                                  lib/libstm32.a(stm32f10x_vector.o)
ByteSwap                                          lib/libstm32.a(usb_regs.o)
                                                  lib/libstm32.a(usb_core.o)
CAN_RX1_IRQHandler                                stm32f10x_it.o
                                                  lib/libstm32.a(stm32f10x_vector.o)
CAN_SCE_IRQHandler                                stm32f10x_it.o
                                                  lib/libstm32.a(stm32f10x_vector.o)
CTR_HP                                            lib/libstm32.a(usb_int.o)
CTR_LP                                            lib/libstm32.a(usb_int.o)
                                                  usb_istr.o
CheckTimeOut                                      main.o
ClearBuffer256                                    main.o
ClearDTOG_RX                                      lib/libstm32.a(usb_regs.o)
                                                  lib/libstm32.a(usb_core.o)
ClearDTOG_TX                                      lib/libstm32.a(usb_regs.o)
                                                  lib/libstm32.a(usb_core.o)
ClearEPDoubleBuff                                 lib/libstm32.a(usb_regs.o)
ClearEP_CTR_RX                                    lib/libstm32.a(usb_regs.o)
ClearEP_CTR_TX                                    lib/libstm32.a(usb_regs.o)
ClearEP_KIND                                      lib/libstm32.a(usb_regs.o)
ClearTimeOutBuffer                                main.o
                                                  usb_endp.o
Clear_Status_Out                                  lib/libstm32.a(usb_regs.o)
                                                  usb_prop.o
Config_Descriptor                                 usb_prop.o
DMA1_Channel1_IRQHandler                          stm32f10x_it.o
DMA1_Channel2_IRQHandler                          stm32f10x_it.o
DMA1_Channel3_IRQHandler                          stm32f10x_it.o
DMA1_Channel4_IRQHandler                          stm32f10x_it.o
DMA1_Channel5_IRQHandler                          stm32f10x_it.o
DMA1_Channel6_IRQHandler                          stm32f10x_it.o
DMA1_Channel7_IRQHandler                          stm32f10x_it.o
DMA2_Channel1_IRQHandler                          stm32f10x_it.o
                                                  lib/libstm32.a(stm32f10x_vector.o)
DMA2_Channel2_IRQHandler                          stm32f10x_it.o
                                                  lib/libstm32.a(stm32f10x_vector.o)
DMA2_Channel3_IRQHandler                          stm32f10x_it.o
                                                  lib/libstm32.a(stm32f10x_vector.o)
DMA2_Channel4_5_IRQHandler                        stm32f10x_it.o
                                                  lib/libstm32.a(stm32f10x_vector.o)
Data_Mul_MaxPacketSize                            lib/libstm32.a(usb_core.o)
DebugMonitor                                      stm32f10x_it.o
                                                  lib/libstm32.a(stm32f10x_vector.o)
Delay                                             main.o
                                                  USBInit.o
Device_Descriptor                                 usb_prop.o
Device_Info                                       lib/libstm32.a(usb_init.o)
                                                  usb_prop.o
Device_Property                                   usb_prop.o
                                                  lib/libstm32.a(usb_core.o)
                                                  lib/libstm32.a(usb_init.o)
                                                  usb_istr.o
Device_Table                                      usb_prop.o
                                                  lib/libstm32.a(usb_core.o)
EP1_IN_Callback                                   usb_endp.o
                                                  usb_istr.o
EP3_OUT_Callback                                  usb_endp.o
                                                  usb_istr.o
EPindex                                           lib/libstm32.a(usb_init.o)
                                                  lib/libstm32.a(usb_int.o)
EXTI0_IRQHandler                                  stm32f10x_it.o
                                                  lib/libstm32.a(stm32f10x_vector.o)
EXTI15_10_IRQHandler                              stm32f10x_it.o
                                                  lib/libstm32.a(stm32f10x_vector.o)
EXTI1_IRQHandler                                  stm32f10x_it.o
                                                  lib/libstm32.a(stm32f10x_vector.o)
EXTI2_IRQHandler                                  stm32f10x_it.o
                                                  lib/libstm32.a(stm32f10x_vector.o)
EXTI3_IRQHandler                                  stm32f10x_it.o
                                                  lib/libstm32.a(stm32f10x_vector.o)
EXTI4_IRQHandler                                  stm32f10x_it.o
                                                  lib/libstm32.a(stm32f10x_vector.o)
EXTI9_5_IRQHandler                                stm32f10x_it.o
                                                  lib/libstm32.a(stm32f10x_vector.o)
FLASH_ClearFlag                                   lib/libstm32.a(stm32f10x_flash.o)
                                                  main.o
FLASH_EnableWriteProtection                       lib/libstm32.a(stm32f10x_flash.o)
FLASH_EraseAllPages                               lib/libstm32.a(stm32f10x_flash.o)
FLASH_EraseOptionBytes                            lib/libstm32.a(stm32f10x_flash.o)
FLASH_ErasePage                                   lib/libstm32.a(stm32f10x_flash.o)
                                                  main.o
FLASH_GetFlagStatus                               lib/libstm32.a(stm32f10x_flash.o)
FLASH_GetPrefetchBufferStatus                     lib/libstm32.a(stm32f10x_flash.o)
FLASH_GetReadOutProtectionStatus                  lib/libstm32.a(stm32f10x_flash.o)
FLASH_GetStatus                                   lib/libstm32.a(stm32f10x_flash.o)
FLASH_GetUserOptionByte                           lib/libstm32.a(stm32f10x_flash.o)
FLASH_GetWriteProtectionOptionByte                lib/libstm32.a(stm32f10x_flash.o)
FLASH_HalfCycleAccessCmd                          lib/libstm32.a(stm32f10x_flash.o)
FLASH_IRQHandler                                  stm32f10x_it.o
                                                  lib/libstm32.a(stm32f10x_vector.o)
FLASH_ITConfig                                    lib/libstm32.a(stm32f10x_flash.o)
FLASH_Lock                                        lib/libstm32.a(stm32f10x_flash.o)
                                                  main.o
FLASH_PrefetchBufferCmd                           lib/libstm32.a(stm32f10x_flash.o)
                                                  main.o
FLASH_ProgramHalfWord                             lib/libstm32.a(stm32f10x_flash.o)
FLASH_ProgramOptionByteData                       lib/libstm32.a(stm32f10x_flash.o)
FLASH_ProgramWord                                 lib/libstm32.a(stm32f10x_flash.o)
                                                  usb_endp.o
FLASH_ReadOutProtection                           lib/libstm32.a(stm32f10x_flash.o)
FLASH_SetLatency                                  lib/libstm32.a(stm32f10x_flash.o)
                                                  main.o
FLASH_Unlock                                      lib/libstm32.a(stm32f10x_flash.o)
                                                  main.o
FLASH_UserOptionByteConfig                        lib/libstm32.a(stm32f10x_flash.o)
FLASH_WaitForLastOperation                        lib/libstm32.a(stm32f10x_flash.o)
FSMC_IRQHandler                                   stm32f10x_it.o
                                                  lib/libstm32.a(stm32f10x_vector.o)
FinishToSend                                      usb_endp.o
FreeUserBuffer                                    lib/libstm32.a(usb_regs.o)
GPIO_AFIODeInit                                   lib/libstm32.a(stm32f10x_gpio.o)
GPIO_Configuration                                main.o
GPIO_DeInit                                       lib/libstm32.a(stm32f10x_gpio.o)
GPIO_EXTILineConfig                               lib/libstm32.a(stm32f10x_gpio.o)
GPIO_EventOutputCmd                               lib/libstm32.a(stm32f10x_gpio.o)
GPIO_EventOutputConfig                            lib/libstm32.a(stm32f10x_gpio.o)
GPIO_Init                                         lib/libstm32.a(stm32f10x_gpio.o)
                                                  main.o
GPIO_PinLockConfig                                lib/libstm32.a(stm32f10x_gpio.o)
GPIO_PinRemapConfig                               lib/libstm32.a(stm32f10x_gpio.o)
                                                  main.o
GPIO_ReadInputData                                lib/libstm32.a(stm32f10x_gpio.o)
GPIO_ReadInputDataBit                             lib/libstm32.a(stm32f10x_gpio.o)
                                                  main.o
GPIO_ReadOutputData                               lib/libstm32.a(stm32f10x_gpio.o)
GPIO_ReadOutputDataBit                            lib/libstm32.a(stm32f10x_gpio.o)
GPIO_ResetBits                                    lib/libstm32.a(stm32f10x_gpio.o)
                                                  USBInit.o
                                                  main.o
GPIO_SetBits                                      lib/libstm32.a(stm32f10x_gpio.o)
                                                  USBInit.o
                                                  main.o
GPIO_StructInit                                   lib/libstm32.a(stm32f10x_gpio.o)
GPIO_Write                                        lib/libstm32.a(stm32f10x_gpio.o)
GPIO_WriteBit                                     lib/libstm32.a(stm32f10x_gpio.o)
GetBTABLE                                         lib/libstm32.a(usb_regs.o)
GetCNTR                                           lib/libstm32.a(usb_regs.o)
GetDADDR                                          lib/libstm32.a(usb_regs.o)
GetENDPOINT                                       lib/libstm32.a(usb_regs.o)
GetEPAddress                                      lib/libstm32.a(usb_regs.o)
GetEPDblBuf0Addr                                  lib/libstm32.a(usb_regs.o)
GetEPDblBuf0Count                                 lib/libstm32.a(usb_regs.o)
GetEPDblBuf1Addr                                  lib/libstm32.a(usb_regs.o)
GetEPDblBuf1Count                                 lib/libstm32.a(usb_regs.o)
GetEPDblBufDir                                    lib/libstm32.a(usb_regs.o)
GetEPRxAddr                                       lib/libstm32.a(usb_regs.o)
                                                  lib/libstm32.a(usb_sil.o)
                                                  lib/libstm32.a(usb_core.o)
GetEPRxCount                                      lib/libstm32.a(usb_regs.o)
                                                  lib/libstm32.a(usb_sil.o)
GetEPRxStatus                                     lib/libstm32.a(usb_regs.o)
GetEPTxAddr                                       lib/libstm32.a(usb_regs.o)
                                                  lib/libstm32.a(usb_core.o)
GetEPTxCount                                      lib/libstm32.a(usb_regs.o)
GetEPTxStatus                                     lib/libstm32.a(usb_regs.o)
GetEPType                                         lib/libstm32.a(usb_regs.o)
GetFNR                                            lib/libstm32.a(usb_regs.o)
GetISTR                                           lib/libstm32.a(usb_regs.o)
GetRxStallStatus                                  lib/libstm32.a(usb_regs.o)
GetTxStallStatus                                  lib/libstm32.a(usb_regs.o)
Get_SerialNum                                     USBInit.o
                                                  usb_prop.o
HSEStartUpStatus                                  main.o
HardFaultException                                stm32f10x_it.o
                                                  lib/libstm32.a(stm32f10x_vector.o)
I2C1_ER_IRQHandler                                stm32f10x_it.o
                                                  lib/libstm32.a(stm32f10x_vector.o)
I2C1_EV_IRQHandler                                stm32f10x_it.o
                                                  lib/libstm32.a(stm32f10x_vector.o)
I2C2_ER_IRQHandler                                stm32f10x_it.o
                                                  lib/libstm32.a(stm32f10x_vector.o)
I2C2_EV_IRQHandler                                stm32f10x_it.o
                                                  lib/libstm32.a(stm32f10x_vector.o)
IWDG_Enable                                       lib/libstm32.a(stm32f10x_iwdg.o)
IWDG_GetFlagStatus                                lib/libstm32.a(stm32f10x_iwdg.o)
IWDG_ReloadCounter                                lib/libstm32.a(stm32f10x_iwdg.o)
IWDG_SetPrescaler                                 lib/libstm32.a(stm32f10x_iwdg.o)
                                                  main.o
IWDG_SetReload                                    lib/libstm32.a(stm32f10x_iwdg.o)
                                                  main.o
IWDG_WriteAccessCmd                               lib/libstm32.a(stm32f10x_iwdg.o)
                                                  main.o
In0_Process                                       lib/libstm32.a(usb_core.o)
                                                  lib/libstm32.a(usb_int.o)
Interrupt1ms                                      main.o
                                                  stm32f10x_it.o
MemManageException                                stm32f10x_it.o
                                                  lib/libstm32.a(stm32f10x_vector.o)
NMIException                                      stm32f10x_it.o
                                                  lib/libstm32.a(stm32f10x_vector.o)
NOP_Process                                       lib/libstm32.a(usb_core.o)
                                                  usb_prop.o
                                                  usb_istr.o
NVIC_BASEPRICONFIG                                lib/libstm32.a(stm32f10x_nvic.o)
NVIC_ClearIRQChannelPendingBit                    lib/libstm32.a(stm32f10x_nvic.o)
NVIC_ClearSystemHandlerPendingBit                 lib/libstm32.a(stm32f10x_nvic.o)
NVIC_Configuration                                main.o
NVIC_DeInit                                       lib/libstm32.a(stm32f10x_nvic.o)
NVIC_GenerateCoreReset                            lib/libstm32.a(stm32f10x_nvic.o)
NVIC_GenerateSystemReset                          lib/libstm32.a(stm32f10x_nvic.o)
                                                  main.o
NVIC_GetBASEPRI                                   lib/libstm32.a(stm32f10x_nvic.o)
NVIC_GetCPUID                                     lib/libstm32.a(stm32f10x_nvic.o)
NVIC_GetCurrentActiveHandler                      lib/libstm32.a(stm32f10x_nvic.o)
NVIC_GetCurrentPendingIRQChannel                  lib/libstm32.a(stm32f10x_nvic.o)
NVIC_GetFaultAddress                              lib/libstm32.a(stm32f10x_nvic.o)
NVIC_GetFaultHandlerSources                       lib/libstm32.a(stm32f10x_nvic.o)
NVIC_GetIRQChannelActiveBitStatus                 lib/libstm32.a(stm32f10x_nvic.o)
NVIC_GetIRQChannelPendingBitStatus                lib/libstm32.a(stm32f10x_nvic.o)
NVIC_GetSystemHandlerActiveBitStatus              lib/libstm32.a(stm32f10x_nvic.o)
NVIC_GetSystemHandlerPendingBitStatus             lib/libstm32.a(stm32f10x_nvic.o)
NVIC_Init                                         lib/libstm32.a(stm32f10x_nvic.o)
                                                  main.o
NVIC_PriorityGroupConfig                          lib/libstm32.a(stm32f10x_nvic.o)
                                                  main.o
NVIC_RESETFAULTMASK                               lib/libstm32.a(stm32f10x_nvic.o)
NVIC_RESETPRIMASK                                 lib/libstm32.a(stm32f10x_nvic.o)
NVIC_SCBDeInit                                    lib/libstm32.a(stm32f10x_nvic.o)
NVIC_SETFAULTMASK                                 lib/libstm32.a(stm32f10x_nvic.o)
NVIC_SETPRIMASK                                   lib/libstm32.a(stm32f10x_nvic.o)
NVIC_SetIRQChannelPendingBit                      lib/libstm32.a(stm32f10x_nvic.o)
NVIC_SetSystemHandlerPendingBit                   lib/libstm32.a(stm32f10x_nvic.o)
NVIC_SetVectorTable                               lib/libstm32.a(stm32f10x_nvic.o)
                                                  main.o
NVIC_StructInit                                   lib/libstm32.a(stm32f10x_nvic.o)
NVIC_SystemHandlerConfig                          lib/libstm32.a(stm32f10x_nvic.o)
NVIC_SystemHandlerPriorityConfig                  lib/libstm32.a(stm32f10x_nvic.o)
NVIC_SystemLPConfig                               lib/libstm32.a(stm32f10x_nvic.o)
Out0_Process                                      lib/libstm32.a(usb_core.o)
                                                  lib/libstm32.a(usb_int.o)
PMAToUserBufferCopy                               lib/libstm32.a(usb_mem.o)
                                                  lib/libstm32.a(usb_sil.o)
                                                  lib/libstm32.a(usb_core.o)
PVD_IRQHandler                                    stm32f10x_it.o
                                                  lib/libstm32.a(stm32f10x_vector.o)
PendSVC                                           stm32f10x_it.o
                                                  lib/libstm32.a(stm32f10x_vector.o)
Post0_Process                                     lib/libstm32.a(usb_core.o)
PowerOff                                          USBInit.o
PowerOn                                           USBInit.o
                                                  usb_prop.o
RCC_ADCCLKConfig                                  lib/libstm32.a(stm32f10x_rcc.o)
RCC_AHBPeriphClockCmd                             lib/libstm32.a(stm32f10x_rcc.o)
RCC_APB1PeriphClockCmd                            lib/libstm32.a(stm32f10x_rcc.o)
                                                  main.o
RCC_APB1PeriphResetCmd                            lib/libstm32.a(stm32f10x_rcc.o)
                                                  lib/libstm32.a(stm32f10x_usart.o)
                                                  lib/libstm32.a(stm32f10x_tim.o)
RCC_APB2PeriphClockCmd                            lib/libstm32.a(stm32f10x_rcc.o)
                                                  main.o
RCC_APB2PeriphResetCmd                            lib/libstm32.a(stm32f10x_rcc.o)
                                                  lib/libstm32.a(stm32f10x_usart.o)
                                                  lib/libstm32.a(stm32f10x_tim.o)
                                                  lib/libstm32.a(stm32f10x_gpio.o)
RCC_AdjustHSICalibrationValue                     lib/libstm32.a(stm32f10x_rcc.o)
RCC_BackupResetCmd                                lib/libstm32.a(stm32f10x_rcc.o)
RCC_ClearFlag                                     lib/libstm32.a(stm32f10x_rcc.o)
                                                  main.o
RCC_ClearITPendingBit                             lib/libstm32.a(stm32f10x_rcc.o)
RCC_ClockSecuritySystemCmd                        lib/libstm32.a(stm32f10x_rcc.o)
RCC_Configuration                                 main.o
RCC_DeInit                                        lib/libstm32.a(stm32f10x_rcc.o)
                                                  main.o
RCC_GetClocksFreq                                 lib/libstm32.a(stm32f10x_rcc.o)
                                                  lib/libstm32.a(stm32f10x_usart.o)
RCC_GetFlagStatus                                 lib/libstm32.a(stm32f10x_rcc.o)
                                                  main.o
RCC_GetITStatus                                   lib/libstm32.a(stm32f10x_rcc.o)
RCC_GetSYSCLKSource                               lib/libstm32.a(stm32f10x_rcc.o)
                                                  main.o
RCC_HCLKConfig                                    lib/libstm32.a(stm32f10x_rcc.o)
                                                  main.o
RCC_HSEConfig                                     lib/libstm32.a(stm32f10x_rcc.o)
                                                  main.o
RCC_HSICmd                                        lib/libstm32.a(stm32f10x_rcc.o)
RCC_IRQHandler                                    stm32f10x_it.o
                                                  lib/libstm32.a(stm32f10x_vector.o)
RCC_ITConfig                                      lib/libstm32.a(stm32f10x_rcc.o)
RCC_LSEConfig                                     lib/libstm32.a(stm32f10x_rcc.o)
RCC_LSICmd                                        lib/libstm32.a(stm32f10x_rcc.o)
RCC_MCOConfig                                     lib/libstm32.a(stm32f10x_rcc.o)
RCC_PCLK1Config                                   lib/libstm32.a(stm32f10x_rcc.o)
                                                  main.o
RCC_PCLK2Config                                   lib/libstm32.a(stm32f10x_rcc.o)
                                                  main.o
RCC_PLLCmd                                        lib/libstm32.a(stm32f10x_rcc.o)
                                                  main.o