Archive member included to satisfy reference by file (symbol)

lib/libstm32.a(stm32f10x_flash.o)
                              main.o (FLASH_SetLatency)
lib/libstm32.a(stm32f10x_iwdg.o)
                              main.o (IWDG_WriteAccessCmd)
lib/libstm32.a(stm32f10x_gpio.o)
                              main.o (GPIO_Init)
lib/libstm32.a(stm32f10x_nvic.o)
                              main.o (NVIC_PriorityGroupConfig)
lib/libstm32.a(stm32f10x_rcc.o)
                              main.o (RCC_DeInit)
lib/libstm32.a(stm32f10x_tim.o)
                              main.o (TIM_TimeBaseInit)
lib/libstm32.a(stm32f10x_systick.o)
                              main.o (SysTick_SetReload)
lib/libstm32.a(stm32f10x_usart.o)
                              main.o (USART_DeInit)
lib/libstm32.a(cortexm3_macro.o)
                              lib/libstm32.a(stm32f10x_nvic.o) (__DSB)
lib/libstm32.a(stm32f10x_vector.o)
                              (Reset_Handler)
lib/libstm32.a(usb_init.o)    main.o (USB_Init)
lib/libstm32.a(usb_core.o)    usb_prop.o (Standard_GetDescriptorData)
lib/libstm32.a(usb_mem.o)     USBInit.o (UserToPMABufferCopy)
lib/libstm32.a(usb_regs.o)    usb_prop.o (SetBTABLE)
lib/libstm32.a(usb_sil.o)     usb_prop.o (USB_SIL_Init)
lib/libstm32.a(usb_int.o)     usb_istr.o (CTR_LP)

Allocating common symbols
Common symbol       size              file

SaveRState          0x2               lib/libstm32.a(usb_int.o)
HSEStartUpStatus    0x1               main.o
gbDXLReadPointer    0x1               main.o
SaveState           0x2               lib/libstm32.a(usb_init.o)
wIstr               0x2               usb_istr.o
pProperty           0x4               lib/libstm32.a(usb_init.o)
EPindex             0x1               lib/libstm32.a(usb_init.o)
TimingDelay         0x4               main.o
SaveTState          0x2               lib/libstm32.a(usb_int.o)
Device_Info         0x1c              lib/libstm32.a(usb_init.o)
pUser_Standard_Requests
                    0x4               lib/libstm32.a(usb_init.o)
gwUSARTWritePtr     0x2               main.o
USB_Rx_Buffer       0x40              usb_endp.o
StatusInfo          0x2               lib/libstm32.a(usb_core.o)
pInformation        0x4               lib/libstm32.a(usb_init.o)
gbpRxBuffer         0x51              main.o
gwUSARTReadPtr      0x2               main.o
USART_InitStructure
                    0x10              main.o
gwpUSARTBuffer      0x400             main.o
gbpDXLDataBuffer    0x100             main.o
gbDXLWritePointer   0x1               main.o
wInterrupt_Mask     0x2               lib/libstm32.a(usb_init.o)

Discarded input sections

 .text          0x00000000        0x0 main.o
 .text.ClearBuffer256
                0x00000000       0x14 main.o
 .text.dxl_get_baudrate
                0x00000000       0x30 main.o
 .text.TxD_Dec_U8
                0x00000000       0x4a main.o
 .text.USB_TxD_Dec_U8
                0x00000000       0x4a main.o
 .text.USB_TxDHex8
                0x00000000       0x34 main.o
 .text.USB_TxDHex16
                0x00000000       0x14 main.o
 .text.USB_TxDHex32
                0x00000000       0x14 main.o
 .text.RxDBufferFromHost
                0x00000000       0x20 main.o
 .text          0x00000000        0x0 stm32f10x_it.o
 .data          0x00000000        0x0 stm32f10x_it.o
 .bss           0x00000000        0x0 stm32f10x_it.o
 .text.DMA1_Channel1_IRQHandler
                0x00000000        0x2 stm32f10x_it.o
 .text.DMA1_Channel2_IRQHandler
                0x00000000        0x2 stm32f10x_it.o
 .text.DMA1_Channel3_IRQHandler
                0x00000000        0x2 stm32f10x_it.o
 .text.DMA1_Channel4_IRQHandler
                0x00000000        0x2 stm32f10x_it.o
 .text.DMA1_Channel5_IRQHandler
                0x00000000        0x2 stm32f10x_it.o
 .text.DMA1_Channel6_IRQHandler
                0x00000000        0x2 stm32f10x_it.o
 .text.DMA1_Channel7_IRQHandler
                0x00000000        0x2 stm32f10x_it.o
 .text          0x00000000        0x0 usb_desc.o
 .bss           0x00000000        0x0 usb_desc.o
 .text          0x00000000        0x0 usb_endp.o
 .data          0x00000000        0x0 usb_endp.o
 .text.SOF_Callback
                0x00000000       0x20 usb_endp.o
 .text          0x00000000        0x0 usb_istr.o
 .text          0x00000000        0x0 usb_prop.o
 .text          0x00000000        0x0 USBInit.o
 .data          0x00000000        0x0 USBInit.o
 .text.UsbVcpConnect
                0x00000000        0x4 USBInit.o
 .text          0x00000000        0x0 lib/libstm32.a(stm32f10x_flash.o)
 .data          0x00000000        0x0 lib/libstm32.a(stm32f10x_flash.o)
 .bss           0x00000000        0x0 lib/libstm32.a(stm32f10x_flash.o)
 .text.FLASH_HalfCycleAccessCmd
                0x00000000       0x18 lib/libstm32.a(stm32f10x_flash.o)
 .text.FLASH_GetUserOptionByte
                0x00000000        0xc lib/libstm32.a(stm32f10x_flash.o)
 .text.FLASH_GetWriteProtectionOptionByte
[...]
Memory Configuration

Name             Origin             Length             Attributes
RAM              0x20000000         0x00005000         xrw
FLASH            0x08000000         0x00010000         xr
FLASHB1          0x00000000         0x00000000         xr
EXTMEMB0         0x00000000         0x00000000         xr
EXTMEMB1         0x00000000         0x00000000         xr
EXTMEMB2         0x00000000         0x00000000         xr
EXTMEMB3         0x00000000         0x00000000         xr
*default*        0x00000000         0xffffffff

Linker script and memory map

LOAD main.o
LOAD stm32f10x_it.o
LOAD usb_desc.o
LOAD usb_endp.o
LOAD usb_istr.o
LOAD usb_prop.o
LOAD USBInit.o
LOAD lib/libstm32.a
                0x00000400                __Stack_Size = 0x400
                [!provide]                PROVIDE (_Stack_Size, __Stack_Size)
                0x20004c00                __Stack_Init = (_estack - __Stack_Size)
                [!provide]                PROVIDE (_Stack_Init, __Stack_Init)
                0x00000100                _Minimum_Stack_Size = 0x100
                [!provide]                PROVIDE (Undefined_Handler, 0x0)
                [!provide]                PROVIDE (SWI_Handler, 0x0)
                [!provide]                PROVIDE (IRQ_Handler, 0x0)
                [!provide]                PROVIDE (Prefetch_Handler, 0x0)
                [!provide]                PROVIDE (Abort_Handler, 0x0)
                [!provide]                PROVIDE (FIQ_Handler, 0x0)
                [!provide]                PROVIDE (NMIException, 0x0)
                [!provide]                PROVIDE (HardFaultException, 0x0)
                [!provide]                PROVIDE (MemManageException, 0x0)
                [!provide]                PROVIDE (BusFaultException, 0x0)
                [!provide]                PROVIDE (UsageFaultException, 0x0)
                [!provide]                PROVIDE (SVCHandler, 0x0)
                [!provide]                PROVIDE (DebugMonitor, 0x0)
                [!provide]                PROVIDE (PendSVC, 0x0)
                [!provide]                PROVIDE (SysTickHandler, 0x0)
                [!provide]                PROVIDE (WWDG_IRQHandler, 0x0)
                [!provide]                PROVIDE (PVD_IRQHandler, 0x0)
                [!provide]                PROVIDE (TAMPER_IRQHandler, 0x0)
                [!provide]                PROVIDE (RTC_IRQHandler, 0x0)
                [!provide]                PROVIDE (FLASH_IRQHandler, 0x0)
                [!provide]                PROVIDE (RCC_IRQHandler, 0x0)
                [!provide]                PROVIDE (EXTI0_IRQHandler, 0x0)
                [!provide]                PROVIDE (EXTI1_IRQHandler, 0x0)
                [!provide]                PROVIDE (EXTI2_IRQHandler, 0x0)
                [!provide]                PROVIDE (EXTI3_IRQHandler, 0x0)
                [!provide]                PROVIDE (EXTI4_IRQHandler, 0x0)
                [!provide]                PROVIDE (DMAChannel1_IRQHandler, 0x0)
                [!provide]                PROVIDE (DMAChannel2_IRQHandler, 0x0)
                [!provide]                PROVIDE (DMAChannel3_IRQHandler, 0x0)
                [!provide]                PROVIDE (DMAChannel4_IRQHandler, 0x0)
                [!provide]                PROVIDE (DMAChannel5_IRQHandler, 0x0)
                [!provide]                PROVIDE (DMAChannel6_IRQHandler, 0x0)
                [!provide]                PROVIDE (DMAChannel7_IRQHandler, 0x0)
                [!provide]                PROVIDE (ADC_IRQHandler, 0x0)
                [!provide]                PROVIDE (USB_HP_CAN_TX_IRQHandler, 0x0)
                [!provide]                PROVIDE (USB_LP_CAN_RX0_IRQHandler, 0x0)
                [!provide]                PROVIDE (CAN_RX1_IRQHandler, 0x0)
                [!provide]                PROVIDE (CAN_SCE_IRQHandler, 0x0)
                [!provide]                PROVIDE (EXTI9_5_IRQHandler, 0x0)
                [!provide]                PROVIDE (TIM1_BRK_IRQHandler, 0x0)
                [!provide]                PROVIDE (TIM1_UP_IRQHandler, 0x0)
                [!provide]                PROVIDE (TIM1_TRG_COM_IRQHandler, 0x0)
                [!provide]                PROVIDE (TIM1_CC_IRQHandler, 0x0)
                [!provide]                PROVIDE (TIM2_IRQHandler, 0x0)
                [!provide]                PROVIDE (TIM3_IRQHandler, 0x0)
                [!provide]                PROVIDE (TIM4_IRQHandler, 0x0)
                [!provide]                PROVIDE (I2C1_EV_IRQHandler, 0x0)
                [!provide]                PROVIDE (I2C1_ER_IRQHandler, 0x0)
                [!provide]                PROVIDE (I2C2_EV_IRQHandler, 0x0)
                [!provide]                PROVIDE (I2C2_ER_IRQHandler, 0x0)
                [!provide]                PROVIDE (SPI1_IRQHandler, 0x0)
                [!provide]                PROVIDE (SPI2_IRQHandler, 0x0)
                [!provide]                PROVIDE (USART1_IRQHandler, 0x0)
                [!provide]                PROVIDE (USART2_IRQHandler, 0x0)
                [!provide]                PROVIDE (USART3_IRQHandler, 0x0)
                [!provide]                PROVIDE (EXTI15_10_IRQHandler, 0x0)
                [!provide]                PROVIDE (RTCAlarm_IRQHandler, 0x0)
                [!provide]                PROVIDE (USBWakeUp_IRQHandler, 0x0)
                0x42000000                PERIPH_BB_BASE = 0x42000000
                0x22000000                SRAM_BB_BASE = 0x22000000
                0x20000000                SRAM_BASE = 0x20000000
                0x40000000                PERIPH_BASE = 0x40000000
                [!provide]                PROVIDE (FLASH_BASE, 0x40022000)
                [!provide]                PROVIDE (OB_BASE, 0x1ffff800)
                0x40000000                APB1PERIPH_BASE = PERIPH_BASE
                0x40010000                APB2PERIPH_BASE = (PERIPH_BASE + 0x10000)
                0x40020000                AHBPERIPH_BASE = (PERIPH_BASE + 0x20000)
                [!provide]                PROVIDE (TIM2, (APB1PERIPH_BASE + 0x0))
                [!provide]                PROVIDE (TIM3, (APB1PERIPH_BASE + 0x400))
                [!provide]                PROVIDE (TIM4, (APB1PERIPH_BASE + 0x800))
                [!provide]                PROVIDE (RTC, (APB1PERIPH_BASE + 0x2800))
                [!provide]                PROVIDE (WWDG, (APB1PERIPH_BASE + 0x2c00))
                [!provide]                PROVIDE (IWDG, (APB1PERIPH_BASE + 0x3000))
                [!provide]                PROVIDE (SPI2, (APB1PERIPH_BASE + 0x3800))
                [!provide]                PROVIDE (USART2, (APB1PERIPH_BASE + 0x4400))
                [!provide]                PROVIDE (USART3, (APB1PERIPH_BASE + 0x4800))
                [!provide]                PROVIDE (I2C1, (APB1PERIPH_BASE + 0x5400))
                [!provide]                PROVIDE (I2C2, (APB1PERIPH_BASE + 0x5800))
                [!provide]                PROVIDE (CAN, (APB1PERIPH_BASE + 0x6400))
                [!provide]                PROVIDE (BKP, (APB1PERIPH_BASE + 0x6c00))
                [!provide]                PROVIDE (PWR, (APB1PERIPH_BASE + 0x7000))
                [!provide]                PROVIDE (AFIO, (APB2PERIPH_BASE + 0x0))
                [!provide]                PROVIDE (EXTI, (APB2PERIPH_BASE + 0x400))
                [!provide]                PROVIDE (GPIOA, (APB2PERIPH_BASE + 0x800))
                [!provide]                PROVIDE (GPIOB, (APB2PERIPH_BASE + 0xc00))
                [!provide]                PROVIDE (GPIOC, (APB2PERIPH_BASE + 0x1000))
                [!provide]                PROVIDE (GPIOD, (APB2PERIPH_BASE + 0x1400))
                [!provide]                PROVIDE (GPIOE, (APB2PERIPH_BASE + 0x1800))
                [!provide]                PROVIDE (ADC1, (APB2PERIPH_BASE + 0x2400))
                [!provide]                PROVIDE (ADC2, (APB2PERIPH_BASE + 0x2800))
                [!provide]                PROVIDE (TIM1, (APB2PERIPH_BASE + 0x2c00))
                [!provide]                PROVIDE (SPI1, (APB2PERIPH_BASE + 0x3000))
                [!provide]                PROVIDE (USART1, (APB2PERIPH_BASE + 0x3800))
                [!provide]                PROVIDE (DMA, (AHBPERIPH_BASE + 0x0))
                [!provide]                PROVIDE (DMA_Channel1, (AHBPERIPH_BASE + 0x8))
                [!provide]                PROVIDE (DMA_Channel2, (AHBPERIPH_BASE + 0x1c))
                [!provide]                PROVIDE (DMA_Channel3, (AHBPERIPH_BASE + 0x30))
                [!provide]                PROVIDE (DMA_Channel4, (AHBPERIPH_BASE + 0x44))
                [!provide]                PROVIDE (DMA_Channel5, (AHBPERIPH_BASE + 0x58))
                [!provide]                PROVIDE (DMA_Channel6, (AHBPERIPH_BASE + 0x6c))
                [!provide]                PROVIDE (DMA_Channel7, (AHBPERIPH_BASE + 0x80))
                [!provide]                PROVIDE (RCC, (AHBPERIPH_BASE + 0x1000))
                0xe000e000                SCS_BASE = 0xe000e000
                [!provide]                PROVIDE (SysTick, (SCS_BASE + 0x10))
                [!provide]                PROVIDE (NVIC, (SCS_BASE + 0x100))
                [!provide]                PROVIDE (SCB, (SCS_BASE + 0xd00))
                0x20005000                _estack = 0x20005000

.isr_vector     0x08000000      0x134
                0x08000000                . = ALIGN (0x4)
 *(.isr_vector)
 .isr_vector    0x08000000      0x134 lib/libstm32.a(stm32f10x_vector.o)
                0x08000000                g_pfnVectors
                0x08000134                . = ALIGN (0x4)

.flashtext      0x08000134        0x0
                0x08000134                . = ALIGN (0x4)
 *(.flashtext)
                0x08000134                . = ALIGN (0x4)

.text           0x08000134     0x26f8
                0x08000134                . = ALIGN (0x4)
 *(.text)
 .text          0x08000134       0x6e lib/libstm32.a(cortexm3_macro.o)
                0x08000134                __WFI
                0x08000138                __WFE
                0x0800013c                __SEV
                0x08000140                __ISB
                0x08000146                __DSB
                0x0800014c                __DMB
                0x08000152                __SVC
                0x08000156                __MRS_CONTROL
                0x0800015c                __MSR_CONTROL
                0x08000166                __MRS_PSP
                0x0800016c                __MSR_PSP
                0x08000172                __MRS_MSP
                0x08000178                __MSR_MSP
                0x0800017e                __SETPRIMASK
                0x08000182                __RESETPRIMASK
                0x08000186                __SETFAULTMASK
                0x0800018a                __RESETFAULTMASK
                0x0800018e                __BASEPRICONFIG
                0x08000194                __GetBASEPRI
                0x0800019a                __REV_HalfWord
                0x0800019e                __REV_Word
 *(.text.*)
 *fill*         0x080001a2        0x2 
 .text.ClearTimeOutBuffer
                0x080001a4        0xc main.o
                0x080001a4                ClearTimeOutBuffer
 .text.CheckTimeOut
                0x080001b0       0x14 main.o
                0x080001b0                CheckTimeOut
 .text.Interrupt1ms
                0x080001c4       0x14 main.o
                0x080001c4                Interrupt1ms
 .text.Timer_Configuration
                0x080001d8       0x4e main.o
                0x080001d8                Timer_Configuration
 *fill*         0x08000226        0x2 
 .text.TxDByte  0x08000228       0x28 main.o
                0x08000228                TxDByte
 .text.TxDString
                0x08000250       0x12 main.o
                0x08000250                TxDString
 .text.TxDHex8  0x08000262       0x34 main.o
                0x08000262                TxDHex8
 .text.TxDHex16
                0x08000296       0x14 main.o
                0x08000296                TxDHex16
 .text.TxDHex32
                0x080002aa       0x14 main.o
                0x080002aa                TxDHex32
 .text.USB_TxDString
                0x080002be       0x12 main.o
                0x080002be                USB_TxDString
 .text.Delay    0x080002d0       0x2c main.o
                0x080002d0                Delay
 .text.StringCompare
                0x080002fc       0x30 main.o
                0x080002fc                StringCompare
 .text.StringCopy
                0x0800032c       0x24 main.o
                0x0800032c                StringCopy
 .text.USART_Configuration
                0x08000350       0xbc main.o
                0x08000350                USART_Configuration
 .text.SerialMonitor
                0x0800040c      0x410 main.o
                0x0800040c                SerialMonitor
 .text.RCC_Configuration
                0x0800081c       0x8c main.o
                0x0800081c                RCC_Configuration
 .text.GPIO_Configuration
                0x080008a8      0x128 main.o
                0x080008a8                GPIO_Configuration
 .text.NVIC_Configuration
                0x080009d0       0x7c main.o
                0x080009d0                NVIC_Configuration
 .text.startup.main
                0x08000a4c       0xb4 main.o
                0x08000a4c                main
 .text.NMIException
                0x08000b00        0x2 stm32f10x_it.o
                0x08000b00                NMIException
 .text.HardFaultException
                0x08000b02        0x2 stm32f10x_it.o
                0x08000b02                HardFaultException
 .text.MemManageException
                0x08000b04        0x2 stm32f10x_it.o
                0x08000b04                MemManageException
 .text.BusFaultException
                0x08000b06        0x2 stm32f10x_it.o
                0x08000b06                BusFaultException
 .text.UsageFaultException
                0x08000b08        0x2 stm32f10x_it.o
                0x08000b08                UsageFaultException
 .text.DebugMonitor
                0x08000b0a        0x2 stm32f10x_it.o
                0x08000b0a                DebugMonitor
 .text.SVCHandler
                0x08000b0c        0x2 stm32f10x_it.o
                0x08000b0c                SVCHandler
 .text.PendSVC  0x08000b0e        0x2 stm32f10x_it.o
                0x08000b0e                PendSVC
 .text.SysTickHandler
                0x08000b10       0x14 stm32f10x_it.o
                0x08000b10                SysTickHandler
 .text.WWDG_IRQHandler
                0x08000b24        0x2 stm32f10x_it.o
                0x08000b24                WWDG_IRQHandler
 .text.PVD_IRQHandler
                0x08000b26        0x2 stm32f10x_it.o
                0x08000b26                PVD_IRQHandler
 .text.TAMPER_IRQHandler
                0x08000b28        0x2 stm32f10x_it.o
                0x08000b28                TAMPER_IRQHandler
 .text.RTC_IRQHandler
                0x08000b2a        0x2 stm32f10x_it.o
                0x08000b2a                RTC_IRQHandler
 .text.FLASH_IRQHandler
                0x08000b2c        0x2 stm32f10x_it.o
                0x08000b2c                FLASH_IRQHandler
 .text.RCC_IRQHandler
                0x08000b2e        0x2 stm32f10x_it.o
                0x08000b2e                RCC_IRQHandler
 .text.EXTI0_IRQHandler
                0x08000b30        0x2 stm32f10x_it.o
                0x08000b30                EXTI0_IRQHandler
 .text.EXTI1_IRQHandler
                0x08000b32        0x2 stm32f10x_it.o
                0x08000b32                EXTI1_IRQHandler
 .text.EXTI2_IRQHandler
                0x08000b34        0x2 stm32f10x_it.o
                0x08000b34                EXTI2_IRQHandler
 .text.EXTI3_IRQHandler
                0x08000b36        0x2 stm32f10x_it.o
                0x08000b36                EXTI3_IRQHandler
 .text.EXTI4_IRQHandler
                0x08000b38        0x2 stm32f10x_it.o
                0x08000b38                EXTI4_IRQHandler
 .text.ADC1_2_IRQHandler
                0x08000b3a        0x2 stm32f10x_it.o
                0x08000b3a                ADC1_2_IRQHandler
 .text.USB_HP_CAN_TX_IRQHandler
                0x08000b3c        0x2 stm32f10x_it.o
                0x08000b3c                USB_HP_CAN_TX_IRQHandler
 .text.USB_LP_CAN_RX0_IRQHandler
                0x08000b3e        0x4 stm32f10x_it.o
                0x08000b3e                USB_LP_CAN_RX0_IRQHandler
 .text.CAN_RX1_IRQHandler
                0x08000b42        0x2 stm32f10x_it.o
                0x08000b42                CAN_RX1_IRQHandler
 .text.CAN_SCE_IRQHandler
                0x08000b44        0x2 stm32f10x_it.o
                0x08000b44                CAN_SCE_IRQHandler
 .text.EXTI9_5_IRQHandler
                0x08000b46        0x2 stm32f10x_it.o
                0x08000b46                EXTI9_5_IRQHandler
 .text.TIM1_BRK_IRQHandler
                0x08000b48        0x2 stm32f10x_it.o
                0x08000b48                TIM1_BRK_IRQHandler
 .text.TIM1_UP_IRQHandler
                0x08000b4a        0x2 stm32f10x_it.o
                0x08000b4a                TIM1_UP_IRQHandler
 .text.TIM1_TRG_COM_IRQHandler
                0x08000b4c        0x2 stm32f10x_it.o
                0x08000b4c                TIM1_TRG_COM_IRQHandler
 .text.TIM1_CC_IRQHandler
                0x08000b4e        0x2 stm32f10x_it.o
                0x08000b4e                TIM1_CC_IRQHandler
 .text.TIM2_IRQHandler
                0x08000b50       0x14 stm32f10x_it.o
                0x08000b50                TIM2_IRQHandler
 .text.TIM3_IRQHandler
                0x08000b64        0x2 stm32f10x_it.o
                0x08000b64                TIM3_IRQHandler
 .text.TIM4_IRQHandler
                0x08000b66        0x2 stm32f10x_it.o
                0x08000b66                TIM4_IRQHandler
 .text.I2C1_EV_IRQHandler
                0x08000b68        0x2 stm32f10x_it.o
                0x08000b68                I2C1_EV_IRQHandler
 .text.I2C1_ER_IRQHandler
                0x08000b6a        0x2 stm32f10x_it.o
                0x08000b6a                I2C1_ER_IRQHandler
 .text.I2C2_EV_IRQHandler
                0x08000b6c        0x2 stm32f10x_it.o
                0x08000b6c                I2C2_EV_IRQHandler
 .text.I2C2_ER_IRQHandler
                0x08000b6e        0x2 stm32f10x_it.o
                0x08000b6e                I2C2_ER_IRQHandler
 .text.SPI1_IRQHandler
                0x08000b70        0x2 stm32f10x_it.o
                0x08000b70                SPI1_IRQHandler
 .text.SPI2_IRQHandler
                0x08000b72        0x2 stm32f10x_it.o
                0x08000b72                SPI2_IRQHandler
 .text.USART1_IRQHandler
                0x08000b74       0x34 stm32f10x_it.o
                0x08000b74                USART1_IRQHandler
 .text.USART2_IRQHandler
                0x08000ba8       0x30 stm32f10x_it.o
                0x08000ba8                USART2_IRQHandler
 .text.USART3_IRQHandler
                0x08000bd8        0x2 stm32f10x_it.o
                0x08000bd8                USART3_IRQHandler
 .text.EXTI15_10_IRQHandler
                0x08000bda        0x2 stm32f10x_it.o
                0x08000bda                EXTI15_10_IRQHandler
 .text.RTCAlarm_IRQHandler
                0x08000bdc        0x2 stm32f10x_it.o
                0x08000bdc                RTCAlarm_IRQHandler
 .text.USBWakeUp_IRQHandler
                0x08000bde        0x2 stm32f10x_it.o
                0x08000bde                USBWakeUp_IRQHandler
 .text.TIM8_BRK_IRQHandler
                0x08000be0        0x2 stm32f10x_it.o
                0x08000be0                TIM8_BRK_IRQHandler
 .text.TIM8_UP_IRQHandler
                0x08000be2        0x2 stm32f10x_it.o
                0x08000be2                TIM8_UP_IRQHandler
 .text.TIM8_TRG_COM_IRQHandler
                0x08000be4        0x2 stm32f10x_it.o
                0x08000be4                TIM8_TRG_COM_IRQHandler
 .text.TIM8_CC_IRQHandler
                0x08000be6        0x2 stm32f10x_it.o
                0x08000be6                TIM8_CC_IRQHandler
 .text.ADC3_IRQHandler
                0x08000be8        0x2 stm32f10x_it.o
                0x08000be8                ADC3_IRQHandler
 .text.FSMC_IRQHandler
                0x08000bea        0x2 stm32f10x_it.o
                0x08000bea                FSMC_IRQHandler
 .text.SDIO_IRQHandler
                0x08000bec        0x2 stm32f10x_it.o
                0x08000bec                SDIO_IRQHandler
 .text.TIM5_IRQHandler
                0x08000bee        0x2 stm32f10x_it.o
                0x08000bee                TIM5_IRQHandler
 .text.SPI3_IRQHandler
                0x08000bf0        0x2 stm32f10x_it.o
                0x08000bf0                SPI3_IRQHandler
 .text.UART4_IRQHandler
                0x08000bf2        0x2 stm32f10x_it.o
                0x08000bf2                UART4_IRQHandler
 .text.UART5_IRQHandler
                0x08000bf4        0x2 stm32f10x_it.o
                0x08000bf4                UART5_IRQHandler
 .text.TIM6_IRQHandler
                0x08000bf6        0x2 stm32f10x_it.o
                0x08000bf6                TIM6_IRQHandler
 .text.TIM7_IRQHandler
                0x08000bf8        0x2 stm32f10x_it.o
                0x08000bf8                TIM7_IRQHandler
 .text.DMA2_Channel1_IRQHandler
                0x08000bfa        0x2 stm32f10x_it.o
                0x08000bfa                DMA2_Channel1_IRQHandler
 .text.DMA2_Channel2_IRQHandler
                0x08000bfc        0x2 stm32f10x_it.o
                0x08000bfc                DMA2_Channel2_IRQHandler
 .text.DMA2_Channel3_IRQHandler
                0x08000bfe        0x2 stm32f10x_it.o
                0x08000bfe                DMA2_Channel3_IRQHandler
 .text.DMA2_Channel4_5_IRQHandler
                0x08000c00        0x2 stm32f10x_it.o
                0x08000c00                DMA2_Channel4_5_IRQHandler
 *fill*         0x08000c02        0x2 
 .text.EP1_IN_Callback
                0x08000c04        0xc usb_endp.o
                0x08000c04                EP1_IN_Callback
 .text.WriteFlash64
                0x08000c10      0x100 usb_endp.o
                0x08000c10                WriteFlash64
 .text.EP3_OUT_Callback
                0x08000d10       0x5c usb_endp.o
                0x08000d10                EP3_OUT_Callback
 .text.__USBCDC_ISR
                0x08000d6c       0x68 usb_istr.o
                0x08000d6c                __USBCDC_ISR
 .text.Virtual_Com_Port_SetConfiguration
                0x08000dd4       0x18 usb_prop.o
                0x08000dd4                Virtual_Com_Port_SetConfiguration
 .text.Virtual_Com_Port_SetDeviceAddress
                0x08000dec        0xc usb_prop.o
                0x08000dec                Virtual_Com_Port_SetDeviceAddress
 .text.Virtual_Com_Port_Status_In
                0x08000df8       0x14 usb_prop.o
                0x08000df8                Virtual_Com_Port_Status_In
 .text.Virtual_Com_Port_Status_Out
                0x08000e0c        0x2 usb_prop.o
                0x08000e0c                Virtual_Com_Port_Status_Out
 *fill*         0x08000e0e        0x2 
 .text.Virtual_Com_Port_Data_Setup
                0x08000e10       0x5c usb_prop.o
                0x08000e10                Virtual_Com_Port_Data_Setup
 .text.Virtual_Com_Port_NoData_Setup
                0x08000e6c       0x24 usb_prop.o
                0x08000e6c                Virtual_Com_Port_NoData_Setup
 .text.Virtual_Com_Port_Get_Interface_Setting
                0x08000e90       0x10 usb_prop.o
                0x08000e90                Virtual_Com_Port_Get_Interface_Setting
 .text.Virtual_Com_Port_GetLineCoding
                0x08000ea0       0x18 usb_prop.o
                0x08000ea0                Virtual_Com_Port_GetLineCoding
 .text.Virtual_Com_Port_SetLineCoding
                0x08000eb8       0x2c usb_prop.o
                0x08000eb8                Virtual_Com_Port_SetLineCoding
 .text.Virtual_Com_Port_init
                0x08000ee4       0x24 usb_prop.o
                0x08000ee4                Virtual_Com_Port_init
 .text.Virtual_Com_Port_Reset
                0x08000f08       0xe0 usb_prop.o
                0x08000f08                Virtual_Com_Port_Reset
 .text.Virtual_Com_Port_GetDeviceDescriptor
                0x08000fe8        0xc usb_prop.o
                0x08000fe8                Virtual_Com_Port_GetDeviceDescriptor
 .text.Virtual_Com_Port_GetConfigDescriptor
                0x08000ff4        0xc usb_prop.o
                0x08000ff4                Virtual_Com_Port_GetConfigDescriptor
 .text.Virtual_Com_Port_GetStringDescriptor
                0x08001000       0x20 usb_prop.o
                0x08001000                Virtual_Com_Port_GetStringDescriptor
 .text.IntToUnicode
                0x08001020       0x28 USBInit.o
 .text.PowerOn  0x08001048       0x38 USBInit.o
                0x08001048                PowerOn
 .text.USB_Cable_Config
                0x08001080       0x18 USBInit.o
                0x08001080                USB_Cable_Config
 .text.PowerOff
                0x08001098       0x24 USBInit.o
                0x08001098                PowerOff
 .text.UsbVcpDisconnect
                0x080010bc        0x4 USBInit.o
                0x080010bc                UsbVcpDisconnect
 .text.Get_SerialNum
                0x080010c0       0x38 USBInit.o
                0x080010c0                Get_SerialNum
 .text.USB_TxDByte
                0x080010f8       0x2a USBInit.o
                0x080010f8                USB_TxDByte
 *fill*         0x08001122        0x2 
 .text.FLASH_SetLatency
                0x08001124       0x18 lib/libstm32.a(stm32f10x_flash.o)
                0x08001124                FLASH_SetLatency
 .text.FLASH_PrefetchBufferCmd
                0x0800113c       0x18 lib/libstm32.a(stm32f10x_flash.o)
                0x0800113c                FLASH_PrefetchBufferCmd
 .text.FLASH_Unlock
                0x08001154       0x18 lib/libstm32.a(stm32f10x_flash.o)
                0x08001154                FLASH_Unlock
 .text.FLASH_Lock
                0x0800116c       0x10 lib/libstm32.a(stm32f10x_flash.o)
                0x0800116c                FLASH_Lock
 .text.FLASH_ClearFlag
                0x0800117c        0xc lib/libstm32.a(stm32f10x_flash.o)
                0x0800117c                FLASH_ClearFlag
 .text.FLASH_GetStatus
                0x08001188       0x28 lib/libstm32.a(stm32f10x_flash.o)
                0x08001188                FLASH_GetStatus
 .text.FLASH_WaitForLastOperation
                0x080011b0       0x38 lib/libstm32.a(stm32f10x_flash.o)
                0x080011b0                FLASH_WaitForLastOperation
 .text.FLASH_ErasePage
                0x080011e8       0x40 lib/libstm32.a(stm32f10x_flash.o)
                0x080011e8                FLASH_ErasePage
 .text.FLASH_ProgramWord
                0x08001228       0x48 lib/libstm32.a(stm32f10x_flash.o)
                0x08001228                FLASH_ProgramWord
 .text.IWDG_WriteAccessCmd
                0x08001270        0xc lib/libstm32.a(stm32f10x_iwdg.o)
                0x08001270                IWDG_WriteAccessCmd
 .text.IWDG_SetPrescaler
                0x0800127c        0xc lib/libstm32.a(stm32f10x_iwdg.o)
                0x0800127c                IWDG_SetPrescaler
 .text.IWDG_SetReload
                0x08001288        0xc lib/libstm32.a(stm32f10x_iwdg.o)
                0x08001288                IWDG_SetReload
 .text.GPIO_Init
                0x08001294       0xa4 lib/libstm32.a(stm32f10x_gpio.o)
                0x08001294                GPIO_Init
 .text.GPIO_ReadInputDataBit
                0x08001338        0xc lib/libstm32.a(stm32f10x_gpio.o)
                0x08001338                GPIO_ReadInputDataBit
 .text.GPIO_SetBits
                0x08001344        0x4 lib/libstm32.a(stm32f10x_gpio.o)
                0x08001344                GPIO_SetBits
 .text.GPIO_ResetBits
                0x08001348        0x4 lib/libstm32.a(stm32f10x_gpio.o)
                0x08001348                GPIO_ResetBits
 .text.GPIO_PinRemapConfig
                0x0800134c       0x54 lib/libstm32.a(stm32f10x_gpio.o)
                0x0800134c                GPIO_PinRemapConfig
 .text.NVIC_PriorityGroupConfig
                0x080013a0       0x14 lib/libstm32.a(stm32f10x_nvic.o)
                0x080013a0                NVIC_PriorityGroupConfig
 .text.NVIC_Init
                0x080013b4       0x84 lib/libstm32.a(stm32f10x_nvic.o)
                0x080013b4                NVIC_Init
 .text.NVIC_SetVectorTable
                0x08001438       0x14 lib/libstm32.a(stm32f10x_nvic.o)
                0x08001438                NVIC_SetVectorTable
 .text.NVIC_GenerateSystemReset
                0x0800144c       0x18 lib/libstm32.a(stm32f10x_nvic.o)
                0x0800144c                NVIC_GenerateSystemReset
 .text.RCC_DeInit
                0x08001464       0x3c lib/libstm32.a(stm32f10x_rcc.o)
                0x08001464                RCC_DeInit
 .text.RCC_HSEConfig
                0x080014a0       0x38 lib/libstm32.a(stm32f10x_rcc.o)
                0x080014a0                RCC_HSEConfig
 .text.RCC_PLLConfig
                0x080014d8       0x14 lib/libstm32.a(stm32f10x_rcc.o)
                0x080014d8                RCC_PLLConfig
 .text.RCC_PLLCmd
                0x080014ec        0xc lib/libstm32.a(stm32f10x_rcc.o)
                0x080014ec                RCC_PLLCmd
 .text.RCC_SYSCLKConfig
                0x080014f8       0x14 lib/libstm32.a(stm32f10x_rcc.o)
                0x080014f8                RCC_SYSCLKConfig
 .text.RCC_GetSYSCLKSource
                0x0800150c       0x10 lib/libstm32.a(stm32f10x_rcc.o)
                0x0800150c                RCC_GetSYSCLKSource
 .text.RCC_HCLKConfig
                0x0800151c       0x14 lib/libstm32.a(stm32f10x_rcc.o)
                0x0800151c                RCC_HCLKConfig
 .text.RCC_PCLK1Config
                0x08001530       0x14 lib/libstm32.a(stm32f10x_rcc.o)
                0x08001530                RCC_PCLK1Config
 .text.RCC_PCLK2Config
                0x08001544       0x14 lib/libstm32.a(stm32f10x_rcc.o)
                0x08001544                RCC_PCLK2Config
 .text.RCC_USBCLKConfig
                0x08001558        0xc lib/libstm32.a(stm32f10x_rcc.o)
                0x08001558                RCC_USBCLKConfig
 .text.RCC_GetClocksFreq
                0x08001564       0x84 lib/libstm32.a(stm32f10x_rcc.o)
                0x08001564                RCC_GetClocksFreq
 .text.RCC_APB2PeriphClockCmd
                0x080015e8       0x18 lib/libstm32.a(stm32f10x_rcc.o)
                0x080015e8                RCC_APB2PeriphClockCmd
 .text.RCC_APB1PeriphClockCmd
                0x08001600       0x18 lib/libstm32.a(stm32f10x_rcc.o)
                0x08001600                RCC_APB1PeriphClockCmd
 .text.RCC_APB2PeriphResetCmd
                0x08001618       0x18 lib/libstm32.a(stm32f10x_rcc.o)
                0x08001618                RCC_APB2PeriphResetCmd
 .text.RCC_APB1PeriphResetCmd
                0x08001630       0x18 lib/libstm32.a(stm32f10x_rcc.o)
                0x08001630                RCC_APB1PeriphResetCmd
 .text.RCC_GetFlagStatus
                0x08001648       0x28 lib/libstm32.a(stm32f10x_rcc.o)
                0x08001648                RCC_GetFlagStatus
 .text.RCC_WaitForHSEStartUp
                0x08001670       0x2e lib/libstm32.a(stm32f10x_rcc.o)
                0x08001670                RCC_WaitForHSEStartUp
 *fill*         0x0800169e        0x2 
 .text.RCC_ClearFlag
                0x080016a0       0x10 lib/libstm32.a(stm32f10x_rcc.o)
                0x080016a0                RCC_ClearFlag
 .text.TIM_TimeBaseInit
                0x080016b0       0x3c lib/libstm32.a(stm32f10x_tim.o)
                0x080016b0                TIM_TimeBaseInit
 .text.TIM_Cmd  0x080016ec       0x18 lib/libstm32.a(stm32f10x_tim.o)
                0x080016ec                TIM_Cmd
 .text.TIM_DMACmd
                0x08001704       0x12 lib/libstm32.a(stm32f10x_tim.o)
                0x08001704                TIM_DMACmd
 .text.TIM_ITConfig
                0x08001716        0x4 lib/libstm32.a(stm32f10x_tim.o)
                0x08001716                TIM_ITConfig
 .text.TIM_PrescalerConfig
                0x0800171a        0x6 lib/libstm32.a(stm32f10x_tim.o)
                0x0800171a                TIM_PrescalerConfig
 .text.TIM_ClearFlag
                0x08001720        0x8 lib/libstm32.a(stm32f10x_tim.o)
                0x08001720                TIM_ClearFlag
 .text.TIM_ClearITPendingBit
                0x08001728        0x8 lib/libstm32.a(stm32f10x_tim.o)
                0x08001728                TIM_ClearITPendingBit
 .text.SysTick_SetReload
                0x08001730        0xc lib/libstm32.a(stm32f10x_systick.o)
                0x08001730                SysTick_SetReload
 .text.SysTick_CounterCmd
                0x0800173c       0x28 lib/libstm32.a(stm32f10x_systick.o)
                0x0800173c                SysTick_CounterCmd
 .text.SysTick_ITConfig
                0x08001764       0x18 lib/libstm32.a(stm32f10x_systick.o)
                0x08001764                SysTick_ITConfig
 .text.USART_DeInit
                0x0800177c       0x9c lib/libstm32.a(stm32f10x_usart.o)
                0x0800177c                USART_DeInit
 .text.USART_Init
                0x08001818       0x88 lib/libstm32.a(stm32f10x_usart.o)
                0x08001818                USART_Init
 .text.USART_StructInit
                0x080018a0       0x16 lib/libstm32.a(stm32f10x_usart.o)
                0x080018a0                USART_StructInit
 .text.USART_Cmd
                0x080018b6       0x18 lib/libstm32.a(stm32f10x_usart.o)
                0x080018b6                USART_Cmd
 .text.USART_ITConfig
                0x080018ce       0x30 lib/libstm32.a(stm32f10x_usart.o)
                0x080018ce                USART_ITConfig
 .text.USART_SendData
                0x080018fe        0x8 lib/libstm32.a(stm32f10x_usart.o)
                0x080018fe                USART_SendData
 .text.USART_ReceiveData
                0x08001906        0x8 lib/libstm32.a(stm32f10x_usart.o)
                0x08001906                USART_ReceiveData
 .text.USART_GetFlagStatus
                0x0800190e        0xc lib/libstm32.a(stm32f10x_usart.o)
                0x0800190e                USART_GetFlagStatus
 .text.USART_ClearFlag
                0x0800191a        0x8 lib/libstm32.a(stm32f10x_usart.o)
                0x0800191a                USART_ClearFlag
 .text.USART_GetITStatus
                0x08001922       0x40 lib/libstm32.a(stm32f10x_usart.o)
                0x08001922                USART_GetITStatus
 *fill*         0x08001962        0x2 
 .text.Reset_Handler
                0x08001964       0x50 lib/libstm32.a(stm32f10x_vector.o)
                0x08001964                Reset_Handler
 .text.USB_Init
                0x080019b4       0x34 lib/libstm32.a(usb_init.o)
                0x080019b4                USB_Init
 .text.Standard_GetConfiguration
                0x080019e8       0x24 lib/libstm32.a(usb_core.o)
                0x080019e8                Standard_GetConfiguration
 .text.Standard_GetInterface
                0x08001a0c       0x24 lib/libstm32.a(usb_core.o)
                0x08001a0c                Standard_GetInterface
 .text.Standard_GetStatus
                0x08001a30       0x90 lib/libstm32.a(usb_core.o)
                0x08001a30                Standard_GetStatus
 .text.DataStageIn
                0x08001ac0       0xac lib/libstm32.a(usb_core.o)
 .text.Standard_SetConfiguration
                0x08001b6c       0x38 lib/libstm32.a(usb_core.o)
                0x08001b6c                Standard_SetConfiguration
 .text.Standard_SetInterface
                0x08001ba4       0x48 lib/libstm32.a(usb_core.o)
                0x08001ba4                Standard_SetInterface
 .text.Standard_ClearFeature
                0x08001bec       0xd8 lib/libstm32.a(usb_core.o)
                0x08001bec                Standard_ClearFeature
 .text.Standard_SetEndPointFeature
                0x08001cc4       0x8c lib/libstm32.a(usb_core.o)
                0x08001cc4                Standard_SetEndPointFeature
 .text.Standard_SetDeviceFeature
                0x08001d50       0x24 lib/libstm32.a(usb_core.o)
                0x08001d50                Standard_SetDeviceFeature
 .text.Standard_GetDescriptorData
                0x08001d74       0x1c lib/libstm32.a(usb_core.o)
                0x08001d74                Standard_GetDescriptorData
 .text.Post0_Process
                0x08001d90       0x40 lib/libstm32.a(usb_core.o)
                0x08001d90                Post0_Process
 .text.Setup0_Process
                0x08001dd0      0x300 lib/libstm32.a(usb_core.o)
                0x08001dd0                Setup0_Process
 .text.Out0_Process
                0x080020d0       0xcc lib/libstm32.a(usb_core.o)
                0x080020d0                Out0_Process
 .text.SetDeviceAddress
                0x0800219c       0x40 lib/libstm32.a(usb_core.o)
                0x0800219c                SetDeviceAddress
 .text.In0_Process
                0x080021dc       0x5c lib/libstm32.a(usb_core.o)
                0x080021dc                In0_Process
 .text.NOP_Process
                0x08002238        0x2 lib/libstm32.a(usb_core.o)
                0x08002238                NOP_Process
 .text.UserToPMABufferCopy
                0x0800223a       0x24 lib/libstm32.a(usb_mem.o)
                0x0800223a                UserToPMABufferCopy
 .text.PMAToUserBufferCopy
                0x0800225e       0x24 lib/libstm32.a(usb_mem.o)
                0x0800225e                PMAToUserBufferCopy
 *fill*         0x08002282        0x2 
 .text.SetBTABLE
                0x08002284       0x10 lib/libstm32.a(usb_regs.o)
                0x08002284                SetBTABLE
 .text.SetEPType
                0x08002294       0x1c lib/libstm32.a(usb_regs.o)
                0x08002294                SetEPType
 .text.SetEPTxStatus
                0x080022b0       0x32 lib/libstm32.a(usb_regs.o)
                0x080022b0                SetEPTxStatus
 .text.SetEPRxStatus
                0x080022e2       0x32 lib/libstm32.a(usb_regs.o)
                0x080022e2                SetEPRxStatus
 .text.SetEPTxValid
                0x08002314       0x26 lib/libstm32.a(usb_regs.o)
                0x08002314                SetEPTxValid
 .text.SetEPRxValid
                0x0800233a       0x26 lib/libstm32.a(usb_regs.o)
                0x0800233a                SetEPRxValid
 .text.ClearEPDoubleBuff
                0x08002360       0x20 lib/libstm32.a(usb_regs.o)
                0x08002360                ClearEPDoubleBuff
 .text.Clear_Status_Out
                0x08002380        0x4 lib/libstm32.a(usb_regs.o)
                0x08002380                Clear_Status_Out
 .text.ClearDTOG_RX
                0x08002384       0x24 lib/libstm32.a(usb_regs.o)
                0x08002384                ClearDTOG_RX
 .text.ClearDTOG_TX
                0x080023a8       0x24 lib/libstm32.a(usb_regs.o)
                0x080023a8                ClearDTOG_TX
 .text.SetEPTxCount
                0x080023cc       0x1c lib/libstm32.a(usb_regs.o)
                0x080023cc                SetEPTxCount
 .text.SetEPRxCount
                0x080023e8       0x40 lib/libstm32.a(usb_regs.o)
                0x080023e8                SetEPRxCount
 .text.SetEPDblBuf0Addr
                0x08002428       0x20 lib/libstm32.a(usb_regs.o)
                0x08002428                SetEPDblBuf0Addr
 .text.SetEPTxAddr
                0x08002448        0x4 lib/libstm32.a(usb_regs.o)
                0x08002448                SetEPTxAddr
 .text.SetEPDblBuf1Addr
                0x0800244c       0x20 lib/libstm32.a(usb_regs.o)
                0x0800244c                SetEPDblBuf1Addr
 .text.SetEPRxAddr
                0x0800246c        0x4 lib/libstm32.a(usb_regs.o)
                0x0800246c                SetEPRxAddr
 .text.GetEPDblBuf0Addr
                0x08002470       0x1c lib/libstm32.a(usb_regs.o)
                0x08002470                GetEPDblBuf0Addr
 .text.GetEPTxAddr
                0x0800248c        0x4 lib/libstm32.a(usb_regs.o)
                0x0800248c                GetEPTxAddr
 .text.GetEPDblBuf1Addr
                0x08002490       0x1c lib/libstm32.a(usb_regs.o)
                0x08002490                GetEPDblBuf1Addr
 .text.GetEPRxAddr
                0x080024ac        0x4 lib/libstm32.a(usb_regs.o)
                0x080024ac                GetEPRxAddr
 .text.GetEPDblBuf1Count
                0x080024b0       0x20 lib/libstm32.a(usb_regs.o)
                0x080024b0                GetEPDblBuf1Count
 .text.GetEPRxCount
                0x080024d0        0x4 lib/libstm32.a(usb_regs.o)
                0x080024d0                GetEPRxCount
 .text.ByteSwap
                0x080024d4        0xa lib/libstm32.a(usb_regs.o)
                0x080024d4                ByteSwap
 *fill*         0x080024de        0x2 
 .text.USB_SIL_Init
                0x080024e0       0x20 lib/libstm32.a(usb_sil.o)
                0x080024e0                USB_SIL_Init
 .text.USB_SIL_Read
                0x08002500       0x24 lib/libstm32.a(usb_sil.o)
                0x08002500                USB_SIL_Read
 .text.CTR_LP   0x08002524      0x174 lib/libstm32.a(usb_int.o)
                0x08002524                CTR_LP
 *(.rodata)
 .rodata        0x08002698       0x24 main.o
 .rodata        0x080026bc       0x9d usb_desc.o
                0x080026bc                Virtual_Com_Port_StringProduct
                0x080026ee                Virtual_Com_Port_StringVendor
                0x08002700                Virtual_Com_Port_StringLangID
                0x08002704                Virtual_Com_Port_ConfigDescriptor
                0x08002747                Virtual_Com_Port_DeviceDescriptor
 .rodata        0x08002759       0x14 lib/libstm32.a(stm32f10x_rcc.o)
 *(.rodata*)
 .rodata.str1.1
                0x0800276d       0x7b main.o
 .rodata.str1.1
                0x080027e8       0x42 usb_endp.o
 *(.glue_7)
 .glue_7        0x0800282a        0x0 linker stubs
 *(.glue_7t)
 .glue_7t       0x0800282a        0x0 linker stubs
                0x0800282c                . = ALIGN (0x4)
 *fill*         0x0800282a        0x2 
                0x0800282c                _etext = .
                0x0800282c                _sidata = _etext

.vfp11_veneer   0x0800282c        0x0
 .vfp11_veneer  0x0800282c        0x0 linker stubs

.v4_bx          0x0800282c        0x0
 .v4_bx         0x0800282c        0x0 linker stubs

.iplt           0x0800282c        0x0
 .iplt          0x0800282c        0x0 main.o

.rel.dyn        0x0800282c        0x0
 .rel.iplt      0x0800282c        0x0 main.o

.data           0x20000000       0xe4 load address 0x0800282c
                0x20000000                . = ALIGN (0x4)
                0x20000000                _sdata = .
 *(.data)
 .data          0x20000000        0x1 main.o
                0x20000000                gbIsFlashLock
 .data          0x20000001       0x1a usb_desc.o
                0x20000001                Virtual_Com_Port_StringSerial
 *fill*         0x2000001b        0x1 
 .data          0x2000001c       0x38 usb_istr.o
                0x2000001c                pEpInt_OUT
                0x20000038                pEpInt_IN
 .data          0x20000054       0x8e usb_prop.o
                0x20000054                linecoding
                0x2000005c                Device_Property
                0x2000008c                Device_Descriptor
                0x20000094                Config_Descriptor
                0x2000009c                String_Descriptor
                0x200000bc                User_Standard_Requests
                0x200000e0                Device_Table
 *(.data.*)
                0x200000e4                . = ALIGN (0x4)
 *fill*         0x200000e2        0x2 
                0x200000e4                _edata = .

.igot.plt       0x200000e4        0x0 load address 0x08002910
 .igot.plt      0x200000e4        0x0 main.o

.bss            0x200000e4      0x638 load address 0x08002910
                0x200000e4                . = ALIGN (0x4)
                0x200000e4                _sbss = .
 *(.bss)
 .bss           0x200000e4       0x28 main.o
                0x200000e4                gu32TimingCounter1ms
                0x200000e8                gu32TimingCounter1ms_Txd
                0x200000ec                gbCount
                0x200000f0                gwAddressPointer
                0x200000f4                gwEndAddressPointer
                0x200000f8                gwCalculatedCheckSum
                0x200000fc                gwRxTotalCount
                0x20000100                gbFlashDownloadStart
                0x20000104                gwReceivedCheckSumFromHost
                0x20000108                gwWriteProtectedPages
 .bss           0x2000010c        0x8 usb_endp.o
                0x2000010c                FinishToSend
                0x2000010e                USB_Rx_Cnt
 .bss           0x20000114        0x1 usb_istr.o
                0x20000114                bIntPackSOF
 *fill*         0x20000115        0x3 
 .bss           0x20000118        0x8 usb_prop.o
                0x20000118                Request
                0x2000011c                comstatetemp
 .bss           0x20000120        0xc USBInit.o
                0x20000120                bDeviceState
                0x20000124                USB_Tx_State
                0x20000128                USART_Rx_length
 .bss           0x2000012c        0x1 lib/libstm32.a(usb_core.o)
                0x2000012c                Data_Mul_MaxPacketSize
 *(COMMON)
 *fill*         0x2000012d        0x3 
 COMMON         0x20000130      0x571 main.o
                0x20000130                HSEStartUpStatus
                0x20000131                gbDXLReadPointer
                0x20000134                TimingDelay
                0x20000138                gwUSARTWritePtr
                0x2000013a                gbpRxBuffer
                0x2000018c                gwUSARTReadPtr
                0x20000190                USART_InitStructure
                0x200001a0                gwpUSARTBuffer
                0x200005a0                gbpDXLDataBuffer
                0x200006a0                gbDXLWritePointer
 COMMON         0x200006a1       0x40 usb_endp.o
                0x200006a1                USB_Rx_Buffer
 *fill*         0x200006e1        0x1 
 COMMON         0x200006e2        0x2 usb_istr.o
                0x200006e2                wIstr
 COMMON         0x200006e4       0x32 lib/libstm32.a(usb_init.o)
                0x200006e4                SaveState
                0x200006e8                pProperty
                0x200006ec                EPindex
                0x200006f0                Device_Info
                0x2000070c                pUser_Standard_Requests
                0x20000710                pInformation
                0x20000714                wInterrupt_Mask
 COMMON         0x20000716        0x2 lib/libstm32.a(usb_core.o)
                0x20000716                StatusInfo
 COMMON         0x20000718        0x4 lib/libstm32.a(usb_int.o)
                0x20000718                SaveRState
                0x2000071a                SaveTState
                0x2000071c                . = ALIGN (0x4)
                0x2000071c                _ebss = .
                [!provide]                PROVIDE (end, _ebss)
                [!provide]                PROVIDE (_end, _ebss)

._usrstack      0x2000071c      0x100 load address 0x08002f48
                0x2000071c                . = ALIGN (0x4)
                0x2000071c                _susrstack = .
                0x2000081c                . = (. + _Minimum_Stack_Size)
 *fill*         0x2000071c      0x100 
                0x2000081c                . = ALIGN (0x4)
                0x2000081c                _eusrstack = .

.b1text
 *(.b1text)
 *(.b1rodata)
 *(.b1rodata*)

.eb0text
 *(.eb0text)
 *(.eb0rodata)
 *(.eb0rodata*)

.eb1text
 *(.eb1text)
 *(.eb1rodata)
 *(.eb1rodata*)

.eb2text
 *(.eb2text)
 *(.eb2rodata)
 *(.eb2rodata*)

.eb3text
 *(.eb3text)
 *(.eb3rodata)
 *(.eb3rodata*)
                0x2000081c                __exidx_start = .
                0x2000081c                __exidx_end = .

/DISCARD/
 libc.a(*)
 libm.a(*)
 libgcc.a(*)

.stab
 *(.stab)

.stabstr
 *(.stabstr)

.stab.excl
 *(.stab.excl)

.stab.exclstr
 *(.stab.exclstr)

.stab.index
 *(.stab.index)

.stab.indexstr
 *(.stab.indexstr)

.comment        0x00000000       0x6e
 *(.comment)
 .comment       0x00000000       0x6e main.o
                                 0x6f (size before relaxing)
 .comment       0x0000006e       0x6f stm32f10x_it.o
 .comment       0x0000006e       0x6f usb_desc.o
 .comment       0x0000006e       0x6f usb_endp.o
 .comment       0x0000006e       0x6f usb_istr.o
 .comment       0x0000006e       0x6f usb_prop.o
 .comment       0x0000006e       0x6f USBInit.o
 .comment       0x0000006e       0x6f lib/libstm32.a(stm32f10x_flash.o)
 .comment       0x0000006e       0x6f lib/libstm32.a(stm32f10x_iwdg.o)
 .comment       0x0000006e       0x6f lib/libstm32.a(stm32f10x_gpio.o)
 .comment       0x0000006e       0x6f lib/libstm32.a(stm32f10x_nvic.o)
 .comment       0x0000006e       0x6f lib/libstm32.a(stm32f10x_rcc.o)
 .comment       0x0000006e       0x6f lib/libstm32.a(stm32f10x_tim.o)
 .comment       0x0000006e       0x6f lib/libstm32.a(stm32f10x_systick.o)
 .comment       0x0000006e       0x6f lib/libstm32.a(stm32f10x_usart.o)
 .comment       0x0000006e       0x6f lib/libstm32.a(stm32f10x_vector.o)
 .comment       0x0000006e       0x6f lib/libstm32.a(usb_init.o)
 .comment       0x0000006e       0x6f lib/libstm32.a(usb_core.o)
 .comment       0x0000006e       0x6f lib/libstm32.a(usb_mem.o)
 .comment       0x0000006e       0x6f lib/libstm32.a(usb_regs.o)
 .comment       0x0000006e       0x6f lib/libstm32.a(usb_sil.o)
 .comment       0x0000006e       0x6f lib/libstm32.a(usb_int.o)

.ARM.attributes
                0x00000000       0x31
 .ARM.attributes
                0x00000000       0x33 main.o
 .ARM.attributes
                0x00000033       0x33 stm32f10x_it.o
 .ARM.attributes
                0x00000066       0x33 usb_desc.o
 .ARM.attributes
                0x00000099       0x33 usb_endp.o
 .ARM.attributes
                0x000000cc       0x33 usb_istr.o
 .ARM.attributes
                0x000000ff       0x33 usb_prop.o
 .ARM.attributes
                0x00000132       0x33 USBInit.o
 .ARM.attributes
                0x00000165       0x33 lib/libstm32.a(stm32f10x_flash.o)
 .ARM.attributes
                0x00000198       0x33 lib/libstm32.a(stm32f10x_iwdg.o)
 .ARM.attributes
                0x000001cb       0x33 lib/libstm32.a(stm32f10x_gpio.o)
 .ARM.attributes
                0x000001fe       0x33 lib/libstm32.a(stm32f10x_nvic.o)
 .ARM.attributes
                0x00000231       0x33 lib/libstm32.a(stm32f10x_rcc.o)
 .ARM.attributes
                0x00000264       0x33 lib/libstm32.a(stm32f10x_tim.o)
 .ARM.attributes
                0x00000297       0x33 lib/libstm32.a(stm32f10x_systick.o)
 .ARM.attributes
                0x000002ca       0x33 lib/libstm32.a(stm32f10x_usart.o)
 .ARM.attributes
                0x000002fd       0x21 lib/libstm32.a(cortexm3_macro.o)
 .ARM.attributes
                0x0000031e       0x33 lib/libstm32.a(stm32f10x_vector.o)
 .ARM.attributes
                0x00000351       0x33 lib/libstm32.a(usb_init.o)
 .ARM.attributes
                0x00000384       0x33 lib/libstm32.a(usb_core.o)
 .ARM.attributes
                0x000003b7       0x33 lib/libstm32.a(usb_mem.o)
 .ARM.attributes
                0x000003ea       0x33 lib/libstm32.a(usb_regs.o)
 .ARM.attributes
                0x0000041d       0x33 lib/libstm32.a(usb_sil.o)
 .ARM.attributes
                0x00000450       0x33 lib/libstm32.a(usb_int.o)

.debug
 *(.debug)

.line
 *(.line)

.debug_srcinfo
 *(.debug_srcinfo)

.debug_sfnames
 *(.debug_sfnames)

.debug_aranges  0x00000000      0xd78
 *(.debug_aranges)
 .debug_aranges
                0x00000000       0xf0 main.o
 .debug_aranges
                0x000000f0       0x48 stm32f10x_it.o
 .debug_aranges
                0x00000138       0x18 usb_desc.o
 .debug_aranges
                0x00000150       0x38 usb_endp.o
 .debug_aranges
                0x00000188       0x20 usb_istr.o
 .debug_aranges
                0x000001a8       0x88 usb_prop.o
 .debug_aranges
                0x00000230       0x58 USBInit.o
 .debug_aranges
                0x00000288       0xd0 lib/libstm32.a(stm32f10x_flash.o)
 .debug_aranges
                0x00000358       0x48 lib/libstm32.a(stm32f10x_iwdg.o)
 .debug_aranges
                0x000003a0       0xa0 lib/libstm32.a(stm32f10x_gpio.o)
 .debug_aranges
                0x00000440      0x108 lib/libstm32.a(stm32f10x_nvic.o)
 .debug_aranges
                0x00000548      0x118 lib/libstm32.a(stm32f10x_rcc.o)
 .debug_aranges
                0x00000660      0x2d0 lib/libstm32.a(stm32f10x_tim.o)
 .debug_aranges
                0x00000930       0x48 lib/libstm32.a(stm32f10x_systick.o)
 .debug_aranges
                0x00000978       0xf0 lib/libstm32.a(stm32f10x_usart.o)
 .debug_aranges
                0x00000a68       0x20 lib/libstm32.a(cortexm3_macro.o)
 .debug_aranges
                0x00000a88       0x20 lib/libstm32.a(stm32f10x_vector.o)
 .debug_aranges
                0x00000aa8       0x20 lib/libstm32.a(usb_init.o)
 .debug_aranges
                0x00000ac8       0x98 lib/libstm32.a(usb_core.o)
 .debug_aranges
                0x00000b60       0x28 lib/libstm32.a(usb_mem.o)
 .debug_aranges
                0x00000b88      0x1a0 lib/libstm32.a(usb_regs.o)
 .debug_aranges
                0x00000d28       0x28 lib/libstm32.a(usb_sil.o)
 .debug_aranges
                0x00000d50       0x28 lib/libstm32.a(usb_int.o)

.debug_pubnames
 *(.debug_pubnames)

.debug_info     0x00000000     0xa7fa
 *(.debug_info .gnu.linkonce.wi.*)
 .debug_info    0x00000000     0x1b5c main.o
 .debug_info    0x00001b5c      0x53d stm32f10x_it.o
 .debug_info    0x00002099      0x12d usb_desc.o
 .debug_info    0x000021c6      0x361 usb_endp.o
 .debug_info    0x00002527      0x22e usb_istr.o
 .debug_info    0x00002755      0xaf8 usb_prop.o
 .debug_info    0x0000324d      0x4cc USBInit.o
 .debug_info    0x00003719      0x8c3 lib/libstm32.a(stm32f10x_flash.o)
 .debug_info    0x00003fdc      0x1b1 lib/libstm32.a(stm32f10x_iwdg.o)
 .debug_info    0x0000418d      0x749 lib/libstm32.a(stm32f10x_gpio.o)
 .debug_info    0x000048d6      0x991 lib/libstm32.a(stm32f10x_nvic.o)
 .debug_info    0x00005267      0x87d lib/libstm32.a(stm32f10x_rcc.o)
 .debug_info    0x00005ae4     0x1e81 lib/libstm32.a(stm32f10x_tim.o)
 .debug_info    0x00007965      0x213 lib/libstm32.a(stm32f10x_systick.o)
 .debug_info    0x00007b78      0xa0e lib/libstm32.a(stm32f10x_usart.o)
 .debug_info    0x00008586       0x68 lib/libstm32.a(cortexm3_macro.o)
 .debug_info    0x000085ee       0xee lib/libstm32.a(stm32f10x_vector.o)
 .debug_info    0x000086dc      0x3fe lib/libstm32.a(usb_init.o)
 .debug_info    0x00008ada      0xdda lib/libstm32.a(usb_core.o)
 .debug_info    0x000098b4      0x17b lib/libstm32.a(usb_mem.o)
 .debug_info    0x00009a2f      0xae5 lib/libstm32.a(usb_regs.o)
 .debug_info    0x0000a514      0x145 lib/libstm32.a(usb_sil.o)
 .debug_info    0x0000a659      0x1a1 lib/libstm32.a(usb_int.o)

.debug_abbrev   0x00000000     0x267d
 *(.debug_abbrev)
 .debug_abbrev  0x00000000      0x384 main.o
 .debug_abbrev  0x00000384      0x18a stm32f10x_it.o
 .debug_abbrev  0x0000050e       0x52 usb_desc.o
 .debug_abbrev  0x00000560      0x1ba usb_endp.o
 .debug_abbrev  0x0000071a      0x10b usb_istr.o
 .debug_abbrev  0x00000825      0x23b usb_prop.o
 .debug_abbrev  0x00000a60      0x27a USBInit.o
 .debug_abbrev  0x00000cda      0x257 lib/libstm32.a(stm32f10x_flash.o)
 .debug_abbrev  0x00000f31      0x103 lib/libstm32.a(stm32f10x_iwdg.o)
 .debug_abbrev  0x00001034      0x1f1 lib/libstm32.a(stm32f10x_gpio.o)
 .debug_abbrev  0x00001225      0x26a lib/libstm32.a(stm32f10x_nvic.o)
 .debug_abbrev  0x0000148f      0x229 lib/libstm32.a(stm32f10x_rcc.o)
 .debug_abbrev  0x000016b8      0x2b4 lib/libstm32.a(stm32f10x_tim.o)
 .debug_abbrev  0x0000196c      0x12a lib/libstm32.a(stm32f10x_systick.o)
 .debug_abbrev  0x00001a96      0x1d9 lib/libstm32.a(stm32f10x_usart.o)
 .debug_abbrev  0x00001c6f       0x14 lib/libstm32.a(cortexm3_macro.o)
 .debug_abbrev  0x00001c83       0xcb lib/libstm32.a(stm32f10x_vector.o)
 .debug_abbrev  0x00001d4e      0x109 lib/libstm32.a(usb_init.o)
 .debug_abbrev  0x00001e57      0x3dd lib/libstm32.a(usb_core.o)
 .debug_abbrev  0x00002234       0x8b lib/libstm32.a(usb_mem.o)
 .debug_abbrev  0x000022bf      0x1f7 lib/libstm32.a(usb_regs.o)
 .debug_abbrev  0x000024b6       0xe0 lib/libstm32.a(usb_sil.o)
 .debug_abbrev  0x00002596       0xe7 lib/libstm32.a(usb_int.o)

.debug_line     0x00000000     0x3184
 *(.debug_line)
 .debug_line    0x00000000      0x5a9 main.o
 .debug_line    0x000005a9       0xf6 stm32f10x_it.o
 .debug_line    0x0000069f       0x47 usb_desc.o
 .debug_line    0x000006e6      0x165 usb_endp.o
 .debug_line    0x0000084b       0x92 usb_istr.o
 .debug_line    0x000008dd      0x213 usb_prop.o
 .debug_line    0x00000af0      0x18d USBInit.o
 .debug_line    0x00000c7d      0x312 lib/libstm32.a(stm32f10x_flash.o)
 .debug_line    0x00000f8f       0xd1 lib/libstm32.a(stm32f10x_iwdg.o)
 .debug_line    0x00001060      0x237 lib/libstm32.a(stm32f10x_gpio.o)
 .debug_line    0x00001297      0x31e lib/libstm32.a(stm32f10x_nvic.o)
 .debug_line    0x000015b5      0x31b lib/libstm32.a(stm32f10x_rcc.o)
 .debug_line    0x000018d0      0x8f2 lib/libstm32.a(stm32f10x_tim.o)
 .debug_line    0x000021c2       0xe2 lib/libstm32.a(stm32f10x_systick.o)
 .debug_line    0x000022a4      0x2f7 lib/libstm32.a(stm32f10x_usart.o)
 .debug_line    0x0000259b       0x9a lib/libstm32.a(cortexm3_macro.o)
 .debug_line    0x00002635       0x66 lib/libstm32.a(stm32f10x_vector.o)
 .debug_line    0x0000269b       0x8f lib/libstm32.a(usb_init.o)
 .debug_line    0x0000272a      0x391 lib/libstm32.a(usb_core.o)
 .debug_line    0x00002abb       0x9a lib/libstm32.a(usb_mem.o)
 .debug_line    0x00002b55      0x47e lib/libstm32.a(usb_regs.o)
 .debug_line    0x00002fd3       0xc1 lib/libstm32.a(usb_sil.o)
 .debug_line    0x00003094       0xf0 lib/libstm32.a(usb_int.o)

.debug_frame    0x00000000     0x21ac
 *(.debug_frame)
 .debug_frame   0x00000000      0x2e0 main.o
 .debug_frame   0x000002e0      0x480 stm32f10x_it.o
 .debug_frame   0x00000760       0x80 usb_endp.o
 .debug_frame   0x000007e0       0x2c usb_istr.o
 .debug_frame   0x0000080c      0x108 usb_prop.o
 .debug_frame   0x00000914       0xcc USBInit.o
 .debug_frame   0x000009e0      0x1f4 lib/libstm32.a(stm32f10x_flash.o)
 .debug_frame   0x00000bd4       0x70 lib/libstm32.a(stm32f10x_iwdg.o)
 .debug_frame   0x00000c44      0x160 lib/libstm32.a(stm32f10x_gpio.o)
 .debug_frame   0x00000da4      0x20c lib/libstm32.a(stm32f10x_nvic.o)
 .debug_frame   0x00000fb0      0x220 lib/libstm32.a(stm32f10x_rcc.o)
 .debug_frame   0x000011d0      0x6b0 lib/libstm32.a(stm32f10x_tim.o)
 .debug_frame   0x00001880       0x70 lib/libstm32.a(stm32f10x_systick.o)
 .debug_frame   0x000018f0      0x200 lib/libstm32.a(stm32f10x_usart.o)
 .debug_frame   0x00001af0       0x30 lib/libstm32.a(stm32f10x_vector.o)
 .debug_frame   0x00001b20       0x20 lib/libstm32.a(usb_init.o)
 .debug_frame   0x00001b40      0x1cc lib/libstm32.a(usb_core.o)
 .debug_frame   0x00001d0c       0x40 lib/libstm32.a(usb_mem.o)
 .debug_frame   0x00001d4c      0x3d0 lib/libstm32.a(usb_regs.o)
 .debug_frame   0x0000211c       0x3c lib/libstm32.a(usb_sil.o)
 .debug_frame   0x00002158       0x54 lib/libstm32.a(usb_int.o)

.debug_str      0x00000000     0x38bd
 *(.debug_str)
 .debug_str     0x00000000      0xcd3 main.o
                                0xd57 (size before relaxing)
 .debug_str     0x00000cd3       0xce stm32f10x_it.o
                                0x361 (size before relaxing)
 .debug_str     0x00000da1       0xc8 usb_desc.o
                                0x1c6 (size before relaxing)
 .debug_str     0x00000e69       0xa4 usb_endp.o
                                0x335 (size before relaxing)
 .debug_str     0x00000f0d      0x101 usb_istr.o
                                0x274 (size before relaxing)
 .debug_str     0x0000100e      0x594 usb_prop.o
                                0x983 (size before relaxing)
 .debug_str     0x000015a2       0xe6 USBInit.o
                                0x33a (size before relaxing)
 .debug_str     0x00001688      0x2d4 lib/libstm32.a(stm32f10x_flash.o)
                                0x4f5 (size before relaxing)
 .debug_str     0x0000195c       0x82 lib/libstm32.a(stm32f10x_iwdg.o)
                                0x1dc (size before relaxing)
 .debug_str     0x000019de      0x1c8 lib/libstm32.a(stm32f10x_gpio.o)
                                0x46a (size before relaxing)
 .debug_str     0x00001ba6      0x476 lib/libstm32.a(stm32f10x_nvic.o)
                                0x6ca (size before relaxing)
 .debug_str     0x0000201c      0x2fd lib/libstm32.a(stm32f10x_rcc.o)
                                0x59a (size before relaxing)
 .debug_str     0x00002319      0x9d8 lib/libstm32.a(stm32f10x_tim.o)
                                0xd70 (size before relaxing)
 .debug_str     0x00002cf1       0xac lib/libstm32.a(stm32f10x_systick.o)
                                0x23f (size before relaxing)
 .debug_str     0x00002d9d      0x2ba lib/libstm32.a(stm32f10x_usart.o)
                                0x635 (size before relaxing)
 .debug_str     0x00003057       0x6f lib/libstm32.a(stm32f10x_vector.o)
                                0x132 (size before relaxing)
 .debug_str     0x000030c6       0x4f lib/libstm32.a(usb_init.o)
                                0x4ba (size before relaxing)
 .debug_str     0x00003115      0x425 lib/libstm32.a(usb_core.o)
                                0xa5d (size before relaxing)
 .debug_str     0x0000353a       0x4a lib/libstm32.a(usb_mem.o)
                                0x170 (size before relaxing)
 .debug_str     0x00003584      0x2c8 lib/libstm32.a(usb_regs.o)
                                0x470 (size before relaxing)
 .debug_str     0x0000384c       0x49 lib/libstm32.a(usb_sil.o)
                                0x191 (size before relaxing)
 .debug_str     0x00003895       0x28 lib/libstm32.a(usb_int.o)
                                0x197 (size before relaxing)

.debug_loc      0x00000000     0x5ef7
 *(.debug_loc)
 .debug_loc     0x00000000      0x6ff main.o
 .debug_loc     0x000006ff       0xa9 usb_endp.o
 .debug_loc     0x000007a8      0x1cc usb_prop.o
 .debug_loc     0x00000974      0x14a USBInit.o
 .debug_loc     0x00000abe      0x6a1 lib/libstm32.a(stm32f10x_flash.o)
 .debug_loc     0x0000115f       0x62 lib/libstm32.a(stm32f10x_iwdg.o)
 .debug_loc     0x000011c1      0x521 lib/libstm32.a(stm32f10x_gpio.o)
 .debug_loc     0x000016e2      0x962 lib/libstm32.a(stm32f10x_nvic.o)
 .debug_loc     0x00002044      0x68b lib/libstm32.a(stm32f10x_rcc.o)
 .debug_loc     0x000026cf     0x18e7 lib/libstm32.a(stm32f10x_tim.o)
 .debug_loc     0x00003fb6       0xe3 lib/libstm32.a(stm32f10x_systick.o)
 .debug_loc     0x00004099      0x848 lib/libstm32.a(stm32f10x_usart.o)
 .debug_loc     0x000048e1       0x4e lib/libstm32.a(stm32f10x_vector.o)
 .debug_loc     0x0000492f      0x7d2 lib/libstm32.a(usb_core.o)
 .debug_loc     0x00005101      0x258 lib/libstm32.a(usb_mem.o)
 .debug_loc     0x00005359      0xa7e lib/libstm32.a(usb_regs.o)
 .debug_loc     0x00005dd7       0x64 lib/libstm32.a(usb_sil.o)
 .debug_loc     0x00005e3b       0xbc lib/libstm32.a(usb_int.o)

.debug_macinfo
 *(.debug_macinfo)

.debug_weaknames
 *(.debug_weaknames)

.debug_funcnames
 *(.debug_funcnames)

.debug_typenames
 *(.debug_typenames)

.debug_varnames
 *(.debug_varnames)
OUTPUT(OpenCM9.04_Baram_Boot.elf elf32-littlearm)

.debug_ranges   0x00000000      0xdd0
 .debug_ranges  0x00000000       0xf8 main.o
 .debug_ranges  0x000000f8       0x38 stm32f10x_it.o
 .debug_ranges  0x00000130       0x50 usb_endp.o
 .debug_ranges  0x00000180       0x10 usb_istr.o
 .debug_ranges  0x00000190       0x78 usb_prop.o
 .debug_ranges  0x00000208       0x60 USBInit.o
 .debug_ranges  0x00000268       0xd8 lib/libstm32.a(stm32f10x_flash.o)
 .debug_ranges  0x00000340       0x38 lib/libstm32.a(stm32f10x_iwdg.o)
 .debug_ranges  0x00000378       0x90 lib/libstm32.a(stm32f10x_gpio.o)
 .debug_ranges  0x00000408       0xf8 lib/libstm32.a(stm32f10x_nvic.o)
 .debug_ranges  0x00000500      0x108 lib/libstm32.a(stm32f10x_rcc.o)
 .debug_ranges  0x00000608      0x2f8 lib/libstm32.a(stm32f10x_tim.o)
 .debug_ranges  0x00000900       0x38 lib/libstm32.a(stm32f10x_systick.o)
 .debug_ranges  0x00000938       0xe0 lib/libstm32.a(stm32f10x_usart.o)
 .debug_ranges  0x00000a18       0x10 lib/libstm32.a(stm32f10x_vector.o)
 .debug_ranges  0x00000a28       0x10 lib/libstm32.a(usb_init.o)
 .debug_ranges  0x00000a38      0x110 lib/libstm32.a(usb_core.o)
 .debug_ranges  0x00000b48       0x18 lib/libstm32.a(usb_mem.o)
 .debug_ranges  0x00000b60      0x240 lib/libstm32.a(usb_regs.o)
 .debug_ranges  0x00000da0       0x18 lib/libstm32.a(usb_sil.o)
 .debug_ranges  0x00000db8       0x18 lib/libstm32.a(usb_int.o)

Cross Reference Table

Symbol                                            File
ADC1_2_IRQHandler                                 stm32f10x_it.o
                                                  lib/libstm32.a(stm32f10x_vector.o)
ADC3_IRQHandler                                   stm32f10x_it.o
                                                  lib/libstm32.a(stm32f10x_vector.o)
BusFaultException                                 stm32f10x_it.o
                                                  lib/libstm32.a(stm32f10x_vector.o)
ByteSwap                                          lib/libstm32.a(usb_regs.o)
                                                  lib/libstm32.a(usb_core.o)
CAN_RX1_IRQHandler                                stm32f10x_it.o
                                                  lib/libstm32.a(stm32f10x_vector.o)
CAN_SCE_IRQHandler                                stm32f10x_it.o
                                                  lib/libstm32.a(stm32f10x_vector.o)
CTR_HP                                            lib/libstm32.a(usb_int.o)
CTR_LP                                            lib/libstm32.a(usb_int.o)
                                                  usb_istr.o
CheckTimeOut                                      main.o
ClearBuffer256                                    main.o
ClearDTOG_RX                                      lib/libstm32.a(usb_regs.o)
                                                  lib/libstm32.a(usb_core.o)
ClearDTOG_TX                                      lib/libstm32.a(usb_regs.o)
                                                  lib/libstm32.a(usb_core.o)
ClearEPDoubleBuff                                 lib/libstm32.a(usb_regs.o)
ClearEP_CTR_RX                                    lib/libstm32.a(usb_regs.o)
ClearEP_CTR_TX                                    lib/libstm32.a(usb_regs.o)
ClearEP_KIND                                      lib/libstm32.a(usb_regs.o)
ClearTimeOutBuffer                                main.o
                                                  usb_endp.o
Clear_Status_Out                                  lib/libstm32.a(usb_regs.o)
                                                  usb_prop.o
Config_Descriptor                                 usb_prop.o
DMA1_Channel1_IRQHandler                          stm32f10x_it.o
DMA1_Channel2_IRQHandler                          stm32f10x_it.o
DMA1_Channel3_IRQHandler                          stm32f10x_it.o
DMA1_Channel4_IRQHandler                          stm32f10x_it.o
DMA1_Channel5_IRQHandler                          stm32f10x_it.o
DMA1_Channel6_IRQHandler                          stm32f10x_it.o
DMA1_Channel7_IRQHandler                          stm32f10x_it.o
DMA2_Channel1_IRQHandler                          stm32f10x_it.o
                                                  lib/libstm32.a(stm32f10x_vector.o)
DMA2_Channel2_IRQHandler                          stm32f10x_it.o
                                                  lib/libstm32.a(stm32f10x_vector.o)
DMA2_Channel3_IRQHandler                          stm32f10x_it.o
                                                  lib/libstm32.a(stm32f10x_vector.o)
DMA2_Channel4_5_IRQHandler                        stm32f10x_it.o
                                                  lib/libstm32.a(stm32f10x_vector.o)
Data_Mul_MaxPacketSize                            lib/libstm32.a(usb_core.o)
DebugMonitor                                      stm32f10x_it.o
                                                  lib/libstm32.a(stm32f10x_vector.o)
Delay                                             main.o
                                                  USBInit.o
Device_Descriptor                                 usb_prop.o
Device_Info                                       lib/libstm32.a(usb_init.o)
                                                  usb_prop.o
Device_Property                                   usb_prop.o
                                                  lib/libstm32.a(usb_core.o)
                                                  lib/libstm32.a(usb_init.o)
                                                  usb_istr.o
Device_Table                                      usb_prop.o
                                                  lib/libstm32.a(usb_core.o)
EP1_IN_Callback                                   usb_endp.o
                                                  usb_istr.o
EP3_OUT_Callback                                  usb_endp.o
                                                  usb_istr.o
EPindex                                           lib/libstm32.a(usb_init.o)
                                                  lib/libstm32.a(usb_int.o)
EXTI0_IRQHandler                                  stm32f10x_it.o
                                                  lib/libstm32.a(stm32f10x_vector.o)
EXTI15_10_IRQHandler                              stm32f10x_it.o
                                                  lib/libstm32.a(stm32f10x_vector.o)
EXTI1_IRQHandler                                  stm32f10x_it.o
                                                  lib/libstm32.a(stm32f10x_vector.o)
EXTI2_IRQHandler                                  stm32f10x_it.o
                                                  lib/libstm32.a(stm32f10x_vector.o)
EXTI3_IRQHandler                                  stm32f10x_it.o
                                                  lib/libstm32.a(stm32f10x_vector.o)
EXTI4_IRQHandler                                  stm32f10x_it.o
                                                  lib/libstm32.a(stm32f10x_vector.o)
EXTI9_5_IRQHandler                                stm32f10x_it.o
                                                  lib/libstm32.a(stm32f10x_vector.o)
FLASH_ClearFlag                                   lib/libstm32.a(stm32f10x_flash.o)
                                                  main.o
FLASH_EnableWriteProtection                       lib/libstm32.a(stm32f10x_flash.o)
FLASH_EraseAllPages                               lib/libstm32.a(stm32f10x_flash.o)
FLASH_EraseOptionBytes                            lib/libstm32.a(stm32f10x_flash.o)
FLASH_ErasePage                                   lib/libstm32.a(stm32f10x_flash.o)
                                                  main.o
FLASH_GetFlagStatus                               lib/libstm32.a(stm32f10x_flash.o)
FLASH_GetPrefetchBufferStatus                     lib/libstm32.a(stm32f10x_flash.o)
FLASH_GetReadOutProtectionStatus                  lib/libstm32.a(stm32f10x_flash.o)
FLASH_GetStatus                                   lib/libstm32.a(stm32f10x_flash.o)
FLASH_GetUserOptionByte                           lib/libstm32.a(stm32f10x_flash.o)
FLASH_GetWriteProtectionOptionByte                lib/libstm32.a(stm32f10x_flash.o)
FLASH_HalfCycleAccessCmd                          lib/libstm32.a(stm32f10x_flash.o)
FLASH_IRQHandler                                  stm32f10x_it.o
                                                  lib/libstm32.a(stm32f10x_vector.o)
FLASH_ITConfig                                    lib/libstm32.a(stm32f10x_flash.o)
FLASH_Lock                                        lib/libstm32.a(stm32f10x_flash.o)
                                                  main.o
FLASH_PrefetchBufferCmd                           lib/libstm32.a(stm32f10x_flash.o)
                                                  main.o
FLASH_ProgramHalfWord                             lib/libstm32.a(stm32f10x_flash.o)
FLASH_ProgramOptionByteData                       lib/libstm32.a(stm32f10x_flash.o)
FLASH_ProgramWord                                 lib/libstm32.a(stm32f10x_flash.o)
                                                  usb_endp.o
FLASH_ReadOutProtection                           lib/libstm32.a(stm32f10x_flash.o)
FLASH_SetLatency                                  lib/libstm32.a(stm32f10x_flash.o)
                                                  main.o
FLASH_Unlock                                      lib/libstm32.a(stm32f10x_flash.o)
                                                  main.o
FLASH_UserOptionByteConfig                        lib/libstm32.a(stm32f10x_flash.o)
FLASH_WaitForLastOperation                        lib/libstm32.a(stm32f10x_flash.o)
FSMC_IRQHandler                                   stm32f10x_it.o
                                                  lib/libstm32.a(stm32f10x_vector.o)
FinishToSend                                      usb_endp.o
FreeUserBuffer                                    lib/libstm32.a(usb_regs.o)
GPIO_AFIODeInit                                   lib/libstm32.a(stm32f10x_gpio.o)
GPIO_Configuration                                main.o
GPIO_DeInit                                       lib/libstm32.a(stm32f10x_gpio.o)
GPIO_EXTILineConfig                               lib/libstm32.a(stm32f10x_gpio.o)
GPIO_EventOutputCmd                               lib/libstm32.a(stm32f10x_gpio.o)
GPIO_EventOutputConfig                            lib/libstm32.a(stm32f10x_gpio.o)
GPIO_Init                                         lib/libstm32.a(stm32f10x_gpio.o)
                                                  main.o
GPIO_PinLockConfig                                lib/libstm32.a(stm32f10x_gpio.o)
GPIO_PinRemapConfig                               lib/libstm32.a(stm32f10x_gpio.o)
                                                  main.o
GPIO_ReadInputData                                lib/libstm32.a(stm32f10x_gpio.o)
GPIO_ReadInputDataBit                             lib/libstm32.a(stm32f10x_gpio.o)
                                                  main.o
GPIO_ReadOutputData                               lib/libstm32.a(stm32f10x_gpio.o)
GPIO_ReadOutputDataBit                            lib/libstm32.a(stm32f10x_gpio.o)
GPIO_ResetBits                                    lib/libstm32.a(stm32f10x_gpio.o)
                                                  USBInit.o
                                                  main.o
GPIO_SetBits                                      lib/libstm32.a(stm32f10x_gpio.o)
                                                  USBInit.o
                                                  main.o
GPIO_StructInit                                   lib/libstm32.a(stm32f10x_gpio.o)
GPIO_Write                                        lib/libstm32.a(stm32f10x_gpio.o)
GPIO_WriteBit                                     lib/libstm32.a(stm32f10x_gpio.o)
GetBTABLE                                         lib/libstm32.a(usb_regs.o)
GetCNTR                                           lib/libstm32.a(usb_regs.o)
GetDADDR                                          lib/libstm32.a(usb_regs.o)
GetENDPOINT                                       lib/libstm32.a(usb_regs.o)
GetEPAddress                                      lib/libstm32.a(usb_regs.o)
GetEPDblBuf0Addr                                  lib/libstm32.a(usb_regs.o)
GetEPDblBuf0Count                                 lib/libstm32.a(usb_regs.o)
GetEPDblBuf1Addr                                  lib/libstm32.a(usb_regs.o)
GetEPDblBuf1Count                                 lib/libstm32.a(usb_regs.o)
GetEPDblBufDir                                    lib/libstm32.a(usb_regs.o)
GetEPRxAddr                                       lib/libstm32.a(usb_regs.o)
                                                  lib/libstm32.a(usb_sil.o)
                                                  lib/libstm32.a(usb_core.o)
GetEPRxCount                                      lib/libstm32.a(usb_regs.o)
                                                  lib/libstm32.a(usb_sil.o)
GetEPRxStatus                                     lib/libstm32.a(usb_regs.o)
GetEPTxAddr                                       lib/libstm32.a(usb_regs.o)
                                                  lib/libstm32.a(usb_core.o)
GetEPTxCount                                      lib/libstm32.a(usb_regs.o)
GetEPTxStatus                                     lib/libstm32.a(usb_regs.o)
GetEPType                                         lib/libstm32.a(usb_regs.o)
GetFNR                                            lib/libstm32.a(usb_regs.o)
GetISTR                                           lib/libstm32.a(usb_regs.o)
GetRxStallStatus                                  lib/libstm32.a(usb_regs.o)
GetTxStallStatus                                  lib/libstm32.a(usb_regs.o)
Get_SerialNum                                     USBInit.o
                                                  usb_prop.o
HSEStartUpStatus                                  main.o
HardFaultException                                stm32f10x_it.o
                                                  lib/libstm32.a(stm32f10x_vector.o)
I2C1_ER_IRQHandler                                stm32f10x_it.o
                                                  lib/libstm32.a(stm32f10x_vector.o)
I2C1_EV_IRQHandler                                stm32f10x_it.o
                                                  lib/libstm32.a(stm32f10x_vector.o)
I2C2_ER_IRQHandler                                stm32f10x_it.o
                                                  lib/libstm32.a(stm32f10x_vector.o)
I2C2_EV_IRQHandler                                stm32f10x_it.o
                                                  lib/libstm32.a(stm32f10x_vector.o)
IWDG_Enable                                       lib/libstm32.a(stm32f10x_iwdg.o)
IWDG_GetFlagStatus                                lib/libstm32.a(stm32f10x_iwdg.o)
IWDG_ReloadCounter                                lib/libstm32.a(stm32f10x_iwdg.o)
IWDG_SetPrescaler                                 lib/libstm32.a(stm32f10x_iwdg.o)
                                                  main.o
IWDG_SetReload                                    lib/libstm32.a(stm32f10x_iwdg.o)
                                                  main.o
IWDG_WriteAccessCmd                               lib/libstm32.a(stm32f10x_iwdg.o)
                                                  main.o
In0_Process                                       lib/libstm32.a(usb_core.o)
                                                  lib/libstm32.a(usb_int.o)
Interrupt1ms                                      main.o
                                                  stm32f10x_it.o
MemManageException                                stm32f10x_it.o
                                                  lib/libstm32.a(stm32f10x_vector.o)
NMIException                                      stm32f10x_it.o
                                                  lib/libstm32.a(stm32f10x_vector.o)
NOP_Process                                       lib/libstm32.a(usb_core.o)
                                                  usb_prop.o
                                                  usb_istr.o
NVIC_BASEPRICONFIG                                lib/libstm32.a(stm32f10x_nvic.o)
NVIC_ClearIRQChannelPendingBit                    lib/libstm32.a(stm32f10x_nvic.o)
NVIC_ClearSystemHandlerPendingBit                 lib/libstm32.a(stm32f10x_nvic.o)
NVIC_Configuration                                main.o
NVIC_DeInit                                       lib/libstm32.a(stm32f10x_nvic.o)
NVIC_GenerateCoreReset                            lib/libstm32.a(stm32f10x_nvic.o)
NVIC_GenerateSystemReset                          lib/libstm32.a(stm32f10x_nvic.o)
                                                  main.o
NVIC_GetBASEPRI                                   lib/libstm32.a(stm32f10x_nvic.o)
NVIC_GetCPUID                                     lib/libstm32.a(stm32f10x_nvic.o)
NVIC_GetCurrentActiveHandler                      lib/libstm32.a(stm32f10x_nvic.o)
NVIC_GetCurrentPendingIRQChannel                  lib/libstm32.a(stm32f10x_nvic.o)
NVIC_GetFaultAddress                              lib/libstm32.a(stm32f10x_nvic.o)
NVIC_GetFaultHandlerSources                       lib/libstm32.a(stm32f10x_nvic.o)
NVIC_GetIRQChannelActiveBitStatus                 lib/libstm32.a(stm32f10x_nvic.o)
NVIC_GetIRQChannelPendingBitStatus                lib/libstm32.a(stm32f10x_nvic.o)
NVIC_GetSystemHandlerActiveBitStatus              lib/libstm32.a(stm32f10x_nvic.o)
NVIC_GetSystemHandlerPendingBitStatus             lib/libstm32.a(stm32f10x_nvic.o)
NVIC_Init                                         lib/libstm32.a(stm32f10x_nvic.o)
                                                  main.o
NVIC_PriorityGroupConfig                          lib/libstm32.a(stm32f10x_nvic.o)
                                                  main.o
NVIC_RESETFAULTMASK                               lib/libstm32.a(stm32f10x_nvic.o)
NVIC_RESETPRIMASK                                 lib/libstm32.a(stm32f10x_nvic.o)
NVIC_SCBDeInit                                    lib/libstm32.a(stm32f10x_nvic.o)
NVIC_SETFAULTMASK                                 lib/libstm32.a(stm32f10x_nvic.o)
NVIC_SETPRIMASK                                   lib/libstm32.a(stm32f10x_nvic.o)
NVIC_SetIRQChannelPendingBit                      lib/libstm32.a(stm32f10x_nvic.o)
NVIC_SetSystemHandlerPendingBit                   lib/libstm32.a(stm32f10x_nvic.o)
NVIC_SetVectorTable                               lib/libstm32.a(stm32f10x_nvic.o)
                                                  main.o
NVIC_StructInit                                   lib/libstm32.a(stm32f10x_nvic.o)
NVIC_SystemHandlerConfig                          lib/libstm32.a(stm32f10x_nvic.o)
NVIC_SystemHandlerPriorityConfig                  lib/libstm32.a(stm32f10x_nvic.o)
NVIC_SystemLPConfig                               lib/libstm32.a(stm32f10x_nvic.o)
Out0_Process                                      lib/libstm32.a(usb_core.o)
                                                  lib/libstm32.a(usb_int.o)
PMAToUserBufferCopy                               lib/libstm32.a(usb_mem.o)
                                                  lib/libstm32.a(usb_sil.o)
                                                  lib/libstm32.a(usb_core.o)
PVD_IRQHandler                                    stm32f10x_it.o
                                                  lib/libstm32.a(stm32f10x_vector.o)
PendSVC                                           stm32f10x_it.o
                                                  lib/libstm32.a(stm32f10x_vector.o)
Post0_Process                                     lib/libstm32.a(usb_core.o)
PowerOff                                          USBInit.o
PowerOn                                           USBInit.o
                                                  usb_prop.o
RCC_ADCCLKConfig                                  lib/libstm32.a(stm32f10x_rcc.o)
RCC_AHBPeriphClockCmd                             lib/libstm32.a(stm32f10x_rcc.o)
RCC_APB1PeriphClockCmd                            lib/libstm32.a(stm32f10x_rcc.o)
                                                  main.o
RCC_APB1PeriphResetCmd                            lib/libstm32.a(stm32f10x_rcc.o)
                                                  lib/libstm32.a(stm32f10x_usart.o)
                                                  lib/libstm32.a(stm32f10x_tim.o)
RCC_APB2PeriphClockCmd                            lib/libstm32.a(stm32f10x_rcc.o)
                                                  main.o
RCC_APB2PeriphResetCmd                            lib/libstm32.a(stm32f10x_rcc.o)
                                                  lib/libstm32.a(stm32f10x_usart.o)
                                                  lib/libstm32.a(stm32f10x_tim.o)
                                                  lib/libstm32.a(stm32f10x_gpio.o)
RCC_AdjustHSICalibrationValue                     lib/libstm32.a(stm32f10x_rcc.o)
RCC_BackupResetCmd                                lib/libstm32.a(stm32f10x_rcc.o)
RCC_ClearFlag                                     lib/libstm32.a(stm32f10x_rcc.o)
                                                  main.o
RCC_ClearITPendingBit                             lib/libstm32.a(stm32f10x_rcc.o)
RCC_ClockSecuritySystemCmd                        lib/libstm32.a(stm32f10x_rcc.o)
RCC_Configuration                                 main.o
RCC_DeInit                                        lib/libstm32.a(stm32f10x_rcc.o)
                                                  main.o
RCC_GetClocksFreq                                 lib/libstm32.a(stm32f10x_rcc.o)
                                                  lib/libstm32.a(stm32f10x_usart.o)
RCC_GetFlagStatus                                 lib/libstm32.a(stm32f10x_rcc.o)
                                                  main.o
RCC_GetITStatus                                   lib/libstm32.a(stm32f10x_rcc.o)
RCC_GetSYSCLKSource                               lib/libstm32.a(stm32f10x_rcc.o)
                                                  main.o
RCC_HCLKConfig                                    lib/libstm32.a(stm32f10x_rcc.o)
                                                  main.o
RCC_HSEConfig                                     lib/libstm32.a(stm32f10x_rcc.o)
                                                  main.o
RCC_HSICmd                                        lib/libstm32.a(stm32f10x_rcc.o)
RCC_IRQHandler                                    stm32f10x_it.o
                                                  lib/libstm32.a(stm32f10x_vector.o)
RCC_ITConfig                                      lib/libstm32.a(stm32f10x_rcc.o)
RCC_LSEConfig                                     lib/libstm32.a(stm32f10x_rcc.o)
RCC_LSICmd                                        lib/libstm32.a(stm32f10x_rcc.o)
RCC_MCOConfig                                     lib/libstm32.a(stm32f10x_rcc.o)
RCC_PCLK1Config                                   lib/libstm32.a(stm32f10x_rcc.o)
                                                  main.o
RCC_PCLK2Config                                   lib/libstm32.a(stm32f10x_rcc.o)
                                                  main.o
RCC_PLLCmd                                        lib/libstm32.a(stm32f10x_rcc.o)
                                                  main.o
RCC_PLLConfig                                     lib/libstm32.a(stm32f10x_rcc.o)
                                                  main.o
RCC_RTCCLKCmd                                     lib/libstm32.a(stm32f10x_rcc.o)
RCC_RTCCLKConfig                                  lib/libstm32.a(stm32f10x_rcc.o)
RCC_SYSCLKConfig                                  lib/libstm32.a(stm32f10x_rcc.o)
                                                  main.o
RCC_USBCLKConfig                                  lib/libstm32.a(stm32f10x_rcc.o)
                                                  main.o
RCC_WaitForHSEStartUp                             lib/libstm32.a(stm32f10x_rcc.o)
                                                  main.o
RTCAlarm_IRQHandler                               stm32f10x_it.o
                                                  lib/libstm32.a(stm32f10x_vector.o)
RTC_IRQHandler                                    stm32f10x_it.o
                                                  lib/libstm32.a(stm32f10x_vector.o)
Request                                           usb_prop.o
Reset_Handler                                     lib/libstm32.a(stm32f10x_vector.o)
RxDBufferFromHost                                 main.o
SDIO_IRQHandler                                   stm32f10x_it.o
                                                  lib/libstm32.a(stm32f10x_vector.o)
SOF_Callback                                      usb_endp.o
SPI1_IRQHandler                                   stm32f10x_it.o
                                                  lib/libstm32.a(stm32f10x_vector.o)
SPI2_IRQHandler                                   stm32f10x_it.o
                                                  lib/libstm32.a(stm32f10x_vector.o)
SPI3_IRQHandler                                   stm32f10x_it.o
                                                  lib/libstm32.a(stm32f10x_vector.o)
SVCHandler                                        stm32f10x_it.o
                                                  lib/libstm32.a(stm32f10x_vector.o)
SaveRState                                        lib/libstm32.a(usb_int.o)
                                                  lib/libstm32.a(usb_core.o)
SaveState                                         lib/libstm32.a(usb_init.o)
SaveTState                                        lib/libstm32.a(usb_int.o)
                                                  lib/libstm32.a(usb_core.o)
SerialMonitor                                     main.o
SetBTABLE                                         lib/libstm32.a(usb_regs.o)
                                                  usb_prop.o
SetCNTR                                           lib/libstm32.a(usb_regs.o)
SetDADDR                                          lib/libstm32.a(usb_regs.o)
SetDeviceAddress                                  lib/libstm32.a(usb_core.o)
                                                  usb_prop.o
SetDouBleBuffEPStall                              lib/libstm32.a(usb_regs.o)
SetENDPOINT                                       lib/libstm32.a(usb_regs.o)
SetEPAddress                                      lib/libstm32.a(usb_regs.o)
SetEPCountRxReg                                   lib/libstm32.a(usb_regs.o)
SetEPDblBuf0Addr                                  lib/libstm32.a(usb_regs.o)
SetEPDblBuf0Count                                 lib/libstm32.a(usb_regs.o)
SetEPDblBuf1Addr                                  lib/libstm32.a(usb_regs.o)
SetEPDblBuf1Count                                 lib/libstm32.a(usb_regs.o)
SetEPDblBuffAddr                                  lib/libstm32.a(usb_regs.o)
SetEPDblBuffCount                                 lib/libstm32.a(usb_regs.o)
SetEPDoubleBuff                                   lib/libstm32.a(usb_regs.o)
SetEPRxAddr                                       lib/libstm32.a(usb_regs.o)
                                                  usb_prop.o
SetEPRxCount                                      lib/libstm32.a(usb_regs.o)
                                                  lib/libstm32.a(usb_core.o)
                                                  usb_prop.o
SetEPRxStatus                                     lib/libstm32.a(usb_regs.o)
                                                  usb_prop.o
SetEPRxValid                                      lib/libstm32.a(usb_regs.o)
                                                  usb_prop.o
                                                  usb_endp.o
SetEPTxAddr                                       lib/libstm32.a(usb_regs.o)
                                                  usb_prop.o
SetEPTxCount                                      lib/libstm32.a(usb_regs.o)
                                                  lib/libstm32.a(usb_core.o)
                                                  USBInit.o
SetEPTxStatus                                     lib/libstm32.a(usb_regs.o)
                                                  lib/libstm32.a(usb_core.o)
                                                  usb_prop.o
SetEPTxValid                                      lib/libstm32.a(usb_regs.o)
                                                  USBInit.o
SetEPType                                         lib/libstm32.a(usb_regs.o)
                                                  usb_prop.o
SetEP_KIND                                        lib/libstm32.a(usb_regs.o)
SetISTR                                           lib/libstm32.a(usb_regs.o)
Set_Status_Out                                    lib/libstm32.a(usb_regs.o)
Setup0_Process                                    lib/libstm32.a(usb_core.o)
                                                  lib/libstm32.a(usb_int.o)
Standard_ClearFeature                             lib/libstm32.a(usb_core.o)
Standard_GetConfiguration                         lib/libstm32.a(usb_core.o)
Standard_GetDescriptorData                        lib/libstm32.a(usb_core.o)
                                                  usb_prop.o
Standard_GetInterface                             lib/libstm32.a(usb_core.o)
Standard_GetStatus                                lib/libstm32.a(usb_core.o)
Standard_SetConfiguration                         lib/libstm32.a(usb_core.o)
Standard_SetDeviceFeature                         lib/libstm32.a(usb_core.o)
Standard_SetEndPointFeature                       lib/libstm32.a(usb_core.o)
Standard_SetInterface                             lib/libstm32.a(usb_core.o)
StatusInfo                                        lib/libstm32.a(usb_core.o)
StringCompare                                     main.o
StringCopy                                        main.o
String_Descriptor                                 usb_prop.o
SysTickHandler                                    stm32f10x_it.o
                                                  lib/libstm32.a(stm32f10x_vector.o)
SysTick_CLKSourceConfig                           lib/libstm32.a(stm32f10x_systick.o)
SysTick_CounterCmd                                lib/libstm32.a(stm32f10x_systick.o)
                                                  main.o
SysTick_GetCounter                                lib/libstm32.a(stm32f10x_systick.o)
SysTick_GetFlagStatus                             lib/libstm32.a(stm32f10x_systick.o)
SysTick_ITConfig                                  lib/libstm32.a(stm32f10x_systick.o)
                                                  main.o
SysTick_SetReload                                 lib/libstm32.a(stm32f10x_systick.o)